<html>
<body>
<pre>
<h1>礦ision Build Log</h1>
<h2>Tool Versions:</h2>
IDE-Version: μVision V5.30.0.0
Copyright (C) 2020 ARM Ltd and ARM Germany GmbH. All rights reserved.
License Information: cao pine, 广聚, LIC=WHYH9-47PK4-EVV1R-KGZEW-XDRAH-QIK8A
 
Tool Versions:
Toolchain:       MDK-ARM Plus  Version: 5.30.0.0
Toolchain Path:  C:\Keil_v5\ARM\ARMCC\Bin
C Compiler:      Armcc.exe V5.06 update 6 (build 750)
Assembler:       Armasm.exe V5.06 update 6 (build 750)
Linker/Locator:  ArmLink.exe V5.06 update 6 (build 750)
Library Manager: ArmAr.exe V5.06 update 6 (build 750)
Hex Converter:   FromElf.exe V5.06 update 6 (build 750)
CPU DLL:         SARMCM3.DLL V5.30.0.0
Dialog DLL:      DCM.DLL V1.17.3.0
Target DLL:      Segger\JL2CM3.dll V2.99.38.0
Dialog DLL:      TCM.DLL V1.42.0.0
 
<h2>Project:</h2>
c:\Users\pine\Desktop\实验59 USB U盘(Host)实验\USER\USB.uvprojx
Project File Date:  12/17/2020

<h2>Output:</h2>
*** Using Compiler 'V5.06 update 6 (build 750)', folder: 'C:\Keil_v5\ARM\ARMCC\Bin'
Build target 'USB'
compiling main.c...
main.c(267): warning:  #177-D: variable "j"  was declared but never referenced
  	u8 i,j;
main.c(360): warning:  #550-D: variable "j"  was set but never used
  	u16 i,j;
main.c: 2 warnings, 0 errors
compiling dwin.c...
..\HARDWARE\Dwin\dwin.c(829): warning:  #177-D: variable "temp"  was declared but never referenced
  	u8 temp;
..\HARDWARE\Dwin\dwin.c(1028): warning:  #1-D: last line of file ends without a newline
   
..\HARDWARE\Dwin\dwin.c: 2 warnings, 0 errors
linking...
Program Size: Code=62580 RO-data=1912 RW-data=820 ZI-data=333468  
FromELF: creating hex file...
"..\OBJ\Template.axf" - 0 Error(s), 4 Warning(s).

<h2>Software Packages used:</h2>

Package Vendor: Keil
                http://www.keil.com/pack/Keil.STM32H7xx_DFP.2.2.0.pack
                Keil.STM32H7xx_DFP.2.2.0
                STMicroelectronics STM32H7 Series Device Support and Examples

<h2>Collection of Component include folders:</h2>
  .\RTE\_USB
  C:\Keil_v5\ARM\PACK\Keil\STM32H7xx_DFP\2.2.0\Drivers\CMSIS\Device\ST\STM32H7xx\Include

<h2>Collection of Component Files used:</h2>
Build Time Elapsed:  00:00:04
</pre>
</body>
</html>
