Component: ARM Compiler 5.06 update 6 (build 750) Tool: armlink [4d35ed]

==============================================================================

Section Cross References

    main.o(i.CreateSineVal) refers to sin.o(i.__hardfp_sin) for __hardfp_sin
    main.o(i.CreateSineVal) refers to main.o(.bss) for .bss
    main.o(i.changepage_task) refers to queue.o(i.xQueueGenericReceive) for xQueueGenericReceive
    main.o(i.changepage_task) refers to dwin.o(i.Dwin_RxDeal) for Dwin_RxDeal
    main.o(i.changepage_task) refers to event_groups.o(i.xEventGroupClearBits) for xEventGroupClearBits
    main.o(i.changepage_task) refers to dwin.o(i.Dwin_CaculatePage) for Dwin_CaculatePage
    main.o(i.changepage_task) refers to dwin.o(i.ClearCurse) for ClearCurse
    main.o(i.changepage_task) refers to dwin.o(i.Dwin_CmdCreate) for Dwin_CmdCreate
    main.o(i.changepage_task) refers to rs232.o(i.RS232_Send_Data) for RS232_Send_Data
    main.o(i.changepage_task) refers to event_groups.o(i.xEventGroupSetBits) for xEventGroupSetBits
    main.o(i.changepage_task) refers to dwin.o(i.Dwin_DataManager) for Dwin_DataManager
    main.o(i.changepage_task) refers to tasks.o(i.vTaskDelay) for vTaskDelay
    main.o(i.changepage_task) refers to main.o(.data) for .data
    main.o(i.changepage_task) refers to dwin.o(.data) for ucPageType
    main.o(i.changepage_task) refers to dwin.o(.bss) for ucData
    main.o(i.changepage_task) refers to rs232.o(.data) for RS232_BinarySemaphore
    main.o(i.debugProcess_task) refers to usbh_core.o(i.USBH_Process) for USBH_Process
    main.o(i.debugProcess_task) refers to tasks.o(i.vTaskDelay) for vTaskDelay
    main.o(i.debugProcess_task) refers to notepad.o(.bss) for hUSBHost
    main.o(i.main) refers to sys.o(i.Cache_Enable) for Cache_Enable
    main.o(i.main) refers to mpu.o(i.MPU_Memory_Protection) for MPU_Memory_Protection
    main.o(i.main) refers to stm32h7xx_hal.o(i.HAL_Init) for HAL_Init
    main.o(i.main) refers to sys.o(i.Stm32_Clock_Init) for Stm32_Clock_Init
    main.o(i.main) refers to delay.o(i.delay_init) for delay_init
    main.o(i.main) refers to usart.o(i.uart_init) for uart_init
    main.o(i.main) refers to rs232.o(i.RS232_Init) for RS232_Init
    main.o(i.main) refers to rs485.o(i.RS485_Init) for RS485_Init
    main.o(i.main) refers to led.o(i.LED_Init) for LED_Init
    main.o(i.main) refers to sdram.o(i.SDRAM_Init) for SDRAM_Init
    main.o(i.main) refers to rtc.o(i.RTC_Init) for RTC_Init
    main.o(i.main) refers to rng.o(i.RNG_Init) for RNG_Init
    main.o(i.main) refers to w25qxx.o(i.W25QXX_Init) for W25QXX_Init
    main.o(i.main) refers to malloc.o(i.my_mem_init) for my_mem_init
    main.o(i.main) refers to exfuns.o(i.exfuns_init) for exfuns_init
    main.o(i.main) refers to ff.o(i.f_mount) for f_mount
    main.o(i.main) refers to notepad.o(i.USB_USER_Init) for USB_USER_Init
    main.o(i.main) refers to 24cxx.o(i.AT24CXX_ReadOneByte) for AT24CXX_ReadOneByte
    main.o(i.main) refers to tasks.o(i.xTaskCreate) for xTaskCreate
    main.o(i.main) refers to tasks.o(i.vTaskStartScheduler) for vTaskStartScheduler
    main.o(i.main) refers to exfuns.o(.bss) for fs
    main.o(i.main) refers to dwin.o(.data) for ucEventNo
    main.o(i.main) refers to main.o(.data) for .data
    main.o(i.main) refers to main.o(i.start_task) for start_task
    main.o(i.pagedataProcess_task) refers to event_groups.o(i.xEventGroupClearBits) for xEventGroupClearBits
    main.o(i.pagedataProcess_task) refers to rng.o(i.RNG_Get_RandomRange) for RNG_Get_RandomRange
    main.o(i.pagedataProcess_task) refers to dwin.o(i.Dwin_CmdCreate) for Dwin_CmdCreate
    main.o(i.pagedataProcess_task) refers to rs232.o(i.RS232_Send_Data) for RS232_Send_Data
    main.o(i.pagedataProcess_task) refers to main.o(i.CreateSineVal) for CreateSineVal
    main.o(i.pagedataProcess_task) refers to dwin.o(i.Dwin_DrawRealTimeCurse) for Dwin_DrawRealTimeCurse
    main.o(i.pagedataProcess_task) refers to dwin.o(i.Dwin_FaultEventDisplay) for Dwin_FaultEventDisplay
    main.o(i.pagedataProcess_task) refers to tasks.o(i.vTaskDelay) for vTaskDelay
    main.o(i.pagedataProcess_task) refers to dwin.o(i.Dwin_Page5_Display) for Dwin_Page5_Display
    main.o(i.pagedataProcess_task) refers to malloc.o(i.mymalloc) for mymalloc
    main.o(i.pagedataProcess_task) refers to dwin.o(i.Dwin_FlashDataRead) for Dwin_FlashDataRead
    main.o(i.pagedataProcess_task) refers to notepad.o(i.Hex2Ascii) for Hex2Ascii
    main.o(i.pagedataProcess_task) refers to notepad.o(i.noteWrite) for noteWrite
    main.o(i.pagedataProcess_task) refers to stm32h7xx_hal_gpio.o(i.HAL_GPIO_TogglePin) for HAL_GPIO_TogglePin
    main.o(i.pagedataProcess_task) refers to dwin.o(i.Dwin_Page6_Display) for Dwin_Page6_Display
    main.o(i.pagedataProcess_task) refers to dwin.o(.data) for usAddress
    main.o(i.pagedataProcess_task) refers to main.o(.data) for .data
[...]
    vTaskPriorityInherit                     0x0800e5fd   Thumb Code   128  tasks.o(i.vTaskPriorityInherit)
    vTaskSetTimeOutState                     0x0800e685   Thumb Code    30  tasks.o(i.vTaskSetTimeOutState)
    vTaskStartScheduler                      0x0800e6cd   Thumb Code   104  tasks.o(i.vTaskStartScheduler)
    vTaskSuspendAll                          0x0800e769   Thumb Code    10  tasks.o(i.vTaskSuspendAll)
    vTaskSwitchContext                       0x0800e779   Thumb Code    80  tasks.o(i.vTaskSwitchContext)
    xEventGroupClearBits                     0x0800e829   Thumb Code    56  event_groups.o(i.xEventGroupClearBits)
    xEventGroupCreate                        0x0800e88d   Thumb Code    26  event_groups.o(i.xEventGroupCreate)
    xEventGroupSetBits                       0x0800e8a9   Thumb Code   136  event_groups.o(i.xEventGroupSetBits)
    xPortStartScheduler                      0x0800e95d   Thumb Code   144  port.o(i.xPortStartScheduler)
    xPortSysTickHandler                      0x0800ea3d   Thumb Code    42  port.o(i.xPortSysTickHandler)
    xQueueGenericCreate                      0x0800ea6d   Thumb Code    82  queue.o(i.xQueueGenericCreate)
    xQueueGenericReceive                     0x0800eae5   Thumb Code   352  queue.o(i.xQueueGenericReceive)
    xQueueGenericReset                       0x0800ec6d   Thumb Code   140  queue.o(i.xQueueGenericReset)
    xQueueGenericSend                        0x0800ed21   Thumb Code   344  queue.o(i.xQueueGenericSend)
    xQueueGenericSendFromISR                 0x0800eea1   Thumb Code   194  queue.o(i.xQueueGenericSendFromISR)
    xQueueGiveFromISR                        0x0800ef89   Thumb Code   166  queue.o(i.xQueueGiveFromISR)
    xTaskCheckForTimeOut                     0x0800f055   Thumb Code    94  tasks.o(i.xTaskCheckForTimeOut)
    xTaskCreate                              0x0800f0dd   Thumb Code    86  tasks.o(i.xTaskCreate)
    xTaskGetSchedulerState                   0x0800f135   Thumb Code    22  tasks.o(i.xTaskGetSchedulerState)
    xTaskGetTickCount                        0x0800f151   Thumb Code     6  tasks.o(i.xTaskGetTickCount)
    xTaskIncrementTick                       0x0800f15d   Thumb Code   188  tasks.o(i.xTaskIncrementTick)
    xTaskPriorityDisinherit                  0x0800f245   Thumb Code   140  tasks.o(i.xTaskPriorityDisinherit)
    xTaskRemoveFromEventList                 0x0800f2fd   Thumb Code   102  tasks.o(i.xTaskRemoveFromEventList)
    xTaskRemoveFromUnorderedEventList        0x0800f395   Thumb Code   112  tasks.o(i.xTaskRemoveFromUnorderedEventList)
    xTaskResumeAll                           0x0800f431   Thumb Code   184  tasks.o(i.xTaskResumeAll)
    xTimerCreate                             0x0800f519   Thumb Code    74  timers.o(i.xTimerCreate)
    xTimerCreateTimerTask                    0x0800f58d   Thumb Code    58  timers.o(i.xTimerCreateTimerTask)
    xTimerGenericCommand                     0x0800f601   Thumb Code    98  timers.o(i.xTimerGenericCommand)
    _fp_init                                 0x0800f703   Thumb Code    10  fpinit.o(x$fpl$fpinit)
    __fplib_config_fpu_vfp                   0x0800f70b   Thumb Code     0  fpinit.o(x$fpl$fpinit)
    __fplib_config_pureend_doubles           0x0800f70b   Thumb Code     0  fpinit.o(x$fpl$fpinit)
    D1CorePrescTable                         0x0800f70c   Data          16  system_stm32h7xx.o(.constdata)
    __I$use$fp                               0x0800f70c   Number         0  usenofp.o(x$fpl$usenofp)
    ucDwin_Cycle_Text                        0x0800f73c   Data          20  dwin.o(.constdata)
    ucDwinPage                               0x0800f750   Data          25  dwin.o(.constdata)
    memtblsize                               0x0800f76c   Data           8  malloc.o(.constdata)
    memblksize                               0x0800f774   Data           8  malloc.o(.constdata)
    memsize                                  0x0800f77c   Data           8  malloc.o(.constdata)
    Region$$Table$$Base                      0x0800fbcc   Number         0  anon$$obj.o(Region$$Table)
    Region$$Table$$Limit                     0x0800fbec   Number         0  anon$$obj.o(Region$$Table)
    mem2base                                 0x20000000   Data       61440  malloc.o(.ARM.__AT_0x20000000)
    mem2mapbase                              0x2000f000   Data        3840  malloc.o(.ARM.__AT_0x2000F000)
    sinbuf                                   0x24000000   Data           4  main.o(.data)
    StartTask_Handler                        0x24000004   Data           4  main.o(.data)
    ChangePageTask_Handler                   0x24000008   Data           4  main.o(.data)
    PageDataProcess_Handler                  0x2400000c   Data           4  main.o(.data)
    DebugProcess_Handler                     0x24000010   Data           4  main.o(.data)
    Usart1Process_Handler                    0x24000014   Data           4  main.o(.data)
    Dwin_EventGroupHandler                   0x24000018   Data           4  main.o(.data)
    SystemCoreClock                          0x2400001c   Data           4  system_stm32h7xx.o(.data)
    SystemD2Clock                            0x24000020   Data           4  system_stm32h7xx.o(.data)
    USART_RX_CNT                             0x2400002c   Data           2  usart.o(.data)
    ucDebug_RX_CNT                           0x2400002e   Data           2  usart.o(.data)
    DEBUG_BinarySemaphore                    0x24000030   Data           4  usart.o(.data)
    __stdout                                 0x24000034   Data           4  usart.o(.data)
    W25QXX_QPI_MODE                          0x24000044   Data           1  w25qxx.o(.data)
    W25QXX_TYPE                              0x24000046   Data           2  w25qxx.o(.data)
    RTC_DateStruct                           0x24000048   Data           4  rtc.o(.data)
    ucPageNo                                 0x2400004c   Data           1  dwin.o(.data)
    ucPageType                               0x2400004d   Data           1  dwin.o(.data)
    ucAcquireNo                              0x2400004e   Data           1  dwin.o(.data)
    ucAcquirePage                            0x2400004f   Data           1  dwin.o(.data)
    ucZoomInNo                               0x24000050   Data           1  dwin.o(.data)
    ucFaultRecordingNo                       0x24000051   Data           1  dwin.o(.data)
    ucFaultPageNo                            0x24000052   Data           1  dwin.o(.data)
    ucEventNo                                0x24000054   Data           1  dwin.o(.data)
    ucEventNoDiv                             0x24000055   Data           1  dwin.o(.data)
    ucEventNoRem                             0x24000056   Data           1  dwin.o(.data)
    usAddress                                0x24000058   Data           2  dwin.o(.data)
    usFaultFlashOffset                       0x2400005a   Data           2  dwin.o(.data)
    auchCRCHi                                0x2400005c   Data         256  dwin.o(.data)
    auchCRCLo                                0x2400015c   Data         256  dwin.o(.data)
    RS232_RX_CNT                             0x2400025c   Data           1  rs232.o(.data)
    ucDwin_RX_Cnt                            0x2400025d   Data           1  rs232.o(.data)
    RS232_BinarySemaphore                    0x24000260   Data           4  rs232.o(.data)
    RS485_RX_CNT                             0x24000264   Data           1  rs485.o(.data)
    ucDAQ_RX_Cnt                             0x24000265   Data           1  rs485.o(.data)
    RS485_BinarySemaphore                    0x24000268   Data           4  rs485.o(.data)
    mallco_dev                               0x2400026c   Data          28  malloc.o(.data)
    file                                     0x24000288   Data           4  exfuns.o(.data)
    ftemp                                    0x2400028c   Data           4  exfuns.o(.data)
    fatbuf                                   0x24000290   Data           4  exfuns.o(.data)
    USBH_msc                                 0x24000298   Data          32  usbh_msc.o(.data)
    FreeRTOSRunTimeTicks                     0x240002b8   Data           8  timer.o(.data)
    pxCurrentTCB                             0x240002c0   Data           4  tasks.o(.data)
    SinBuf                                   0x24000334   Data          60  main.o(.bss)
    USART_RX_BUF                             0x24000370   Data        6064  usart.o(.bss)
    ucDebug_RX_BUF                           0x24001b20   Data        6064  usart.o(.bss)
    USART_DEBUGHandler                       0x240032d0   Data         128  usart.o(.bss)
    DEBUGTxDMA_Handler                       0x24003350   Data         120  usart.o(.bss)
    DEBUGRxDMA_Handler                       0x240033c8   Data         120  usart.o(.bss)
    SDRAM_Handler                            0x24003440   Data          52  sdram.o(.bss)
    W25QXX_BUFFER                            0x24003474   Data        4096  w25qxx.o(.bss)
    QSPI_Handler                             0x24004474   Data          76  qspi.o(.bss)
    hUSBHost                                 0x240044c0   Data         712  notepad.o(.bss)
    RTC_Handler                              0x24004788   Data          36  rtc.o(.bss)
    RTC_TimeStruct                           0x240047ac   Data          20  rtc.o(.bss)
    ucData                                   0x240047c0   Data          28  dwin.o(.bss)
    ucDwin_Cmd                               0x240047dc   Data         100  dwin.o(.bss)
    Dwin_FaultData                           0x24004840   Data          32  dwin.o(.bss)
    s_CurseData                              0x24004860   Data          80  dwin.o(.bss)
    USART_RS232Handler                       0x240048b0   Data         128  rs232.o(.bss)
    RS232TxDMA_Handler                       0x24004930   Data         120  rs232.o(.bss)
    RS232RxDMA_Handler                       0x240049a8   Data         120  rs232.o(.bss)
    RS232_RX_BUF                             0x24004a20   Data          24  rs232.o(.bss)
    ucRS232_Buf                              0x24004a38   Data          12  rs232.o(.bss)
    RNG_Handler                              0x24004a44   Data          16  rng.o(.bss)
    USART_RS485Handler                       0x24004a54   Data         128  rs485.o(.bss)
    RS485TxDMA_Handler                       0x24004ad4   Data         120  rs485.o(.bss)
    RS485RxDMA_Handler                       0x24004b4c   Data         120  rs485.o(.bss)
    RS485_RX_BUF                             0x24004bc4   Data          64  rs485.o(.bss)
    ucRS485_Buf                              0x24004c04   Data         200  rs485.o(.bss)
    mem1base                                 0x24004d00   Data       184320  malloc.o(.bss)
    mem1mapbase                              0x24031d00   Data       11520  malloc.o(.bss)
    fs                                       0x24034a00   Data          16  exfuns.o(.bss)
    ftinfo                                   0x24034a20   Data          41  fontupd.o(.bss)
    TIM3_Handler                             0x24034a4c   Data          64  timer.o(.bss)
    hhcd                                     0x24034a8c   Data         664  usbh_conf.o(.bss)
    xQueueRegistry                           0x24034d24   Data          64  queue.o(.bss)
    __libspace_start                         0x24040870   Data          96  libspace.o(.bss)
    __temporary_stack_top$libspace           0x240408d0   Data           0  libspace.o(.bss)



==============================================================================

Memory Map of the image

  Image Entry point : 0x08000299

  Load Region LR_IROM1 (Base: 0x08000000, Size: 0x0000ff20, Max: 0x00200000, ABSOLUTE, COMPRESSED[0x0000fd5c])

    Execution Region ER_IROM1 (Exec base: 0x08000000, Load base: 0x08000000, Size: 0x0000fbec, Max: 0x00200000, ABSOLUTE)

    Exec Addr    Load Addr    Size         Type   Attr      Idx    E Section Name        Object

    0x08000000   0x08000000   0x00000298   Data   RO          716    RESET               startup_stm32h743xx.o
    0x08000298   0x08000298   0x00000008   Code   RO         9987  * !!!main             c_w.l(__main.o)
    0x080002a0   0x080002a0   0x00000034   Code   RO        10229    !!!scatter          c_w.l(__scatter.o)
    0x080002d4   0x080002d4   0x0000005a   Code   RO        10227    !!dczerorl2         c_w.l(__dczerorl2.o)
    0x0800032e   0x0800032e   0x00000002   PAD
    0x08000330   0x08000330   0x0000001c   Code   RO        10231    !!handler_zi        c_w.l(__scatter_zi.o)
    0x0800034c   0x0800034c   0x00000000   Code   RO         9966    .ARM.Collect$$_printf_percent$$00000000  c_w.l(_printf_percent.o)
    0x0800034c   0x0800034c   0x00000006   Code   RO         9964    .ARM.Collect$$_printf_percent$$00000009  c_w.l(_printf_d.o)
    0x08000352   0x08000352   0x00000006   Code   RO         9963    .ARM.Collect$$_printf_percent$$00000014  c_w.l(_printf_s.o)
    0x08000358   0x08000358   0x00000004   Code   RO        10018    .ARM.Collect$$_printf_percent$$00000017  c_w.l(_printf_percent_end.o)
    0x0800035c   0x0800035c   0x00000002   Code   RO        10102    .ARM.Collect$$libinit$$00000000  c_w.l(libinit.o)
    0x0800035e   0x0800035e   0x00000004   Code   RO        10111    .ARM.Collect$$libinit$$00000001  c_w.l(libinit2.o)
    0x08000362   0x08000362   0x00000000   Code   RO        10114    .ARM.Collect$$libinit$$00000004  c_w.l(libinit2.o)
    0x08000362   0x08000362   0x00000000   Code   RO        10117    .ARM.Collect$$libinit$$0000000A  c_w.l(libinit2.o)
    0x08000362   0x08000362   0x00000000   Code   RO        10119    .ARM.Collect$$libinit$$0000000C  c_w.l(libinit2.o)
    0x08000362   0x08000362   0x00000000   Code   RO        10121    .ARM.Collect$$libinit$$0000000E  c_w.l(libinit2.o)
    0x08000362   0x08000362   0x00000000   Code   RO        10124    .ARM.Collect$$libinit$$00000011  c_w.l(libinit2.o)
    0x08000362   0x08000362   0x00000000   Code   RO        10126    .ARM.Collect$$libinit$$00000013  c_w.l(libinit2.o)
    0x08000362   0x08000362   0x00000000   Code   RO        10128    .ARM.Collect$$libinit$$00000015  c_w.l(libinit2.o)
    0x08000362   0x08000362   0x00000000   Code   RO        10130    .ARM.Collect$$libinit$$00000017  c_w.l(libinit2.o)
    0x08000362   0x08000362   0x00000000   Code   RO        10132    .ARM.Collect$$libinit$$00000019  c_w.l(libinit2.o)
    0x08000362   0x08000362   0x00000000   Code   RO        10134    .ARM.Collect$$libinit$$0000001B  c_w.l(libinit2.o)
    0x08000362   0x08000362   0x00000000   Code   RO        10136    .ARM.Collect$$libinit$$0000001D  c_w.l(libinit2.o)
    0x08000362   0x08000362   0x00000000   Code   RO        10138    .ARM.Collect$$libinit$$0000001F  c_w.l(libinit2.o)
    0x08000362   0x08000362   0x00000000   Code   RO        10140    .ARM.Collect$$libinit$$00000021  c_w.l(libinit2.o)
    0x08000362   0x08000362   0x00000000   Code   RO        10142    .ARM.Collect$$libinit$$00000023  c_w.l(libinit2.o)
    0x08000362   0x08000362   0x00000000   Code   RO        10144    .ARM.Collect$$libinit$$00000025  c_w.l(libinit2.o)
    0x08000362   0x08000362   0x00000000   Code   RO        10148    .ARM.Collect$$libinit$$0000002C  c_w.l(libinit2.o)
    0x08000362   0x08000362   0x00000000   Code   RO        10150    .ARM.Collect$$libinit$$0000002E  c_w.l(libinit2.o)
    0x08000362   0x08000362   0x00000000   Code   RO        10152    .ARM.Collect$$libinit$$00000030  c_w.l(libinit2.o)
    0x08000362   0x08000362   0x00000000   Code   RO        10154    .ARM.Collect$$libinit$$00000032  c_w.l(libinit2.o)
    0x08000362   0x08000362   0x00000002   Code   RO        10155    .ARM.Collect$$libinit$$00000033  c_w.l(libinit2.o)
    0x08000364   0x08000364   0x00000002   Code   RO        10181    .ARM.Collect$$libshutdown$$00000000  c_w.l(libshutdown.o)
    0x08000366   0x08000366   0x00000000   Code   RO        10210    .ARM.Collect$$libshutdown$$00000002  c_w.l(libshutdown2.o)
    0x08000366   0x08000366   0x00000000   Code   RO        10212    .ARM.Collect$$libshutdown$$00000004  c_w.l(libshutdown2.o)
    0x08000366   0x08000366   0x00000000   Code   RO        10215    .ARM.Collect$$libshutdown$$00000007  c_w.l(libshutdown2.o)
    0x08000366   0x08000366   0x00000000   Code   RO        10218    .ARM.Collect$$libshutdown$$0000000A  c_w.l(libshutdown2.o)
    0x08000366   0x08000366   0x00000000   Code   RO        10220    .ARM.Collect$$libshutdown$$0000000C  c_w.l(libshutdown2.o)
    0x08000366   0x08000366   0x00000000   Code   RO        10223    .ARM.Collect$$libshutdown$$0000000F  c_w.l(libshutdown2.o)
    0x08000366   0x08000366   0x00000002   Code   RO        10224    .ARM.Collect$$libshutdown$$00000010  c_w.l(libshutdown2.o)
    0x08000368   0x08000368   0x00000000   Code   RO        10001    .ARM.Collect$$rtentry$$00000000  c_w.l(__rtentry.o)
    0x08000368   0x08000368   0x00000000   Code   RO        10049    .ARM.Collect$$rtentry$$00000002  c_w.l(__rtentry2.o)
    0x08000368   0x08000368   0x00000006   Code   RO        10061    .ARM.Collect$$rtentry$$00000004  c_w.l(__rtentry4.o)
    0x0800036e   0x0800036e   0x00000000   Code   RO        10051    .ARM.Collect$$rtentry$$00000009  c_w.l(__rtentry2.o)
    0x0800036e   0x0800036e   0x00000004   Code   RO        10052    .ARM.Collect$$rtentry$$0000000A  c_w.l(__rtentry2.o)
    0x08000372   0x08000372   0x00000000   Code   RO        10054    .ARM.Collect$$rtentry$$0000000C  c_w.l(__rtentry2.o)
    0x08000372   0x08000372   0x00000008   Code   RO        10055    .ARM.Collect$$rtentry$$0000000D  c_w.l(__rtentry2.o)
    0x0800037a   0x0800037a   0x00000002   Code   RO        10103    .ARM.Collect$$rtexit$$00000000  c_w.l(rtexit.o)
    0x0800037c   0x0800037c   0x00000000   Code   RO        10157    .ARM.Collect$$rtexit$$00000002  c_w.l(rtexit2.o)
    0x0800037c   0x0800037c   0x00000004   Code   RO        10158    .ARM.Collect$$rtexit$$00000003  c_w.l(rtexit2.o)
    0x08000380   0x08000380   0x00000006   Code   RO        10159    .ARM.Collect$$rtexit$$00000004  c_w.l(rtexit2.o)
    0x08000386   0x08000386   0x00000002   PAD
    0x08000388   0x08000388   0x000000ba   Code   RO         9775    .emb_text           port.o
    0x08000442   0x08000442   0x00000002   PAD
    0x08000444   0x08000444   0x00000040   Code   RO          717    .text               startup_stm32h743xx.o
    0x08000484   0x08000484   0x000000ee   Code   RO         9924    .text               c_w.l(lludivv7m.o)
    0x08000572   0x08000572   0x00000002   PAD
    0x08000574   0x08000574   0x00000018   Code   RO         9930    .text               c_w.l(noretval__2printf.o)
    0x0800058c   0x0800058c   0x00000028   Code   RO         9932    .text               c_w.l(noretval__2sprintf.o)
    0x080005b4   0x080005b4   0x0000004e   Code   RO         9936    .text               c_w.l(_printf_pad.o)
    0x08000602   0x08000602   0x00000052   Code   RO         9938    .text               c_w.l(_printf_str.o)
    0x08000654   0x08000654   0x00000078   Code   RO         9940    .text               c_w.l(_printf_dec.o)
    0x080006cc   0x080006cc   0x00000138   Code   RO         9954    .text               c_w.l(__printf_flags_wp.o)
    0x08000804   0x08000804   0x0000008a   Code   RO         9973    .text               c_w.l(rt_memcpy_v6.o)
    0x0800088e   0x0800088e   0x00000064   Code   RO         9975    .text               c_w.l(rt_memcpy_w.o)
    0x080008f2   0x080008f2   0x00000010   Code   RO         9977    .text               c_w.l(aeabi_memset.o)
    0x08000902   0x08000902   0x00000044   Code   RO         9979    .text               c_w.l(rt_memclr.o)
    0x08000946   0x08000946   0x0000004e   Code   RO         9981    .text               c_w.l(rt_memclr_w.o)
    0x08000994   0x08000994   0x00000006   Code   RO         9985    .text               c_w.l(heapauxi.o)
    0x0800099a   0x0800099a   0x00000016   Code   RO        10006    .text               c_w.l(_rserrno.o)
    0x080009b0   0x080009b0   0x000000b2   Code   RO        10008    .text               c_w.l(_printf_intcommon.o)
    0x08000a62   0x08000a62   0x00000002   PAD
    0x08000a64   0x08000a64   0x00000030   Code   RO        10010    .text               c_w.l(_printf_char_common.o)
    0x08000a94   0x08000a94   0x0000000a   Code   RO        10012    .text               c_w.l(_sputc.o)
    0x08000a9e   0x08000a9e   0x0000002c   Code   RO        10014    .text               c_w.l(_printf_char.o)
    0x08000aca   0x08000aca   0x00000002   PAD
    0x08000acc   0x08000acc   0x00000024   Code   RO        10016    .text               c_w.l(_printf_char_file.o)
    0x08000af0   0x08000af0   0x00000008   Code   RO        10068    .text               c_w.l(rt_errno_addr_intlibspace.o)
    0x08000af8   0x08000af8   0x00000008   Code   RO        10072    .text               c_w.l(ferror.o)
    0x08000b00   0x08000b00   0x00000008   Code   RO        10086    .text               c_w.l(libspace.o)
    0x08000b08   0x08000b08   0x0000004a   Code   RO        10089    .text               c_w.l(sys_stackheap_outer.o)
    0x08000b52   0x08000b52   0x00000012   Code   RO        10091    .text               c_w.l(exit.o)
    0x08000b64   0x08000b64   0x00000042   Code   RO         7203    i.AT24CXX_ReadOneByte  24cxx.o
    0x08000ba6   0x08000ba6   0x0000003e   Code   RO         7206    i.AT24CXX_WriteOneByte  24cxx.o
    0x08000be4   0x08000be4   0x00000002   Code   RO          395    i.BusFault_Handler  stm32h7xx_it.o
    0x08000be6   0x08000be6   0x00000002   PAD
    0x08000be8   0x08000be8   0x00000088   Code   RO          809    i.Cache_Enable      sys.o
    0x08000c70   0x08000c70   0x00000044   Code   RO         6870    i.ClearCurse        dwin.o
    0x08000cb4   0x08000cb4   0x00000014   Code   RO         8591    i.ConfigureTimeForRunTimeStats  timer.o
    0x08000cc8   0x08000cc8   0x000002c8   Code   RO            4    i.CreateSineVal     main.o
    0x08000f90   0x08000f90   0x0000000c   Code   RO         7138    i.DMA1_Stream4_IRQHandler  rs485.o
    0x08000f9c   0x08000f9c   0x0000000c   Code   RO         7139    i.DMA1_Stream5_IRQHandler  rs485.o
    0x08000fa8   0x08000fa8   0x0000000c   Code   RO          860    i.DMA2_Stream4_IRQHandler  usart.o
    0x08000fb4   0x08000fb4   0x0000000c   Code   RO          861    i.DMA2_Stream5_IRQHandler  usart.o
    0x08000fc0   0x08000fc0   0x0000000c   Code   RO         7019    i.DMA2_Stream6_IRQHandler  rs232.o
    0x08000fcc   0x08000fcc   0x0000000c   Code   RO         7020    i.DMA2_Stream7_IRQHandler  rs232.o
    0x08000fd8   0x08000fd8   0x00000028   Code   RO         1392    i.DMA_CalcBaseAndBitshift  stm32h7xx_hal_dma.o
    0x08001000   0x08001000   0x0000005c   Code   RO         1393    i.DMA_CalcDMAMUXChannelBaseAndMask  stm32h7xx_hal_dma.o
    0x0800105c   0x0800105c   0x00000040   Code   RO         1394    i.DMA_CalcDMAMUXRequestGenBaseAndMask  stm32h7xx_hal_dma.o
    0x0800109c   0x0800109c   0x00000054   Code   RO         1395    i.DMA_CheckFifoParam  stm32h7xx_hal_dma.o
    0x080010f0   0x080010f0   0x00000078   Code   RO         1396    i.DMA_SetConfig     stm32h7xx_hal_dma.o
    0x08001168   0x08001168   0x00000046   Code   RO         8272    i.DeInitStateMachine  usbh_core.o
    0x080011ae   0x080011ae   0x00000002   Code   RO          396    i.DebugMon_Handler  stm32h7xx_it.o
    0x080011b0   0x080011b0   0x00000034   Code   RO         6871    i.DwinGet_CRC16     dwin.o
    0x080011e4   0x080011e4   0x00000030   Code   RO         6872    i.Dwin_CaculatePage  dwin.o
    0x08001214   0x08001214   0x00000060   Code   RO         6874    i.Dwin_CmdCreate    dwin.o
    0x08001274   0x08001274   0x00000288   Code   RO         6875    i.Dwin_Curse        dwin.o
    0x080014fc   0x080014fc   0x00000154   Code   RO         6877    i.Dwin_DataManager  dwin.o
    0x08001650   0x08001650   0x000000fc   Code   RO         6878    i.Dwin_DrawEventCurse  dwin.o
    0x0800174c   0x0800174c   0x000000c8   Code   RO         6880    i.Dwin_DrawRealTimeCurse  dwin.o
    0x08001814   0x08001814   0x00000264   Code   RO         6881    i.Dwin_FaultEventDisplay  dwin.o
    0x08001a78   0x08001a78   0x00000090   Code   RO         6883    i.Dwin_FlashDataRead  dwin.o
    0x08001b08   0x08001b08   0x0000009c   Code   RO         6884    i.Dwin_FlashDataSave  dwin.o
    0x08001ba4   0x08001ba4   0x0000007c   Code   RO         6885    i.Dwin_Page5_Display  dwin.o
    0x08001c20   0x08001c20   0x000000ec   Code   RO         6886    i.Dwin_Page6_Display  dwin.o
    0x08001d0c   0x08001d0c   0x0000018c   Code   RO         6889    i.Dwin_RxDeal       dwin.o
    0x08001e98   0x08001e98   0x0000005e   Code   RO         3618    i.FMC_SDRAM_Init    stm32h7xx_ll_fmc.o
    0x08001ef6   0x08001ef6   0x0000000c   Code   RO         3619    i.FMC_SDRAM_ProgramRefreshRate  stm32h7xx_ll_fmc.o
    0x08001f02   0x08001f02   0x00000020   Code   RO         3620    i.FMC_SDRAM_SendCommand  stm32h7xx_ll_fmc.o
    0x08001f22   0x08001f22   0x00000002   PAD
    0x08001f24   0x08001f24   0x0000008c   Code   RO         3622    i.FMC_SDRAM_Timing_Init  stm32h7xx_ll_fmc.o
    0x08001fb0   0x08001fb0   0x000000e4   Code   RO         1397    i.HAL_DMA_Abort     stm32h7xx_hal_dma.o
    0x08002094   0x08002094   0x00000094   Code   RO         1398    i.HAL_DMA_Abort_IT  stm32h7xx_hal_dma.o
    0x08002128   0x08002128   0x000000c8   Code   RO         1399    i.HAL_DMA_DeInit    stm32h7xx_hal_dma.o
    0x080021f0   0x080021f0   0x00000004   Code   RO         1400    i.HAL_DMA_GetError  stm32h7xx_hal_dma.o
    0x080021f4   0x080021f4   0x000002c4   Code   RO         1402    i.HAL_DMA_IRQHandler  stm32h7xx_hal_dma.o
    0x080024b8   0x080024b8   0x000001a4   Code   RO         1403    i.HAL_DMA_Init      stm32h7xx_hal_dma.o
    0x0800265c   0x0800265c   0x000000d0   Code   RO         1407    i.HAL_DMA_Start_IT  stm32h7xx_hal_dma.o
    0x0800272c   0x0800272c   0x00000024   Code   RO          956    i.HAL_Delay         stm32h7xx_hal.o
    0x08002750   0x08002750   0x00000010   Code   RO          965    i.HAL_EnableCompensationCell  stm32h7xx_hal.o
    0x08002760   0x08002760   0x000001f4   Code   RO         1582    i.HAL_GPIO_Init     stm32h7xx_hal_gpio.o
    0x08002954   0x08002954   0x0000000a   Code   RO         1584    i.HAL_GPIO_ReadPin  stm32h7xx_hal_gpio.o
    0x0800295e   0x0800295e   0x00000008   Code   RO         1585    i.HAL_GPIO_TogglePin  stm32h7xx_hal_gpio.o
    0x08002966   0x08002966   0x0000000a   Code   RO         1586    i.HAL_GPIO_WritePin  stm32h7xx_hal_gpio.o
    0x08002970   0x08002970   0x0000000c   Code   RO          972    i.HAL_GetTick       stm32h7xx_hal.o
    0x0800297c   0x0800297c   0x00000008   Code   RO         8651    i.HAL_HCD_Connect_Callback  usbh_conf.o
    0x08002984   0x08002984   0x00000008   Code   RO         8652    i.HAL_HCD_Disconnect_Callback  usbh_conf.o
    0x0800298c   0x0800298c   0x00000006   Code   RO         5701    i.HAL_HCD_GetCurrentFrame  stm32h7xx_hal_hcd.o
    0x08002992   0x08002992   0x00000006   Code   RO         5702    i.HAL_HCD_GetCurrentSpeed  stm32h7xx_hal_hcd.o
    0x08002998   0x08002998   0x0000000e   Code   RO         5705    i.HAL_HCD_HC_GetURBState  stm32h7xx_hal_hcd.o
    0x080029a6   0x080029a6   0x0000000c   Code   RO         5706    i.HAL_HCD_HC_GetXferCount  stm32h7xx_hal_hcd.o
    0x080029b2   0x080029b2   0x00000024   Code   RO         5707    i.HAL_HCD_HC_Halt   stm32h7xx_hal_hcd.o
    0x080029d6   0x080029d6   0x0000005e   Code   RO         5708    i.HAL_HCD_HC_Init   stm32h7xx_hal_hcd.o
    0x08002a34   0x08002a34   0x00000002   Code   RO         8653    i.HAL_HCD_HC_NotifyURBChange_Callback  usbh_conf.o
    0x08002a36   0x08002a36   0x00000002   PAD
    0x08002a38   0x08002a38   0x000000be   Code   RO         5710    i.HAL_HCD_HC_SubmitRequest  stm32h7xx_hal_hcd.o
    0x08002af6   0x08002af6   0x00000002   PAD
    0x08002af8   0x08002af8   0x0000012e   Code   RO         5711    i.HAL_HCD_IRQHandler  stm32h7xx_hal_hcd.o
    0x08002c26   0x08002c26   0x0000005a   Code   RO         5712    i.HAL_HCD_Init      stm32h7xx_hal_hcd.o
    0x08002c80   0x08002c80   0x0000008c   Code   RO         8654    i.HAL_HCD_MspInit   usbh_conf.o
    0x08002d0c   0x08002d0c   0x00000006   Code   RO         5715    i.HAL_HCD_ResetPort  stm32h7xx_hal_hcd.o
    0x08002d12   0x08002d12   0x00000008   Code   RO         8655    i.HAL_HCD_SOF_Callback  usbh_conf.o
    0x08002d1a   0x08002d1a   0x0000002c   Code   RO         5717    i.HAL_HCD_Start     stm32h7xx_hal_hcd.o
    0x08002d46   0x08002d46   0x00000024   Code   RO         5718    i.HAL_HCD_Stop      stm32h7xx_hal_hcd.o
    0x08002d6a   0x08002d6a   0x00000002   PAD
    0x08002d6c   0x08002d6c   0x00000010   Code   RO          975    i.HAL_IncTick       stm32h7xx_hal.o
    0x08002d7c   0x08002d7c   0x0000001c   Code   RO          976    i.HAL_Init          stm32h7xx_hal.o
    0x08002d98   0x08002d98   0x00000040   Code   RO          977    i.HAL_InitTick      stm32h7xx_hal.o
    0x08002dd8   0x08002dd8   0x0000005c   Code   RO         1264    i.HAL_MPU_ConfigRegion  stm32h7xx_hal_cortex.o
    0x08002e34   0x08002e34   0x0000001c   Code   RO         6529    i.HAL_MPU_Disable   mpu.o
    0x08002e50   0x08002e50   0x0000001c   Code   RO         6530    i.HAL_MPU_Enable    mpu.o
    0x08002e6c   0x08002e6c   0x00000002   Code   RO          688    i.HAL_MspInit       stm32h7xx_hal_msp.o
    0x08002e6e   0x08002e6e   0x0000001a   Code   RO         1267    i.HAL_NVIC_EnableIRQ  stm32h7xx_hal_cortex.o
    0x08002e88   0x08002e88   0x00000040   Code   RO         1273    i.HAL_NVIC_SetPriority  stm32h7xx_hal_cortex.o
    0x08002ec8   0x08002ec8   0x00000024   Code   RO         1274    i.HAL_NVIC_SetPriorityGrouping  stm32h7xx_hal_cortex.o
    0x08002eec   0x08002eec   0x00000010   Code   RO         1786    i.HAL_PWREx_EnableUSBVoltageDetector  stm32h7xx_hal_pwr_ex.o
    0x08002efc   0x08002efc   0x00000010   Code   RO         1652    i.HAL_PWR_EnableBkUpAccess  stm32h7xx_hal_pwr.o
    0x08002f0c   0x08002f0c   0x00000086   Code   RO         5173    i.HAL_QSPI_Command  stm32h7xx_hal_qspi.o
    0x08002f92   0x08002f92   0x00000002   PAD
    0x08002f94   0x08002f94   0x000000f0   Code   RO         5182    i.HAL_QSPI_Init     stm32h7xx_hal_qspi.o
    0x08003084   0x08003084   0x00000094   Code   RO         6702    i.HAL_QSPI_MspInit  qspi.o
    0x08003118   0x08003118   0x000000bc   Code   RO         5186    i.HAL_QSPI_Receive  stm32h7xx_hal_qspi.o
    0x080031d4   0x080031d4   0x000000b4   Code   RO         5195    i.HAL_QSPI_Transmit  stm32h7xx_hal_qspi.o
    0x08003288   0x08003288   0x00000034   Code   RO         2125    i.HAL_RCCEx_GetD1SysClockFreq  stm32h7xx_hal_rcc_ex.o
    0x080032bc   0x080032bc   0x0000002c   Code   RO         2126    i.HAL_RCCEx_GetD3PCLK1Freq  stm32h7xx_hal_rcc_ex.o
    0x080032e8   0x080032e8   0x00000120   Code   RO         2128    i.HAL_RCCEx_GetPLL2ClockFreq  stm32h7xx_hal_rcc_ex.o
    0x08003408   0x08003408   0x00000120   Code   RO         2129    i.HAL_RCCEx_GetPLL3ClockFreq  stm32h7xx_hal_rcc_ex.o
    0x08003528   0x08003528   0x00000994   Code   RO         2133    i.HAL_RCCEx_PeriphCLKConfig  stm32h7xx_hal_rcc_ex.o
    0x08003ebc   0x08003ebc   0x000001dc   Code   RO         2018    i.HAL_RCC_ClockConfig  stm32h7xx_hal_rcc.o
    0x08004098   0x08004098   0x00000034   Code   RO         2022    i.HAL_RCC_GetHCLKFreq  stm32h7xx_hal_rcc.o
    0x080040cc   0x080040cc   0x0000002c   Code   RO         2024    i.HAL_RCC_GetPCLK1Freq  stm32h7xx_hal_rcc.o
    0x080040f8   0x080040f8   0x0000002c   Code   RO         2025    i.HAL_RCC_GetPCLK2Freq  stm32h7xx_hal_rcc.o
    0x08004124   0x08004124   0x00000130   Code   RO         2026    i.HAL_RCC_GetSysClockFreq  stm32h7xx_hal_rcc.o
    0x08004254   0x08004254   0x000004b8   Code   RO         2029    i.HAL_RCC_OscConfig  stm32h7xx_hal_rcc.o
    0x0800470c   0x0800470c   0x0000002c   Code   RO         6239    i.HAL_RNG_DeInit    stm32h7xx_hal_rng.o
    0x08004738   0x08004738   0x0000006a   Code   RO         6241    i.HAL_RNG_GenerateRandomNumber  stm32h7xx_hal_rng.o
    0x080047a2   0x080047a2   0x0000003e   Code   RO         6245    i.HAL_RNG_Init      stm32h7xx_hal_rng.o
    0x080047e0   0x080047e0   0x00000002   Code   RO         6246    i.HAL_RNG_MspDeInit  stm32h7xx_hal_rng.o
    0x080047e2   0x080047e2   0x00000002   PAD
    0x080047e4   0x080047e4   0x00000030   Code   RO         7090    i.HAL_RNG_MspInit   rng.o
    0x08004814   0x08004814   0x0000000a   Code   RO         6000    i.HAL_RTCEx_BKUPRead  stm32h7xx_hal_rtc_ex.o
    0x0800481e   0x0800481e   0x0000000a   Code   RO         6001    i.HAL_RTCEx_BKUPWrite  stm32h7xx_hal_rtc_ex.o
    0x08004828   0x08004828   0x00000048   Code   RO         5867    i.HAL_RTC_GetDate   stm32h7xx_hal_rtc.o
    0x08004870   0x08004870   0x0000005c   Code   RO         5869    i.HAL_RTC_GetTime   stm32h7xx_hal_rtc.o
    0x080048cc   0x080048cc   0x000000b0   Code   RO         5870    i.HAL_RTC_Init      stm32h7xx_hal_rtc.o
    0x0800497c   0x0800497c   0x00000050   Code   RO         6821    i.HAL_RTC_MspInit   rtc.o
    0x080049cc   0x080049cc   0x000000dc   Code   RO         5876    i.HAL_RTC_SetDate   stm32h7xx_hal_rtc.o
    0x08004aa8   0x08004aa8   0x000000fc   Code   RO         5877    i.HAL_RTC_SetTime   stm32h7xx_hal_rtc.o
    0x08004ba4   0x08004ba4   0x00000036   Code   RO         5878    i.HAL_RTC_WaitForSynchro  stm32h7xx_hal_rtc.o
    0x08004bda   0x08004bda   0x00000002   PAD
    0x08004bdc   0x08004bdc   0x00000050   Code   RO         4021    i.HAL_SDRAM_Init    stm32h7xx_hal_sdram.o
    0x08004c2c   0x08004c2c   0x000000fc   Code   RO         6352    i.HAL_SDRAM_MspInit  sdram.o
    0x08004d28   0x08004d28   0x00000022   Code   RO         4024    i.HAL_SDRAM_ProgramRefreshRate  stm32h7xx_hal_sdram.o
    0x08004d4a   0x08004d4a   0x00000002   PAD
    0x08004d4c   0x08004d4c   0x00000030   Code   RO         4030    i.HAL_SDRAM_SendCommand  stm32h7xx_hal_sdram.o
    0x08004d7c   0x08004d7c   0x00000010   Code   RO          981    i.HAL_SYSCFG_AnalogSwitchConfig  stm32h7xx_hal.o
    0x08004d8c   0x08004d8c   0x00000018   Code   RO         1276    i.HAL_SYSTICK_CLKSourceConfig  stm32h7xx_hal_cortex.o
    0x08004da4   0x08004da4   0x00000026   Code   RO         1278    i.HAL_SYSTICK_Config  stm32h7xx_hal_cortex.o
    0x08004dca   0x08004dca   0x00000002   Code   RO         3346    i.HAL_TIMEx_BreakCallback  stm32h7xx_hal_tim_ex.o
    0x08004dcc   0x08004dcc   0x00000002   Code   RO         3347    i.HAL_TIMEx_CommutationCallback  stm32h7xx_hal_tim_ex.o
    0x08004dce   0x08004dce   0x00000036   Code   RO         2704    i.HAL_TIM_Base_Init  stm32h7xx_hal_tim.o
    0x08004e04   0x08004e04   0x0000003c   Code   RO         8592    i.HAL_TIM_Base_MspInit  timer.o
    0x08004e40   0x08004e40   0x00000018   Code   RO         2709    i.HAL_TIM_Base_Start_IT  stm32h7xx_hal_tim.o
    0x08004e58   0x08004e58   0x00000002   Code   RO         2733    i.HAL_TIM_IC_CaptureCallback  stm32h7xx_hal_tim.o
    0x08004e5a   0x08004e5a   0x0000017e   Code   RO         2746    i.HAL_TIM_IRQHandler  stm32h7xx_hal_tim.o
    0x08004fd8   0x08004fd8   0x00000002   Code   RO         2749    i.HAL_TIM_OC_DelayElapsedCallback  stm32h7xx_hal_tim.o
    0x08004fda   0x08004fda   0x00000002   Code   RO         2776    i.HAL_TIM_PWM_PulseFinishedCallback  stm32h7xx_hal_tim.o
    0x08004fdc   0x08004fdc   0x00000020   Code   RO         8593    i.HAL_TIM_PeriodElapsedCallback  timer.o
    0x08004ffc   0x08004ffc   0x00000002   Code   RO         2787    i.HAL_TIM_TriggerCallback  stm32h7xx_hal_tim.o
    0x08004ffe   0x08004ffe   0x00000002   Code   RO         2635    i.HAL_UARTEx_WakeupCallback  stm32h7xx_hal_uart_ex.o
    0x08005000   0x08005000   0x00000054   Code   RO         2299    i.HAL_UART_DMAStop  stm32h7xx_hal_uart.o
    0x08005054   0x08005054   0x00000002   Code   RO         2301    i.HAL_UART_ErrorCallback  stm32h7xx_hal_uart.o
    0x08005056   0x08005056   0x00000002   PAD
    0x08005058   0x08005058   0x00000180   Code   RO         2304    i.HAL_UART_IRQHandler  stm32h7xx_hal_uart.o
    0x080051d8   0x080051d8   0x0000006a   Code   RO         2305    i.HAL_UART_Init     stm32h7xx_hal_uart.o
    0x08005242   0x08005242   0x00000002   Code   RO         2307    i.HAL_UART_MspInit  stm32h7xx_hal_uart.o
    0x08005244   0x08005244   0x00000090   Code   RO         2309    i.HAL_UART_Receive_DMA  stm32h7xx_hal_uart.o
    0x080052d4   0x080052d4   0x00000002   Code   RO         2311    i.HAL_UART_RxCpltCallback  stm32h7xx_hal_uart.o
    0x080052d6   0x080052d6   0x00000002   Code   RO         2312    i.HAL_UART_RxHalfCpltCallback  stm32h7xx_hal_uart.o
    0x080052d8   0x080052d8   0x0000008c   Code   RO         2314    i.HAL_UART_Transmit_DMA  stm32h7xx_hal_uart.o
    0x08005364   0x08005364   0x00000002   Code   RO         2316    i.HAL_UART_TxCpltCallback  stm32h7xx_hal_uart.o
    0x08005366   0x08005366   0x00000002   Code   RO         2317    i.HAL_UART_TxHalfCpltCallback  stm32h7xx_hal_uart.o
    0x08005368   0x08005368   0x00000230   Code   RO         5719    i.HCD_HC_IN_IRQHandler  stm32h7xx_hal_hcd.o
    0x08005598   0x08005598   0x00000224   Code   RO         5720    i.HCD_HC_OUT_IRQHandler  stm32h7xx_hal_hcd.o
    0x080057bc   0x080057bc   0x000000b0   Code   RO         5721    i.HCD_Port_IRQHandler  stm32h7xx_hal_hcd.o
    0x0800586c   0x0800586c   0x00000074   Code   RO         5722    i.HCD_RXQLVL_IRQHandler  stm32h7xx_hal_hcd.o
    0x080058e0   0x080058e0   0x00000002   Code   RO          397    i.HardFault_Handler  stm32h7xx_it.o
    0x080058e2   0x080058e2   0x00000030   Code   RO         6756    i.Hex2Ascii         notepad.o
    0x08005912   0x08005912   0x00000002   PAD
    0x08005914   0x08005914   0x00000050   Code   RO         6410    i.IIC_Ack           myiic.o
    0x08005964   0x08005964   0x00000050   Code   RO         6411    i.IIC_Init          myiic.o
    0x080059b4   0x080059b4   0x00000050   Code   RO         6412    i.IIC_NAck          myiic.o
    0x08005a04   0x08005a04   0x00000068   Code   RO         6413    i.IIC_Read_Byte     myiic.o
    0x08005a6c   0x08005a6c   0x0000006c   Code   RO         6414    i.IIC_Send_Byte     myiic.o
    0x08005ad8   0x08005ad8   0x00000050   Code   RO         6415    i.IIC_Start         myiic.o
    0x08005b28   0x08005b28   0x00000050   Code   RO         6416    i.IIC_Stop          myiic.o
    0x08005b78   0x08005b78   0x00000064   Code   RO         6417    i.IIC_Wait_Ack      myiic.o
    0x08005bdc   0x08005bdc   0x0000004c   Code   RO         6323    i.LED_Init          led.o
    0x08005c28   0x08005c28   0x00000036   Code   RO         6531    i.MPU_Memory_Protection  mpu.o
    0x08005c5e   0x08005c5e   0x00000052   Code   RO         6532    i.MPU_Set_Protection  mpu.o
    0x08005cb0   0x08005cb0   0x00000052   Code   RO         6533    i.MPU_Set_SRAMProtection  mpu.o
    0x08005d02   0x08005d02   0x00000002   PAD
    0x08005d04   0x08005d04   0x000000c0   Code   RO         7021    i.MYDMA_Config      rs232.o
    0x08005dc4   0x08005dc4   0x00000002   Code   RO          398    i.MemManage_Handler  stm32h7xx_it.o
    0x08005dc6   0x08005dc6   0x00000002   Code   RO          399    i.NMI_Handler       stm32h7xx_it.o
    0x08005dc8   0x08005dc8   0x0000000c   Code   RO         8656    i.OTG_FS_IRQHandler  usbh_conf.o
    0x08005dd4   0x08005dd4   0x00000058   Code   RO         6479    i.PCF8574_Init      pcf8574.o
    0x08005e2c   0x08005e2c   0x00000020   Code   RO         6481    i.PCF8574_ReadOneByte  pcf8574.o
    0x08005e4c   0x08005e4c   0x00000022   Code   RO         6482    i.PCF8574_WriteBit  pcf8574.o
    0x08005e6e   0x08005e6e   0x0000002a   Code   RO         6483    i.PCF8574_WriteOneByte  pcf8574.o
    0x08005e98   0x08005e98   0x00000234   Code   RO         5200    i.QSPI_Config       stm32h7xx_hal_qspi.o
    0x080060cc   0x080060cc   0x00000048   Code   RO         6703    i.QSPI_Init         qspi.o
    0x08006114   0x08006114   0x00000024   Code   RO         6704    i.QSPI_Receive      qspi.o
    0x08006138   0x08006138   0x00000038   Code   RO         6705    i.QSPI_Send_CMD     qspi.o
    0x08006170   0x08006170   0x00000024   Code   RO         6706    i.QSPI_Transmit     qspi.o
    0x08006194   0x08006194   0x00000048   Code   RO         5205    i.QSPI_WaitFlagStateUntilTimeout  stm32h7xx_hal_qspi.o
    0x080061dc   0x080061dc   0x000000d4   Code   RO         2136    i.RCCEx_PLL2_Config  stm32h7xx_hal_rcc_ex.o
    0x080062b0   0x080062b0   0x000000d4   Code   RO         2137    i.RCCEx_PLL3_Config  stm32h7xx_hal_rcc_ex.o
    0x08006384   0x08006384   0x00000024   Code   RO         7092    i.RNG_Get_RandomRange  rng.o
    0x080063a8   0x080063a8   0x00000048   Code   RO         7093    i.RNG_Init          rng.o
    0x080063f0   0x080063f0   0x000000ac   Code   RO         7022    i.RS232_Init        rs232.o
    0x0800649c   0x0800649c   0x0000003c   Code   RO         7024    i.RS232_Send_Data   rs232.o
    0x080064d8   0x080064d8   0x00000158   Code   RO         7140    i.RS485_Init        rs485.o
    0x08006630   0x08006630   0x00000008   Code   RO         7142    i.RS485_TX_Set      rs485.o
    0x08006638   0x08006638   0x00000012   Code   RO         5879    i.RTC_Bcd2ToByte    stm32h7xx_hal_rtc.o
    0x0800664a   0x0800664a   0x00000016   Code   RO         5880    i.RTC_ByteToBcd2    stm32h7xx_hal_rtc.o
    0x08006660   0x08006660   0x0000003a   Code   RO         5881    i.RTC_EnterInitMode  stm32h7xx_hal_rtc.o
    0x0800669a   0x0800669a   0x00000002   PAD
    0x0800669c   0x0800669c   0x00000064   Code   RO         6822    i.RTC_Init          rtc.o
    0x08006700   0x08006700   0x00000024   Code   RO         6823    i.RTC_Set_Date      rtc.o
    0x08006724   0x08006724   0x0000002c   Code   RO         6824    i.RTC_Set_Time      rtc.o
    0x08006750   0x08006750   0x00000058   Code   RO         6353    i.SDRAM_Init        sdram.o
    0x080067a8   0x080067a8   0x00000050   Code   RO         6354    i.SDRAM_Initialization_Sequence  sdram.o
    0x080067f8   0x080067f8   0x00000038   Code   RO         6355    i.SDRAM_Send_Cmd    sdram.o
    0x08006830   0x08006830   0x000000b4   Code   RO          812    i.Stm32_Clock_Init  sys.o
    0x080068e4   0x080068e4   0x00000016   Code   RO          724    i.SysTick_Handler   delay.o
    0x080068fa   0x080068fa   0x00000002   PAD
    0x080068fc   0x080068fc   0x00000088   Code   RO          650    i.SystemInit        system_stm32h7xx.o
    0x08006984   0x08006984   0x0000000c   Code   RO         8594    i.TIM3_IRQHandler   timer.o
    0x08006990   0x08006990   0x0000002c   Code   RO         8595    i.TIM3_Init         timer.o
    0x080069bc   0x080069bc   0x000000c4   Code   RO         2788    i.TIM_Base_SetConfig  stm32h7xx_hal_tim.o
    0x08006a80   0x08006a80   0x000000c8   Code   RO         2318    i.UART_AdvFeatureConfig  stm32h7xx_hal_uart.o
    0x08006b48   0x08006b48   0x0000005c   Code   RO         2319    i.UART_CheckIdleState  stm32h7xx_hal_uart.o
    0x08006ba4   0x08006ba4   0x00000014   Code   RO         2320    i.UART_DMAAbortOnError  stm32h7xx_hal_uart.o
    0x08006bb8   0x08006bb8   0x00000052   Code   RO         2321    i.UART_DMAError     stm32h7xx_hal_uart.o
    0x08006c0a   0x08006c0a   0x0000003c   Code   RO         2322    i.UART_DMAReceiveCplt  stm32h7xx_hal_uart.o
    0x08006c46   0x08006c46   0x0000000a   Code   RO         2324    i.UART_DMARxHalfCplt  stm32h7xx_hal_uart.o
    0x08006c50   0x08006c50   0x0000002e   Code   RO         2326    i.UART_DMATransmitCplt  stm32h7xx_hal_uart.o
    0x08006c7e   0x08006c7e   0x0000000a   Code   RO         2328    i.UART_DMATxHalfCplt  stm32h7xx_hal_uart.o
    0x08006c88   0x08006c88   0x0000001c   Code   RO         2330    i.UART_EndRxTransfer  stm32h7xx_hal_uart.o
    0x08006ca4   0x08006ca4   0x00000012   Code   RO         2331    i.UART_EndTxTransfer  stm32h7xx_hal_uart.o
    0x08006cb6   0x08006cb6   0x00000076   Code   RO         2332    i.UART_Receive_IT   stm32h7xx_hal_uart.o
    0x08006d2c   0x08006d2c   0x000004e8   Code   RO         2333    i.UART_SetConfig    stm32h7xx_hal_uart.o
    0x08007214   0x08007214   0x00000076   Code   RO         2334    i.UART_Transmit_IT  stm32h7xx_hal_uart.o
    0x0800728a   0x0800728a   0x00000064   Code   RO         2335    i.UART_WaitOnFlagUntilTimeout  stm32h7xx_hal_uart.o
    0x080072ee   0x080072ee   0x00000002   PAD
    0x080072f0   0x080072f0   0x00000130   Code   RO          862    i.USART1_IRQHandler  usart.o
    0x08007420   0x08007420   0x0000013c   Code   RO         7143    i.USART2_IRQHandler  rs485.o
    0x0800755c   0x0800755c   0x00000140   Code   RO         7025    i.USART3_IRQHandler  rs232.o
    0x0800769c   0x0800769c   0x00000034   Code   RO         8549    i.USBH_AllocPipe    usbh_pipes.o
    0x080076d0   0x080076d0   0x00000020   Code   RO         8477    i.USBH_BulkReceiveData  usbh_ioreq.o
    0x080076f0   0x080076f0   0x00000028   Code   RO         8478    i.USBH_BulkSendData  usbh_ioreq.o
    0x08007718   0x08007718   0x0000000a   Code   RO         8550    i.USBH_ClosePipe    usbh_pipes.o
    0x08007722   0x08007722   0x00000022   Code   RO         8389    i.USBH_ClrFeature   usbh_ctlreq.o
    0x08007744   0x08007744   0x0000001e   Code   RO         8479    i.USBH_CtlReceiveData  usbh_ioreq.o
    0x08007762   0x08007762   0x00000036   Code   RO         8390    i.USBH_CtlReq       usbh_ctlreq.o
    0x08007798   0x08007798   0x00000028   Code   RO         8480    i.USBH_CtlSendData  usbh_ioreq.o
    0x080077c0   0x080077c0   0x0000001e   Code   RO         8481    i.USBH_CtlSendSetup  usbh_ioreq.o
    0x080077de   0x080077de   0x00000004   Code   RO         8657    i.USBH_Delay        usbh_conf.o
    0x080077e2   0x080077e2   0x00000044   Code   RO         8274    i.USBH_FindInterface  usbh_core.o
    0x08007826   0x08007826   0x00000018   Code   RO         8551    i.USBH_FreePipe     usbh_pipes.o
    0x0800783e   0x0800783e   0x00000034   Code   RO         8391    i.USBH_GetDescriptor  usbh_ctlreq.o
    0x08007872   0x08007872   0x0000000e   Code   RO         8392    i.USBH_GetNextDesc  usbh_ctlreq.o
    0x08007880   0x08007880   0x0000002c   Code   RO         8393    i.USBH_Get_CfgDesc  usbh_ctlreq.o
    0x080078ac   0x080078ac   0x00000092   Code   RO         8394    i.USBH_Get_DevDesc  usbh_ctlreq.o
    0x0800793e   0x0800793e   0x00000048   Code   RO         8395    i.USBH_Get_StringDesc  usbh_ctlreq.o
    0x08007986   0x08007986   0x00000172   Code   RO         8396    i.USBH_HandleControl  usbh_ctlreq.o
    0x08007af8   0x08007af8   0x000000f2   Code   RO         8277    i.USBH_HandleEnum   usbh_core.o
    0x08007bea   0x08007bea   0x00000030   Code   RO         8278    i.USBH_Init         usbh_core.o
    0x08007c1a   0x08007c1a   0x0000000e   Code   RO         8658    i.USBH_LL_ClosePipe  usbh_conf.o
    0x08007c28   0x08007c28   0x00000028   Code   RO         8279    i.USBH_LL_Connect   usbh_core.o
    0x08007c50   0x08007c50   0x00000038   Code   RO         8280    i.USBH_LL_Disconnect  usbh_core.o
    0x08007c88   0x08007c88   0x0000000e   Code   RO         8660    i.USBH_LL_DriverVBUS  usbh_conf.o
    0x08007c96   0x08007c96   0x00000008   Code   RO         8661    i.USBH_LL_GetLastXferSize  usbh_conf.o
    0x08007c9e   0x08007c9e   0x00000022   Code   RO         8662    i.USBH_LL_GetSpeed  usbh_conf.o
    0x08007cc0   0x08007cc0   0x00000020   Code   RO         8663    i.USBH_LL_GetToggle  usbh_conf.o
    0x08007ce0   0x08007ce0   0x00000008   Code   RO         8664    i.USBH_LL_GetURBState  usbh_conf.o
    0x08007ce8   0x08007ce8   0x0000001e   Code   RO         8281    i.USBH_LL_IncTimer  usbh_core.o
    0x08007d06   0x08007d06   0x00000002   PAD
    0x08007d08   0x08007d08   0x00000048   Code   RO         8665    i.USBH_LL_Init      usbh_conf.o
    0x08007d50   0x08007d50   0x00000018   Code   RO         8666    i.USBH_LL_OpenPipe  usbh_conf.o
    0x08007d68   0x08007d68   0x0000000e   Code   RO         8667    i.USBH_LL_ResetPort  usbh_conf.o
    0x08007d76   0x08007d76   0x00000006   Code   RO         8282    i.USBH_LL_SetTimer  usbh_core.o
    0x08007d7c   0x08007d7c   0x00000024   Code   RO         8668    i.USBH_LL_SetToggle  usbh_conf.o
    0x08007da0   0x08007da0   0x0000000e   Code   RO         8669    i.USBH_LL_Start     usbh_conf.o
    0x08007dae   0x08007dae   0x0000000e   Code   RO         8670    i.USBH_LL_Stop      usbh_conf.o
    0x08007dbc   0x08007dbc   0x00000020   Code   RO         8671    i.USBH_LL_SubmitURB  usbh_conf.o
    0x08007ddc   0x08007ddc   0x00000020   Code   RO         8171    i.USBH_MSC_BOT_Abort  usbh_msc_bot.o
    0x08007dfc   0x08007dfc   0x00000024   Code   RO         8172    i.USBH_MSC_BOT_Init  usbh_msc_bot.o
    0x08007e20   0x08007e20   0x000001dc   Code   RO         8173    i.USBH_MSC_BOT_Process  usbh_msc_bot.o
    0x08007ffc   0x08007ffc   0x0000001c   Code   RO         8174    i.USBH_MSC_BOT_REQ_GetMaxLUN  usbh_msc_bot.o
    0x08008018   0x08008018   0x00000016   Code   RO         8175    i.USBH_MSC_BOT_REQ_Reset  usbh_msc_bot.o
    0x0800802e   0x0800802e   0x0000006c   Code   RO         8080    i.USBH_MSC_ClassRequest  usbh_msc.o
    0x0800809a   0x0800809a   0x0000002e   Code   RO         8081    i.USBH_MSC_GetLUNInfo  usbh_msc.o
    0x080080c8   0x080080c8   0x0000004c   Code   RO         8083    i.USBH_MSC_InterfaceDeInit  usbh_msc.o
    0x08008114   0x08008114   0x0000014e   Code   RO         8084    i.USBH_MSC_InterfaceInit  usbh_msc.o
    0x08008262   0x08008262   0x00000288   Code   RO         8086    i.USBH_MSC_Process  usbh_msc.o
    0x080084ea   0x080084ea   0x00000090   Code   RO         8087    i.USBH_MSC_RdWrProcess  usbh_msc.o
    0x0800857a   0x0800857a   0x0000008a   Code   RO         8088    i.USBH_MSC_Read     usbh_msc.o
    0x08008604   0x08008604   0x000000c6   Code   RO         8218    i.USBH_MSC_SCSI_Inquiry  usbh_msc_scsi.o
    0x080086ca   0x080086ca   0x00000084   Code   RO         8219    i.USBH_MSC_SCSI_Read  usbh_msc_scsi.o
    0x0800874e   0x0800874e   0x0000007a   Code   RO         8220    i.USBH_MSC_SCSI_ReadCapacity  usbh_msc_scsi.o
    0x080087c8   0x080087c8   0x00000096   Code   RO         8221    i.USBH_MSC_SCSI_RequestSense  usbh_msc_scsi.o
    0x0800885e   0x0800885e   0x0000004e   Code   RO         8222    i.USBH_MSC_SCSI_TestUnitReady  usbh_msc_scsi.o
    0x080088ac   0x080088ac   0x00000084   Code   RO         8223    i.USBH_MSC_SCSI_Write  usbh_msc_scsi.o
    0x08008930   0x08008930   0x00000004   Code   RO         8089    i.USBH_MSC_SOFProcess  usbh_msc.o
    0x08008934   0x08008934   0x0000008a   Code   RO         8091    i.USBH_MSC_Write    usbh_msc.o
    0x080089be   0x080089be   0x00000014   Code   RO         8552    i.USBH_OpenPipe     usbh_pipes.o
    0x080089d2   0x080089d2   0x000000ea   Code   RO         8397    i.USBH_ParseCfgDesc  usbh_ctlreq.o
    0x08008abc   0x08008abc   0x00000168   Code   RO         8283    i.USBH_Process      usbh_core.o
    0x08008c24   0x08008c24   0x0000001e   Code   RO         8285    i.USBH_RegisterClass  usbh_core.o
    0x08008c42   0x08008c42   0x00000016   Code   RO         8286    i.USBH_SelectInterface  usbh_core.o
    0x08008c58   0x08008c58   0x0000001c   Code   RO         8398    i.USBH_SetAddress   usbh_ctlreq.o
    0x08008c74   0x08008c74   0x0000001c   Code   RO         8399    i.USBH_SetCfg       usbh_ctlreq.o
    0x08008c90   0x08008c90   0x00000014   Code   RO         8287    i.USBH_Start        usbh_core.o
    0x08008ca4   0x08008ca4   0x00000048   Code   RO         6757    i.USBH_UserProcess  notepad.o
    0x08008cec   0x08008cec   0x00000004   Code   RO         8801    i.USBH_initialize   usbh_diskio.o
    0x08008cf0   0x08008cf0   0x0000007c   Code   RO         8802    i.USBH_ioctl        usbh_diskio.o
    0x08008d6c   0x08008d6c   0x00000050   Code   RO         8803    i.USBH_read         usbh_diskio.o
    0x08008dbc   0x08008dbc   0x00000058   Code   RO         8805    i.USBH_write        usbh_diskio.o
    0x08008e14   0x08008e14   0x00000070   Code   RO         5417    i.USB_CoreInit      stm32h7xx_ll_usb.o
    0x08008e84   0x08008e84   0x00000038   Code   RO         5418    i.USB_CoreReset     stm32h7xx_ll_usb.o
    0x08008ebc   0x08008ebc   0x0000000c   Code   RO         5424    i.USB_DisableGlobalInt  stm32h7xx_ll_usb.o
    0x08008ec8   0x08008ec8   0x00000040   Code   RO         5425    i.USB_DoPing        stm32h7xx_ll_usb.o
    0x08008f08   0x08008f08   0x0000002c   Code   RO         5426    i.USB_DriveVbus     stm32h7xx_ll_usb.o
    0x08008f34   0x08008f34   0x0000000c   Code   RO         5432    i.USB_EnableGlobalInt  stm32h7xx_ll_usb.o
    0x08008f40   0x08008f40   0x00000020   Code   RO         5433    i.USB_FlushRxFifo   stm32h7xx_ll_usb.o
    0x08008f60   0x08008f60   0x00000024   Code   RO         5434    i.USB_FlushTxFifo   stm32h7xx_ll_usb.o
    0x08008f84   0x08008f84   0x00000008   Code   RO         5435    i.USB_GetCurrentFrame  stm32h7xx_ll_usb.o
    0x08008f8c   0x08008f8c   0x0000000e   Code   RO         5437    i.USB_GetHostSpeed  stm32h7xx_ll_usb.o
    0x08008f9a   0x08008f9a   0x00000008   Code   RO         5438    i.USB_GetMode       stm32h7xx_ll_usb.o
    0x08008fa2   0x08008fa2   0x00000178   Code   RO         5439    i.USB_HC_Halt       stm32h7xx_ll_usb.o
    0x0800911a   0x0800911a   0x00000002   PAD
    0x0800911c   0x0800911c   0x000000ec   Code   RO         5440    i.USB_HC_Init       stm32h7xx_ll_usb.o
    0x08009208   0x08009208   0x0000000c   Code   RO         5441    i.USB_HC_ReadInterrupt  stm32h7xx_ll_usb.o
    0x08009214   0x08009214   0x0000018c   Code   RO         5442    i.USB_HC_StartXfer  stm32h7xx_ll_usb.o
    0x080093a0   0x080093a0   0x000000c8   Code   RO         5443    i.USB_HostInit      stm32h7xx_ll_usb.o
    0x08009468   0x08009468   0x00000038   Code   RO         5444    i.USB_InitFSLSPClkSel  stm32h7xx_ll_usb.o
    0x080094a0   0x080094a0   0x00000008   Code   RO         5449    i.USB_ReadInterrupts  stm32h7xx_ll_usb.o
    0x080094a8   0x080094a8   0x0000001e   Code   RO         5450    i.USB_ReadPacket    stm32h7xx_ll_usb.o
    0x080094c6   0x080094c6   0x0000002c   Code   RO         5451    i.USB_ResetPort     stm32h7xx_ll_usb.o
    0x080094f2   0x080094f2   0x0000002c   Code   RO         5452    i.USB_SetCurrentMode  stm32h7xx_ll_usb.o
    0x0800951e   0x0800951e   0x000000b2   Code   RO         5456    i.USB_StopHost      stm32h7xx_ll_usb.o
    0x080095d0   0x080095d0   0x00000030   Code   RO         6758    i.USB_USER_Init     notepad.o
    0x08009600   0x08009600   0x0000002c   Code   RO         5457    i.USB_WritePacket   stm32h7xx_ll_usb.o
    0x0800962c   0x0800962c   0x00000002   Code   RO          400    i.UsageFault_Handler  stm32h7xx_it.o
    0x0800962e   0x0800962e   0x0000002a   Code   RO         6582    i.W25QXX_Erase_Sector  w25qxx.o
    0x08009658   0x08009658   0x00000074   Code   RO         6583    i.W25QXX_Init       w25qxx.o
    0x080096cc   0x080096cc   0x00000040   Code   RO         6585    i.W25QXX_Qspi_Enable  w25qxx.o
    0x0800970c   0x0800970c   0x0000002a   Code   RO         6586    i.W25QXX_Read       w25qxx.o
    0x08009736   0x08009736   0x00000002   PAD
    0x08009738   0x08009738   0x00000048   Code   RO         6587    i.W25QXX_ReadID     w25qxx.o
    0x08009780   0x08009780   0x00000058   Code   RO         6588    i.W25QXX_ReadSR     w25qxx.o
    0x080097d8   0x080097d8   0x0000000e   Code   RO         6589    i.W25QXX_Wait_Busy  w25qxx.o
    0x080097e6   0x080097e6   0x00000002   PAD
    0x080097e8   0x080097e8   0x000000a4   Code   RO         6590    i.W25QXX_Write      w25qxx.o
    0x0800988c   0x0800988c   0x0000002c   Code   RO         6592    i.W25QXX_Write_Enable  w25qxx.o
    0x080098b8   0x080098b8   0x00000040   Code   RO         6593    i.W25QXX_Write_NoCheck  w25qxx.o
    0x080098f8   0x080098f8   0x00000034   Code   RO         6594    i.W25QXX_Write_Page  w25qxx.o
    0x0800992c   0x0800992c   0x00000050   Code   RO         6595    i.W25QXX_Write_SR   w25qxx.o
    0x0800997c   0x0800997c   0x00000030   Code   RO        10082    i.__ARM_fpclassify  m_wv.l(fpclassify.o)
    0x080099ac   0x080099ac   0x00000022   Code   RO         1280    i.__NVIC_SetPriority  stm32h7xx_hal_cortex.o
    0x080099ce   0x080099ce   0x00000002   PAD
    0x080099d0   0x080099d0   0x000000b0   Code   RO         9989    i.__hardfp_sin      m_wv.l(sin.o)
    0x08009a80   0x08009a80   0x00000310   Code   RO        10037    i.__ieee754_rem_pio2  m_wv.l(rred.o)
    0x08009d90   0x08009d90   0x000000e0   Code   RO        10020    i.__kernel_cos      m_wv.l(cos_i.o)
    0x08009e70   0x08009e70   0x00000070   Code   RO        10084    i.__kernel_poly     m_wv.l(poly.o)
    0x08009ee0   0x08009ee0   0x000000a8   Code   RO        10042    i.__kernel_sin      m_wv.l(sin_i.o)
    0x08009f88   0x08009f88   0x00000018   Code   RO        10026    i.__mathlib_dbl_invalid  m_wv.l(dunder.o)
    0x08009fa0   0x08009fa0   0x00000018   Code   RO        10029    i.__mathlib_dbl_underflow  m_wv.l(dunder.o)
    0x08009fb8   0x08009fb8   0x0000000e   Code   RO         9952    i._is_digit         c_w.l(__printf_wp.o)
    0x08009fc6   0x08009fc6   0x00000002   Code   RO          863    i._sys_exit         usart.o
    0x08009fc8   0x08009fc8   0x00000082   Code   RO         7496    i.change_bitmap     ff.o
    0x0800a04a   0x0800a04a   0x00000002   PAD
    0x0800a04c   0x0800a04c   0x000001a4   Code   RO            5    i.changepage_task   main.o
    0x0800a1f0   0x0800a1f0   0x0000008c   Code   RO         7497    i.check_fs          ff.o
    0x0800a27c   0x0800a27c   0x00000010   Code   RO         7498    i.chk_chr           ff.o
    0x0800a28c   0x0800a28c   0x00000032   Code   RO         7499    i.clmt_clust        ff.o
    0x0800a2be   0x0800a2be   0x00000018   Code   RO         7500    i.clst2sect         ff.o
    0x0800a2d6   0x0800a2d6   0x00000002   PAD
    0x0800a2d8   0x0800a2d8   0x00000080   Code   RO         7501    i.cmp_lfn           ff.o
    0x0800a358   0x0800a358   0x0000016c   Code   RO         7502    i.create_chain      ff.o
    0x0800a4c4   0x0800a4c4   0x00000228   Code   RO         7503    i.create_name       ff.o
    0x0800a6ec   0x0800a6ec   0x00000082   Code   RO         7504    i.create_xdir       ff.o
    0x0800a76e   0x0800a76e   0x00000010   Code   RO         7505    i.dbc_1st           ff.o
    0x0800a77e   0x0800a77e   0x00000002   PAD
    0x0800a780   0x0800a780   0x00000014   Code   RO            6    i.debugProcess_task  main.o
    0x0800a794   0x0800a794   0x00000034   Code   RO          725    i.delay_init        delay.o
    0x0800a7c8   0x0800a7c8   0x00000038   Code   RO          726    i.delay_ms          delay.o
    0x0800a800   0x0800a800   0x00000034   Code   RO          727    i.delay_us          delay.o
    0x0800a834   0x0800a834   0x00000058   Code   RO         7506    i.dir_alloc         ff.o
    0x0800a88c   0x0800a88c   0x000000ae   Code   RO         7507    i.dir_clear         ff.o
    0x0800a93a   0x0800a93a   0x00000146   Code   RO         7508    i.dir_find          ff.o
    0x0800aa80   0x0800aa80   0x000000c2   Code   RO         7509    i.dir_next          ff.o
    0x0800ab42   0x0800ab42   0x000000e4   Code   RO         7510    i.dir_read          ff.o
    0x0800ac26   0x0800ac26   0x00000002   PAD
    0x0800ac28   0x0800ac28   0x00000248   Code   RO         7511    i.dir_register      ff.o
    0x0800ae70   0x0800ae70   0x00000096   Code   RO         7513    i.dir_sdi           ff.o
    0x0800af06   0x0800af06   0x00000020   Code   RO         7441    i.disk_initialize   diskio.o
    0x0800af26   0x0800af26   0x00000044   Code   RO         7442    i.disk_ioctl        diskio.o
    0x0800af6a   0x0800af6a   0x0000004c   Code   RO         7443    i.disk_read         diskio.o
    0x0800afb6   0x0800afb6   0x00000004   Code   RO         7444    i.disk_status       diskio.o
    0x0800afba   0x0800afba   0x0000004c   Code   RO         7445    i.disk_write        diskio.o
    0x0800b006   0x0800b006   0x00000030   Code   RO         7354    i.exf_getfree       exfuns.o
    0x0800b036   0x0800b036   0x00000002   PAD
    0x0800b038   0x0800b038   0x00000064   Code   RO         7355    i.exfuns_init       exfuns.o
    0x0800b09c   0x0800b09c   0x0000001e   Code   RO         7514    i.f_close           ff.o
    0x0800b0ba   0x0800b0ba   0x00000112   Code   RO         7516    i.f_getfree         ff.o
    0x0800b1cc   0x0800b1cc   0x0000031a   Code   RO         7519    i.f_lseek           ff.o
    0x0800b4e6   0x0800b4e6   0x0000018a   Code   RO         7520    i.f_mkdir           ff.o
    0x0800b670   0x0800b670   0x00000048   Code   RO         7522    i.f_mount           ff.o
    0x0800b6b8   0x0800b6b8   0x000002a6   Code   RO         7523    i.f_open            ff.o
    0x0800b95e   0x0800b95e   0x00000186   Code   RO         7528    i.f_read            ff.o
    0x0800bae4   0x0800bae4   0x00000168   Code   RO         7533    i.f_sync            ff.o
    0x0800bc4c   0x0800bc4c   0x000001da   Code   RO         7536    i.f_write           ff.o
    0x0800be26   0x0800be26   0x00000018   Code   RO        10078    i.fabs              m_wv.l(fabs.o)
    0x0800be3e   0x0800be3e   0x00000008   Code   RO         7950    i.ff_memalloc       ffsystem.o
    0x0800be46   0x0800be46   0x00000008   Code   RO         7951    i.ff_memfree        ffsystem.o
    0x0800be4e   0x0800be4e   0x00000002   PAD
    0x0800be50   0x0800be50   0x00000070   Code   RO         7986    i.ff_oem2uni        myffunicode.o
    0x0800bec0   0x0800bec0   0x00000070   Code   RO         7987    i.ff_uni2oem        myffunicode.o
    0x0800bf30   0x0800bf30   0x00000088   Code   RO         7988    i.ff_wtoupper       myffunicode.o
    0x0800bfb8   0x0800bfb8   0x0000002e   Code   RO         7537    i.fill_first_frag   ff.o
    0x0800bfe6   0x0800bfe6   0x00000032   Code   RO         7538    i.fill_last_frag    ff.o
    0x0800c018   0x0800c018   0x0000008c   Code   RO         7539    i.find_bitmap       ff.o
    0x0800c0a4   0x0800c0a4   0x0000036c   Code   RO         7540    i.find_volume       ff.o
    0x0800c410   0x0800c410   0x0000009c   Code   RO         7541    i.follow_path       ff.o
    0x0800c4ac   0x0800c4ac   0x00000014   Code   RO          864    i.fputc             usart.o
    0x0800c4c0   0x0800c4c0   0x00000090   Code   RO         7542    i.gen_numname       ff.o
    0x0800c550   0x0800c550   0x0000013c   Code   RO         7543    i.get_fat           ff.o
    0x0800c68c   0x0800c68c   0x00000004   Code   RO         7952    i.get_fattime       ffsystem.o
    0x0800c690   0x0800c690   0x00000038   Code   RO         7545    i.get_ldnumber      ff.o
    0x0800c6c8   0x0800c6c8   0x0000002e   Code   RO         7547    i.init_alloc_info   ff.o
    0x0800c6f6   0x0800c6f6   0x00000026   Code   RO         7548    i.ld_clust          ff.o
    0x0800c71c   0x0800c71c   0x00000016   Code   RO         7549    i.ld_dword          ff.o
    0x0800c732   0x0800c732   0x00000058   Code   RO         7550    i.ld_qword          ff.o
    0x0800c78a   0x0800c78a   0x0000000a   Code   RO         7551    i.ld_word           ff.o
    0x0800c794   0x0800c794   0x0000003a   Code   RO         7552    i.load_obj_xdir     ff.o
    0x0800c7ce   0x0800c7ce   0x000000d0   Code   RO         7553    i.load_xdir         ff.o
    0x0800c89e   0x0800c89e   0x00000002   PAD
    0x0800c8a0   0x0800c8a0   0x000000e0   Code   RO            7    i.main              main.o
    0x0800c980   0x0800c980   0x0000001c   Code   RO         7554    i.mem_cmp           ff.o
    0x0800c99c   0x0800c99c   0x00000012   Code   RO         7555    i.mem_cpy           ff.o
    0x0800c9ae   0x0800c9ae   0x00000002   PAD
    0x0800c9b0   0x0800c9b0   0x0000000e   Code   RO         7556    i.mem_set           ff.o
    0x0800c9be   0x0800c9be   0x00000032   Code   RO         7557    i.move_window       ff.o
    0x0800c9f0   0x0800c9f0   0x00000058   Code   RO         7268    i.my_mem_free       malloc.o
    0x0800ca48   0x0800ca48   0x0000002c   Code   RO         7269    i.my_mem_init       malloc.o
    0x0800ca74   0x0800ca74   0x00000088   Code   RO         7270    i.my_mem_malloc     malloc.o
    0x0800cafc   0x0800cafc   0x0000003c   Code   RO         7271    i.my_mem_perused    malloc.o
    0x0800cb38   0x0800cb38   0x00000018   Code   RO         7272    i.myfree            malloc.o
    0x0800cb50   0x0800cb50   0x00000020   Code   RO         7273    i.mymalloc          malloc.o
    0x0800cb70   0x0800cb70   0x00000012   Code   RO         7274    i.mymemcpy          malloc.o
    0x0800cb82   0x0800cb82   0x00000002   PAD
    0x0800cb84   0x0800cb84   0x0000000e   Code   RO         7275    i.mymemset          malloc.o
    0x0800cb92   0x0800cb92   0x00000002   PAD
    0x0800cb94   0x0800cb94   0x00000134   Code   RO         6759    i.noteWrite         notepad.o
    0x0800ccc8   0x0800ccc8   0x0000031c   Code   RO            8    i.pagedataProcess_task  main.o
    0x0800cfe4   0x0800cfe4   0x00000074   Code   RO         7558    i.pick_lfn          ff.o
    0x0800d058   0x0800d058   0x00000070   Code   RO         9286    i.prvAddCurrentTaskToDelayedList  tasks.o
    0x0800d0c8   0x0800d0c8   0x000000d0   Code   RO         9287    i.prvAddNewTaskToReadyList  tasks.o
    0x0800d198   0x0800d198   0x00000050   Code   RO         9643    i.prvCheckForValidListAndQueue  timers.o
    0x0800d1e8   0x0800d1e8   0x00000050   Code   RO         9288    i.prvCheckTasksWaitingTermination  tasks.o
    0x0800d238   0x0800d238   0x00000026   Code   RO         9056    i.prvCopyDataFromQueue  queue.o
    0x0800d25e   0x0800d25e   0x0000006c   Code   RO         9057    i.prvCopyDataToQueue  queue.o
    0x0800d2ca   0x0800d2ca   0x00000014   Code   RO         9289    i.prvDeleteTCB      tasks.o
    0x0800d2de   0x0800d2de   0x00000002   PAD
    0x0800d2e0   0x0800d2e0   0x00000050   Code   RO         9864    i.prvHeapInit       heap_4.o
    0x0800d330   0x0800d330   0x00000028   Code   RO         9290    i.prvIdleTask       tasks.o
    0x0800d358   0x0800d358   0x000000c0   Code   RO         9291    i.prvInitialiseNewTask  tasks.o
    0x0800d418   0x0800d418   0x0000004c   Code   RO         9865    i.prvInsertBlockIntoFreeList  heap_4.o
    0x0800d464   0x0800d464   0x0000003c   Code   RO         9644    i.prvInsertTimerInActiveList  timers.o
    0x0800d4a0   0x0800d4a0   0x0000001c   Code   RO         9058    i.prvIsQueueEmpty   queue.o
    0x0800d4bc   0x0800d4bc   0x00000090   Code   RO         9059    i.prvNotifyQueueSetContainer  queue.o
    0x0800d54c   0x0800d54c   0x00000060   Code   RO         9645    i.prvProcessExpiredTimer  timers.o
    0x0800d5ac   0x0800d5ac   0x000000f0   Code   RO         9646    i.prvProcessReceivedCommands  timers.o
    0x0800d69c   0x0800d69c   0x0000006c   Code   RO         9647    i.prvProcessTimerOrBlockTask  timers.o
    0x0800d708   0x0800d708   0x00000020   Code   RO         9293    i.prvResetNextTaskUnblockTime  tasks.o
    0x0800d728   0x0800d728   0x00000028   Code   RO         9648    i.prvSampleTimeNow  timers.o
    0x0800d750   0x0800d750   0x0000006c   Code   RO         9649    i.prvSwitchTimerLists  timers.o
    0x0800d7bc   0x0800d7bc   0x0000006c   Code   RO         9776    i.prvTaskExitError  port.o
    0x0800d828   0x0800d828   0x00000024   Code   RO         9650    i.prvTimerTask      timers.o
    0x0800d84c   0x0800d84c   0x00000078   Code   RO         9060    i.prvUnlockQueue    queue.o
    0x0800d8c4   0x0800d8c4   0x00000100   Code   RO         7559    i.put_fat           ff.o
    0x0800d9c4   0x0800d9c4   0x00000114   Code   RO         9866    i.pvPortMalloc      heap_4.o
    0x0800dad8   0x0800dad8   0x00000018   Code   RO         9295    i.pvTaskIncrementMutexHeldCount  tasks.o
    0x0800daf0   0x0800daf0   0x00000030   Code   RO         9777    i.pxPortInitialiseStack  port.o
    0x0800db20   0x0800db20   0x00000106   Code   RO         7564    i.remove_chain      ff.o
    0x0800dc26   0x0800dc26   0x00000028   Code   RO         7565    i.st_clust          ff.o
    0x0800dc4e   0x0800dc4e   0x00000010   Code   RO         7566    i.st_dword          ff.o
    0x0800dc5e   0x0800dc5e   0x0000004a   Code   RO         7567    i.st_qword          ff.o
    0x0800dca8   0x0800dca8   0x00000008   Code   RO         7568    i.st_word           ff.o
    0x0800dcb0   0x0800dcb0   0x0000011c   Code   RO            9    i.start_task        main.o
    0x0800ddcc   0x0800ddcc   0x0000006a   Code   RO         7569    i.store_xdir        ff.o
    0x0800de36   0x0800de36   0x0000001c   Code   RO         7570    i.sum_sfn           ff.o
    0x0800de52   0x0800de52   0x00000002   PAD
    0x0800de54   0x0800de54   0x00000088   Code   RO         7571    i.sync_fs           ff.o
    0x0800dedc   0x0800dedc   0x00000046   Code   RO         7572    i.sync_window       ff.o
    0x0800df22   0x0800df22   0x0000004e   Code   RO         7573    i.tchar2uni         ff.o
    0x0800df70   0x0800df70   0x00000154   Code   RO          865    i.uart_init         usart.o
    0x0800e0c4   0x0800e0c4   0x0000001c   Code   RO           10    i.usart1Process_task  main.o
    0x0800e0e0   0x0800e0e0   0x00000024   Code   RO         9007    i.uxListRemove      list.o
    0x0800e104   0x0800e104   0x00000016   Code   RO         9008    i.vListInitialise   list.o
    0x0800e11a   0x0800e11a   0x00000006   Code   RO         9009    i.vListInitialiseItem  list.o
    0x0800e120   0x0800e120   0x00000030   Code   RO         9010    i.vListInsert       list.o
    0x0800e150   0x0800e150   0x00000018   Code   RO         9011    i.vListInsertEnd    list.o
    0x0800e168   0x0800e168   0x00000080   Code   RO         9779    i.vPortEnterCritical  port.o
    0x0800e1e8   0x0800e1e8   0x00000068   Code   RO         9780    i.vPortExitCritical  port.o
    0x0800e250   0x0800e250   0x0000009c   Code   RO         9867    i.vPortFree         heap_4.o
    0x0800e2ec   0x0800e2ec   0x00000020   Code   RO         9781    i.vPortSetupTimerInterrupt  port.o
    0x0800e30c   0x0800e30c   0x00000090   Code   RO         9782    i.vPortValidateInterruptPriority  port.o
    0x0800e39c   0x0800e39c   0x00000028   Code   RO         9066    i.vQueueAddToRegistry  queue.o
    0x0800e3c4   0x0800e3c4   0x00000044   Code   RO         9070    i.vQueueWaitForMessageRestricted  queue.o
    0x0800e408   0x0800e408   0x0000006c   Code   RO         9303    i.vTaskDelay        tasks.o
    0x0800e474   0x0800e474   0x000000cc   Code   RO         9305    i.vTaskDelete       tasks.o
    0x0800e540   0x0800e540   0x0000000c   Code   RO         9309    i.vTaskMissedYield  tasks.o
    0x0800e54c   0x0800e54c   0x00000054   Code   RO         9311    i.vTaskPlaceOnEventList  tasks.o
    0x0800e5a0   0x0800e5a0   0x0000005c   Code   RO         9312    i.vTaskPlaceOnEventListRestricted  tasks.o
    0x0800e5fc   0x0800e5fc   0x00000088   Code   RO         9314    i.vTaskPriorityInherit  tasks.o
    0x0800e684   0x0800e684   0x00000048   Code   RO         9318    i.vTaskSetTimeOutState  tasks.o
    0x0800e6cc   0x0800e6cc   0x0000009c   Code   RO         9319    i.vTaskStartScheduler  tasks.o
    0x0800e768   0x0800e768   0x00000010   Code   RO         9321    i.vTaskSuspendAll   tasks.o
    0x0800e778   0x0800e778   0x0000007c   Code   RO         9322    i.vTaskSwitchContext  tasks.o
    0x0800e7f4   0x0800e7f4   0x00000034   Code   RO         7574    i.validate          ff.o
    0x0800e828   0x0800e828   0x00000064   Code   RO         8886    i.xEventGroupClearBits  event_groups.o
    0x0800e88c   0x0800e88c   0x0000001a   Code   RO         8888    i.xEventGroupCreate  event_groups.o
    0x0800e8a6   0x0800e8a6   0x00000002   PAD
    0x0800e8a8   0x0800e8a8   0x000000b4   Code   RO         8890    i.xEventGroupSetBits  event_groups.o
    0x0800e95c   0x0800e95c   0x000000e0   Code   RO         9783    i.xPortStartScheduler  port.o
    0x0800ea3c   0x0800ea3c   0x00000030   Code   RO         9784    i.xPortSysTickHandler  port.o
    0x0800ea6c   0x0800ea6c   0x00000078   Code   RO         9075    i.xQueueGenericCreate  queue.o
    0x0800eae4   0x0800eae4   0x00000188   Code   RO         9076    i.xQueueGenericReceive  queue.o
    0x0800ec6c   0x0800ec6c   0x000000b4   Code   RO         9077    i.xQueueGenericReset  queue.o
    0x0800ed20   0x0800ed20   0x00000180   Code   RO         9078    i.xQueueGenericSend  queue.o
    0x0800eea0   0x0800eea0   0x000000e8   Code   RO         9079    i.xQueueGenericSendFromISR  queue.o
    0x0800ef88   0x0800ef88   0x000000cc   Code   RO         9080    i.xQueueGiveFromISR  queue.o
    0x0800f054   0x0800f054   0x00000088   Code   RO         9323    i.xTaskCheckForTimeOut  tasks.o
    0x0800f0dc   0x0800f0dc   0x00000056   Code   RO         9324    i.xTaskCreate       tasks.o
    0x0800f132   0x0800f132   0x00000002   PAD
    0x0800f134   0x0800f134   0x0000001c   Code   RO         9328    i.xTaskGetSchedulerState  tasks.o
    0x0800f150   0x0800f150   0x0000000c   Code   RO         9329    i.xTaskGetTickCount  tasks.o
    0x0800f15c   0x0800f15c   0x000000e8   Code   RO         9331    i.xTaskIncrementTick  tasks.o
    0x0800f244   0x0800f244   0x000000b8   Code   RO         9334    i.xTaskPriorityDisinherit  tasks.o
    0x0800f2fc   0x0800f2fc   0x00000098   Code   RO         9335    i.xTaskRemoveFromEventList  tasks.o
    0x0800f394   0x0800f394   0x0000009c   Code   RO         9336    i.xTaskRemoveFromUnorderedEventList  tasks.o
    0x0800f430   0x0800f430   0x000000e8   Code   RO         9337    i.xTaskResumeAll    tasks.o
    0x0800f518   0x0800f518   0x00000074   Code   RO         9653    i.xTimerCreate      timers.o
    0x0800f58c   0x0800f58c   0x00000074   Code   RO         9654    i.xTimerCreateTimerTask  timers.o
    0x0800f600   0x0800f600   0x00000090   Code   RO         9655    i.xTimerGenericCommand  timers.o
    0x0800f690   0x0800f690   0x00000034   Code   RO         7575    i.xdir_sum          ff.o
    0x0800f6c4   0x0800f6c4   0x0000003e   Code   RO         7576    i.xname_sum         ff.o
    0x0800f702   0x0800f702   0x0000000a   Code   RO        10169    x$fpl$fpinit        fz_wv.l(fpinit.o)
    0x0800f70c   0x0800f70c   0x00000000   Code   RO        10019    x$fpl$usenofp       fz_wv.l(usenofp.o)
    0x0800f70c   0x0800f70c   0x00000010   Data   RO          651    .constdata          system_stm32h7xx.o
    0x0800f71c   0x0800f71c   0x00000008   Data   RO         1409    .constdata          stm32h7xx_hal_dma.o
    0x0800f724   0x0800f724   0x00000018   Data   RO         2336    .constdata          stm32h7xx_hal_uart.o
    0x0800f73c   0x0800f73c   0x0000002d   Data   RO         6892    .constdata          dwin.o
    0x0800f769   0x0800f769   0x00000003   PAD
    0x0800f76c   0x0800f76c   0x00000018   Data   RO         7281    .constdata          malloc.o
    0x0800f784   0x0800f784   0x0000003c   Data   RO         7579    .constdata          ff.o
    0x0800f7c0   0x0800f7c0   0x000002ae   Data   RO         7989    .constdata          myffunicode.o
    0x0800fa6e   0x0800fa6e   0x00000011   Data   RO         9955    .constdata          c_w.l(__printf_flags_wp.o)
    0x0800fa7f   0x0800fa7f   0x00000001   PAD
    0x0800fa80   0x0800fa80   0x00000030   Data   RO        10021    .constdata          m_wv.l(cos_i.o)
    0x0800fab0   0x0800fab0   0x000000c8   Data   RO        10039    .constdata          m_wv.l(rred.o)
    0x0800fb78   0x0800fb78   0x00000028   Data   RO        10043    .constdata          m_wv.l(sin_i.o)
    0x0800fba0   0x0800fba0   0x00000026   Data   RO         6893    .conststring        dwin.o
    0x0800fbc6   0x0800fbc6   0x00000002   PAD
    0x0800fbc8   0x0800fbc8   0x00000004   Data   RO         8092    .conststring        usbh_msc.o
    0x0800fbcc   0x0800fbcc   0x00000020   Data   RO        10225    Region$$Table       anon$$obj.o


    Execution Region RW_IRAM2 (Exec base: 0x24000000, Load base: 0x0800fbec, Size: 0x00041ad0, Max: 0x00080000, ABSOLUTE, COMPRESSED[0x00000170])

    Exec Addr    Load Addr    Size         Type   Attr      Idx    E Section Name        Object

    0x24000000   COMPRESSED   0x0000001c   Data   RW           12    .data               main.o
    0x2400001c   COMPRESSED   0x00000004   Data   RW          652    .data               system_stm32h7xx.o
    0x24000020   COMPRESSED   0x00000004   Data   RW          653    .data               system_stm32h7xx.o
    0x24000024   COMPRESSED   0x00000008   Data   RW          729    .data               delay.o
    0x2400002c   COMPRESSED   0x00000008   Data   RW          867    .data               usart.o
    0x24000034   COMPRESSED   0x00000004   Data   RW          868    .data               usart.o
    0x24000038   COMPRESSED   0x0000000c   Data   RW          998    .data               stm32h7xx_hal.o
    0x24000044   COMPRESSED   0x00000004   Data   RW         6597    .data               w25qxx.o
    0x24000048   COMPRESSED   0x00000004   Data   RW         6827    .data               rtc.o
    0x2400004c   COMPRESSED   0x00000210   Data   RW         6894    .data               dwin.o
    0x2400025c   COMPRESSED   0x00000008   Data   RW         7027    .data               rs232.o
    0x24000264   COMPRESSED   0x00000008   Data   RW         7145    .data               rs485.o
    0x2400026c   COMPRESSED   0x0000001c   Data   RW         7282    .data               malloc.o
    0x24000288   COMPRESSED   0x0000000c   Data   RW         7362    .data               exfuns.o
    0x24000294   COMPRESSED   0x00000002   Data   RW         7581    .data               ff.o
    0x24000296   COMPRESSED   0x00000002   PAD
    0x24000298   COMPRESSED   0x00000020   Data   RW         8093    .data               usbh_msc.o
    0x240002b8   COMPRESSED   0x00000008   Data   RW         8598    .data               timer.o
    0x240002c0   COMPRESSED   0x0000003c   Data   RW         9340    .data               tasks.o
    0x240002fc   COMPRESSED   0x00000014   Data   RW         9663    .data               timers.o
    0x24000310   COMPRESSED   0x0000000c   Data   RW         9785    .data               port.o
    0x2400031c   COMPRESSED   0x00000018   Data   RW         9872    .data               heap_4.o
    0x24000334        -       0x0000003c   Zero   RW           11    .bss                main.o
    0x24000370        -       0x000030d0   Zero   RW          866    .bss                usart.o
    0x24003440        -       0x00000034   Zero   RW         6356    .bss                sdram.o
    0x24003474        -       0x00001000   Zero   RW         6596    .bss                w25qxx.o
    0x24004474        -       0x0000004c   Zero   RW         6707    .bss                qspi.o
    0x240044c0        -       0x000002c8   Zero   RW         6760    .bss                notepad.o
    0x24004788        -       0x00000024   Zero   RW         6825    .bss                rtc.o
    0x240047ac        -       0x00000014   Zero   RW         6826    .bss                rtc.o
    0x240047c0        -       0x000000f0   Zero   RW         6890    .bss                dwin.o
    0x240048b0        -       0x00000194   Zero   RW         7026    .bss                rs232.o
    0x24004a44        -       0x00000010   Zero   RW         7094    .bss                rng.o
    0x24004a54        -       0x00000278   Zero   RW         7144    .bss                rs485.o
    0x24004ccc   COMPRESSED   0x00000034   PAD
    0x24004d00        -       0x0002d000   Zero   RW         7279    .bss                malloc.o
    0x24031d00        -       0x00002d00   Zero   RW         7280    .bss                malloc.o
    0x24034a00        -       0x00000010   Zero   RW         7357    .bss                exfuns.o
    0x24034a10        -       0x00000010   Zero   RW         7578    .bss                ff.o
    0x24034a20        -       0x00000029   Zero   RW         8031    .bss                fontupd.o
    0x24034a49   COMPRESSED   0x00000003   PAD
    0x24034a4c        -       0x00000040   Zero   RW         8596    .bss                timer.o
    0x24034a8c        -       0x00000298   Zero   RW         8672    .bss                usbh_conf.o
    0x24034d24        -       0x00000040   Zero   RW         9090    .bss                queue.o
    0x24034d64        -       0x000002e4   Zero   RW         9339    .bss                tasks.o
    0x24035048        -       0x00000028   Zero   RW         9662    .bss                timers.o
    0x24035070        -       0x0000b800   Zero   RW         9871    .bss                heap_4.o
    0x24040870        -       0x00000060   Zero   RW        10087    .bss                c_w.l(libspace.o)
    0x240408d0        -       0x00000200   Zero   RW          715    HEAP                startup_stm32h743xx.o
    0x24040ad0        -       0x00001000   Zero   RW          714    STACK               startup_stm32h743xx.o



  Load Region LR$$.ARM.__AT_0x20000000 (Base: 0x20000000, Size: 0x00000000, Max: 0x0000f000, ABSOLUTE)

    Execution Region ER$$.ARM.__AT_0x20000000 (Exec base: 0x20000000, Load base: 0x20000000, Size: 0x0000f000, Max: 0x0000f000, ABSOLUTE, UNINIT)

    Exec Addr    Load Addr    Size         Type   Attr      Idx    E Section Name        Object

    0x20000000        -       0x0000f000   Zero   RW         7277    .ARM.__AT_0x20000000  malloc.o



  Load Region LR$$.ARM.__AT_0x2000F000 (Base: 0x2000f000, Size: 0x00000000, Max: 0x00000f00, ABSOLUTE)

    Execution Region ER$$.ARM.__AT_0x2000F000 (Exec base: 0x2000f000, Load base: 0x2000f000, Size: 0x00000f00, Max: 0x00000f00, ABSOLUTE, UNINIT)

    Exec Addr    Load Addr    Size         Type   Attr      Idx    E Section Name        Object

    0x2000f000        -       0x00000f00   Zero   RW         7278    .ARM.__AT_0x2000F000  malloc.o


==============================================================================

Image component sizes


      Code (inc. data)   RO Data    RW Data    ZI Data      Debug   Object Name

       128          0          0          0          0       1341   24cxx.o
       182         12          0          8          0      12581   delay.o
       256          0          0          0          0       4902   diskio.o
      3372        238         83        528        240      16752   dwin.o
       306         88          0          0          0      15548   event_groups.o
       148          8          0         12         16       2561   exfuns.o
     10480        106         60          2         16      78973   ff.o
        20          0          0          0          0       1529   ffsystem.o
         0          0          0          0         41       1463   fontupd.o
       588        138          0         24      47104       4059   heap_4.o
        76          8          0          0          0        875   led.o
       136          0          0          0          0       3210   list.o
      2484        346          0         28         60    1055225   main.o
       416         46         24         28     261120       7044   malloc.o
       274         10          0          0          0       9414   mpu.o
       360         30        686          0          0       3224   myffunicode.o
       712         40          0          0          0       5074   myiic.o
       476         94          0          0        712       6352   notepad.o
       196          8          0          0          0       2921   pcf8574.o
      1022        400          0         12          0      10873   port.o
       348         40          0          0         76       3777   qspi.o
      2058        276          0          0         64      14689   queue.o
       156         18          0          0         16       2429   rng.o
       768         76          0          8        404      39594   rs232.o
       692         56          0          8        632       4356   rs485.o
       260         24          0          4         56       3457   rtc.o
       476         44          0          0         52       3454   sdram.o
        64         26        664          0       4608        836   startup_stm32h743xx.o
       188         32          0         12          0       5255   stm32h7xx_hal.o
       314         18          0          0          0      40060   stm32h7xx_hal_cortex.o
      2316        120          8          0          0      12010   stm32h7xx_hal_dma.o
       528         50          0          0          0       3956   stm32h7xx_hal_gpio.o
      2236          6          0          0          0      13665   stm32h7xx_hal_hcd.o
         2          0          0          0          0        450   stm32h7xx_hal_msp.o
        16          4          0          0          0        551   stm32h7xx_hal_pwr.o
        16          4          0          0          0        581   stm32h7xx_hal_pwr_ex.o
      1378         10          0          0          0       7240   stm32h7xx_hal_qspi.o
      2128         82          0          0          0       6488   stm32h7xx_hal_rcc.o
      3548        114          0          0          0       8255   stm32h7xx_hal_rcc_ex.o
       214          0          0          0          0       3279   stm32h7xx_hal_rng.o
       964         26          0          0          0       7636   stm32h7xx_hal_rtc.o
        20          0          0          0          0       1739   stm32h7xx_hal_rtc_ex.o
       162          4          0          0          0       2764   stm32h7xx_hal_sdram.o
       664         34          0          0          0       6669   stm32h7xx_hal_tim.o
         4          0          0          0          0       1766   stm32h7xx_hal_tim_ex.o
      3028        150         24          0          0      40357   stm32h7xx_hal_uart.o
         2          0          0          0          0       1024   stm32h7xx_hal_uart_ex.o
        12          0          0          0          0    1297428   stm32h7xx_it.o
       278          6          0          0          0       3420   stm32h7xx_ll_fmc.o
      2022         64          0          0          0      17467   stm32h7xx_ll_usb.o
       316         18          0          0          0      36493   sys.o
       136         18         16          8          0       1298   system_stm32h7xx.o
      2930        714          0         60        740      30795   tasks.o
       168         38          0          8         64       3705   timer.o
      1144        260          0         20         40      10026   timers.o
       690         62          0         12      12496      45208   usart.o
       498         38          0          0        664      12461   usbh_conf.o
       992         20          0          0          0       9464   usbh_core.o
      1076         12          0          0          0       9864   usbh_ctlreq.o
       296         14          0          0          0       3427   usbh_diskio.o
       172          0          0          0          0       4280   usbh_ioreq.o
      1636         10          4         32          0       9906   usbh_msc.o
       594         24          0          0          0       4777   usbh_msc_bot.o
       812          0          0          0          0       6311   usbh_msc_scsi.o
       106          0          0          0          0       3302   usbh_pipes.o
       842         40          0          4       4096       8704   w25qxx.o

    ----------------------------------------------------------------------
     58972       4124       1606        820     333372    2998594   Object Totals
         0          0         32          0          0          0   (incl. Generated)
        70          0          5          2         55          0   (incl. Padding)

    ----------------------------------------------------------------------

      Code (inc. data)   RO Data    RW Data    ZI Data      Debug   Library Member Name

        90          0          0          0          0          0   __dczerorl2.o
         8          0          0          0          0         68   __main.o
       312          4         17          0          0         92   __printf_flags_wp.o
        14          0          0          0          0         68   __printf_wp.o
         0          0          0          0          0          0   __rtentry.o
        12          0          0          0          0          0   __rtentry2.o
         6          0          0          0          0          0   __rtentry4.o
        52          8          0          0          0          0   __scatter.o
        28          0          0          0          0          0   __scatter_zi.o
        44          0          0          0          0        108   _printf_char.o
        48          6          0          0          0         96   _printf_char_common.o
        36          4          0          0          0         80   _printf_char_file.o
         6          0          0          0          0          0   _printf_d.o
       120         16          0          0          0         92   _printf_dec.o
       178          0          0          0          0         88   _printf_intcommon.o
        78          0          0          0          0        108   _printf_pad.o
         0          0          0          0          0          0   _printf_percent.o
         4          0          0          0          0          0   _printf_percent_end.o
         6          0          0          0          0          0   _printf_s.o
        82          0          0          0          0         80   _printf_str.o
        22          0          0          0          0        100   _rserrno.o
        10          0          0          0          0         68   _sputc.o
        16          0          0          0          0         68   aeabi_memset.o
        18          0          0          0          0         80   exit.o
         8          0          0          0          0         68   ferror.o
         6          0          0          0          0        152   heapauxi.o
         2          0          0          0          0          0   libinit.o
         6          0          0          0          0          0   libinit2.o
         2          0          0          0          0          0   libshutdown.o
         2          0          0          0          0          0   libshutdown2.o
         8          4          0          0         96         68   libspace.o
       238          0          0          0          0        100   lludivv7m.o
        24          4          0          0          0         84   noretval__2printf.o
        40          6          0          0          0         84   noretval__2sprintf.o
         8          4          0          0          0         68   rt_errno_addr_intlibspace.o
        68          0          0          0          0         68   rt_memclr.o
        78          0          0          0          0         80   rt_memclr_w.o
       138          0          0          0          0         68   rt_memcpy_v6.o
       100          0          0          0          0         80   rt_memcpy_w.o
         2          0          0          0          0          0   rtexit.o
        10          0          0          0          0          0   rtexit2.o
        74          0          0          0          0         80   sys_stackheap_outer.o
        10          0          0          0          0        116   fpinit.o
         0          0          0          0          0          0   usenofp.o
       224         42         48          0          0        184   cos_i.o
        48         28          0          0          0        232   dunder.o
        24          0          0          0          0        124   fabs.o
        48          0          0          0          0        124   fpclassify.o
       112          0          0          0          0        116   poly.o
       784        138        200          0          0        172   rred.o
       176         18          0          0          0        160   sin.o
       168         24         40          0          0        196   sin_i.o

    ----------------------------------------------------------------------
      3608        306        306          0         96       3620   Library Totals
        10          0          1          0          0          0   (incl. Padding)

    ----------------------------------------------------------------------

      Code (inc. data)   RO Data    RW Data    ZI Data      Debug   Library Name

      2004         56         17          0         96       2196   c_w.l
        10          0          0          0          0        116   fz_wv.l
      1584        250        288          0          0       1308   m_wv.l

    ----------------------------------------------------------------------
      3608        306        306          0         96       3620   Library Totals

    ----------------------------------------------------------------------

==============================================================================


      Code (inc. data)   RO Data    RW Data    ZI Data      Debug   

     62580       4430       1912        820     333468    2952670   Grand Totals
     62580       4430       1912        368     333468    2952670   ELF Image Totals (compressed)
     62580       4430       1912        368          0          0   ROM Totals

==============================================================================

    Total RO  Size (Code + RO Data)                64492 (  62.98kB)
    Total RW  Size (RW Data + ZI Data)            334288 ( 326.45kB)
    Total ROM Size (Code + RO Data + RW Data)      64860 (  63.34kB)

==============================================================================

