Component: ARM Compiler 5.06 update 6 (build 750) Tool: armlink [4d35ed]

==============================================================================

Section Cross References

    main.o(i.CreateSineVal) refers to sin.o(i.__hardfp_sin) for __hardfp_sin
    main.o(i.CreateSineVal) refers to main.o(.bss) for .bss
    main.o(i.changepage_task) refers to event_groups.o(i.xEventGroupClearBits) for xEventGroupClearBits
    main.o(i.changepage_task) refers to dwin.o(i.Dwin_CmdCreate) for Dwin_CmdCreate
    main.o(i.changepage_task) refers to rs232.o(i.RS232_Send_Data) for RS232_Send_Data
    main.o(i.changepage_task) refers to tasks.o(i.vTaskDelay) for vTaskDelay
    main.o(i.changepage_task) refers to dwin.o(i.ClearCurse) for ClearCurse
    main.o(i.changepage_task) refers to queue.o(i.xQueueGenericReceive) for xQueueGenericReceive
    main.o(i.changepage_task) refers to dwin.o(i.Dwin_RxDeal) for Dwin_RxDeal
    main.o(i.changepage_task) refers to dwin.o(i.Dwin_DataManager) for Dwin_DataManager
    main.o(i.changepage_task) refers to main.o(.data) for .data
    main.o(i.changepage_task) refers to dwin.o(.bss) for ucData
    main.o(i.changepage_task) refers to dwin.o(.data) for usAddress
    main.o(i.changepage_task) refers to rs232.o(.data) for RS232_BinarySemaphore
    main.o(i.debugProcess_task) refers to usbh_core.o(i.USBH_Process) for USBH_Process
    main.o(i.debugProcess_task) refers to tasks.o(i.vTaskDelay) for vTaskDelay
    main.o(i.debugProcess_task) refers to notepad.o(.bss) for hUSBHost
    main.o(i.main) refers to sys.o(i.Cache_Enable) for Cache_Enable
    main.o(i.main) refers to mpu.o(i.MPU_Memory_Protection) for MPU_Memory_Protection
    main.o(i.main) refers to stm32h7xx_hal.o(i.HAL_Init) for HAL_Init
    main.o(i.main) refers to sys.o(i.Stm32_Clock_Init) for Stm32_Clock_Init
    main.o(i.main) refers to delay.o(i.delay_init) for delay_init
    main.o(i.main) refers to usart.o(i.uart_init) for uart_init
    main.o(i.main) refers to rs232.o(i.RS232_Init) for RS232_Init
    main.o(i.main) refers to rs485.o(i.RS485_Init) for RS485_Init
    main.o(i.main) refers to led.o(i.LED_Init) for LED_Init
    main.o(i.main) refers to sdram.o(i.SDRAM_Init) for SDRAM_Init
    main.o(i.main) refers to rtc.o(i.RTC_Init) for RTC_Init
    main.o(i.main) refers to rng.o(i.RNG_Init) for RNG_Init
    main.o(i.main) refers to w25qxx.o(i.W25QXX_Init) for W25QXX_Init
    main.o(i.main) refers to malloc.o(i.my_mem_init) for my_mem_init
    main.o(i.main) refers to exfuns.o(i.exfuns_init) for exfuns_init
    main.o(i.main) refers to ff.o(i.f_mount) for f_mount
    main.o(i.main) refers to notepad.o(i.USB_USER_Init) for USB_USER_Init
    main.o(i.main) refers to tasks.o(i.xTaskCreate) for xTaskCreate
    main.o(i.main) refers to tasks.o(i.vTaskStartScheduler) for vTaskStartScheduler
    main.o(i.main) refers to exfuns.o(.bss) for fs
    main.o(i.main) refers to main.o(.data) for .data
    main.o(i.main) refers to dwin.o(.data) for ucPageNo
    main.o(i.main) refers to main.o(i.start_task) for start_task
    main.o(i.pagedataProcess_task) refers to event_groups.o(i.xEventGroupClearBits) for xEventGroupClearBits
    main.o(i.pagedataProcess_task) refers to malloc.o(i.mymalloc) for mymalloc
    main.o(i.pagedataProcess_task) refers to event_groups.o(i.xEventGroupSetBits) for xEventGroupSetBits
    main.o(i.pagedataProcess_task) refers to rng.o(i.RNG_Get_RandomRange) for RNG_Get_RandomRange
    main.o(i.pagedataProcess_task) refers to dwin.o(i.Dwin_CmdCreate) for Dwin_CmdCreate
    main.o(i.pagedataProcess_task) refers to rs232.o(i.RS232_Send_Data) for RS232_Send_Data
    main.o(i.pagedataProcess_task) refers to main.o(i.CreateSineVal) for CreateSineVal
    main.o(i.pagedataProcess_task) refers to dwin.o(i.Dwin_DrawCurse) for Dwin_DrawCurse
    main.o(i.pagedataProcess_task) refers to dwin.o(i.Dwin_FaultEventDisplay) for Dwin_FaultEventDisplay
    main.o(i.pagedataProcess_task) refers to malloc.o(i.myfree) for myfree
    main.o(i.pagedataProcess_task) refers to malloc.o(i.mymemset) for mymemset
    main.o(i.pagedataProcess_task) refers to notepad.o(i.noteWrite) for noteWrite
    main.o(i.pagedataProcess_task) refers to stm32h7xx_hal_gpio.o(i.HAL_GPIO_TogglePin) for HAL_GPIO_TogglePin
    main.o(i.pagedataProcess_task) refers to main.o(.data) for .data
    main.o(i.pagedataProcess_task) refers to dwin.o(.data) for ucPageNo
    main.o(i.pagedataProcess_task) refers to usart.o(.bss) for ucDebug_RX_BUF
    main.o(i.pagedataProcess_task) refers to dwin.o(.bss) for ucData
    main.o(i.pagedataProcess_task) refers to main.o(.bss) for .bss
    main.o(i.pagedataProcess_task) refers to usart.o(.data) for ucDebug_RX_CNT
    main.o(i.start_task) refers to port.o(i.vPortEnterCritical) for vPortEnterCritical
    main.o(i.start_task) refers to queue.o(i.xQueueGenericCreate) for xQueueGenericCreate
[...]
    vListInsert                              0x0800d94d   Thumb Code    48  list.o(i.vListInsert)
    vListInsertEnd                           0x0800d97d   Thumb Code    24  list.o(i.vListInsertEnd)
    vPortEnterCritical                       0x0800d995   Thumb Code    54  port.o(i.vPortEnterCritical)
    vPortExitCritical                        0x0800da15   Thumb Code    34  port.o(i.vPortExitCritical)
    vPortFree                                0x0800da7d   Thumb Code    94  heap_4.o(i.vPortFree)
    vPortSetupTimerInterrupt                 0x0800db19   Thumb Code    26  port.o(i.vPortSetupTimerInterrupt)
    vPortValidateInterruptPriority           0x0800db39   Thumb Code    70  port.o(i.vPortValidateInterruptPriority)
    vQueueAddToRegistry                      0x0800dbc9   Thumb Code    34  queue.o(i.vQueueAddToRegistry)
    vQueueWaitForMessageRestricted           0x0800dbf1   Thumb Code    68  queue.o(i.vQueueWaitForMessageRestricted)
    vTaskDelay                               0x0800dc35   Thumb Code    62  tasks.o(i.vTaskDelay)
    vTaskDelete                              0x0800dca1   Thumb Code   152  tasks.o(i.vTaskDelete)
    vTaskMissedYield                         0x0800dd6d   Thumb Code     8  tasks.o(i.vTaskMissedYield)
    vTaskPlaceOnEventList                    0x0800dd79   Thumb Code    44  tasks.o(i.vTaskPlaceOnEventList)
    vTaskPlaceOnEventListRestricted          0x0800ddcd   Thumb Code    52  tasks.o(i.vTaskPlaceOnEventListRestricted)
    vTaskPriorityInherit                     0x0800de29   Thumb Code   128  tasks.o(i.vTaskPriorityInherit)
    vTaskSetTimeOutState                     0x0800deb1   Thumb Code    30  tasks.o(i.vTaskSetTimeOutState)
    vTaskStartScheduler                      0x0800def9   Thumb Code   104  tasks.o(i.vTaskStartScheduler)
    vTaskSuspendAll                          0x0800df95   Thumb Code    10  tasks.o(i.vTaskSuspendAll)
    vTaskSwitchContext                       0x0800dfa5   Thumb Code    80  tasks.o(i.vTaskSwitchContext)
    xEventGroupClearBits                     0x0800e055   Thumb Code    56  event_groups.o(i.xEventGroupClearBits)
    xEventGroupCreate                        0x0800e0b9   Thumb Code    26  event_groups.o(i.xEventGroupCreate)
    xEventGroupSetBits                       0x0800e0d5   Thumb Code   136  event_groups.o(i.xEventGroupSetBits)
    xPortStartScheduler                      0x0800e189   Thumb Code   144  port.o(i.xPortStartScheduler)
    xPortSysTickHandler                      0x0800e269   Thumb Code    42  port.o(i.xPortSysTickHandler)
    xQueueGenericCreate                      0x0800e299   Thumb Code    82  queue.o(i.xQueueGenericCreate)
    xQueueGenericReceive                     0x0800e311   Thumb Code   352  queue.o(i.xQueueGenericReceive)
    xQueueGenericReset                       0x0800e499   Thumb Code   140  queue.o(i.xQueueGenericReset)
    xQueueGenericSend                        0x0800e54d   Thumb Code   344  queue.o(i.xQueueGenericSend)
    xQueueGenericSendFromISR                 0x0800e6cd   Thumb Code   194  queue.o(i.xQueueGenericSendFromISR)
    xQueueGiveFromISR                        0x0800e7b5   Thumb Code   166  queue.o(i.xQueueGiveFromISR)
    xTaskCheckForTimeOut                     0x0800e881   Thumb Code    94  tasks.o(i.xTaskCheckForTimeOut)
    xTaskCreate                              0x0800e909   Thumb Code    86  tasks.o(i.xTaskCreate)
    xTaskGetSchedulerState                   0x0800e961   Thumb Code    22  tasks.o(i.xTaskGetSchedulerState)
    xTaskGetTickCount                        0x0800e97d   Thumb Code     6  tasks.o(i.xTaskGetTickCount)
    xTaskIncrementTick                       0x0800e989   Thumb Code   188  tasks.o(i.xTaskIncrementTick)
    xTaskPriorityDisinherit                  0x0800ea71   Thumb Code   140  tasks.o(i.xTaskPriorityDisinherit)
    xTaskRemoveFromEventList                 0x0800eb29   Thumb Code   102  tasks.o(i.xTaskRemoveFromEventList)
    xTaskRemoveFromUnorderedEventList        0x0800ebc1   Thumb Code   112  tasks.o(i.xTaskRemoveFromUnorderedEventList)
    xTaskResumeAll                           0x0800ec5d   Thumb Code   184  tasks.o(i.xTaskResumeAll)
    xTimerCreate                             0x0800ed45   Thumb Code    74  timers.o(i.xTimerCreate)
    xTimerCreateTimerTask                    0x0800edb9   Thumb Code    58  timers.o(i.xTimerCreateTimerTask)
    xTimerGenericCommand                     0x0800ee2d   Thumb Code    98  timers.o(i.xTimerGenericCommand)
    _fp_init                                 0x0800ef2f   Thumb Code    10  fpinit.o(x$fpl$fpinit)
    __fplib_config_fpu_vfp                   0x0800ef37   Thumb Code     0  fpinit.o(x$fpl$fpinit)
    __fplib_config_pureend_doubles           0x0800ef37   Thumb Code     0  fpinit.o(x$fpl$fpinit)
    D1CorePrescTable                         0x0800ef38   Data          16  system_stm32h7xx.o(.constdata)
    __I$use$fp                               0x0800ef38   Number         0  usenofp.o(x$fpl$usenofp)
    ucDwin_Fault_Text                        0x0800ef68   Data          20  dwin.o(.constdata)
    memtblsize                               0x0800ef7c   Data           8  malloc.o(.constdata)
    memblksize                               0x0800ef84   Data           8  malloc.o(.constdata)
    memsize                                  0x0800ef8c   Data           8  malloc.o(.constdata)
    Region$$Table$$Base                      0x0800f404   Number         0  anon$$obj.o(Region$$Table)
    Region$$Table$$Limit                     0x0800f424   Number         0  anon$$obj.o(Region$$Table)
    mem2base                                 0x20000000   Data       61440  malloc.o(.ARM.__AT_0x20000000)
    mem2mapbase                              0x2000f000   Data        3840  malloc.o(.ARM.__AT_0x2000F000)
    sinbuf                                   0x24000000   Data           4  main.o(.data)
    StartTask_Handler                        0x24000004   Data           4  main.o(.data)
    ChangePageTask_Handler                   0x24000008   Data           4  main.o(.data)
    PageDataProcess_Handler                  0x2400000c   Data           4  main.o(.data)
    DebugProcess_Handler                     0x24000010   Data           4  main.o(.data)
    Usart1Process_Handler                    0x24000014   Data           4  main.o(.data)
    Dwin_EventGroupHandler                   0x24000018   Data           4  main.o(.data)
    SystemCoreClock                          0x2400001c   Data           4  system_stm32h7xx.o(.data)
    SystemD2Clock                            0x24000020   Data           4  system_stm32h7xx.o(.data)
    USART_RX_CNT                             0x2400002c   Data           2  usart.o(.data)
    ucDebug_RX_CNT                           0x2400002e   Data           2  usart.o(.data)
    DEBUG_BinarySemaphore                    0x24000030   Data           4  usart.o(.data)
    __stdout                                 0x24000034   Data           4  usart.o(.data)
    W25QXX_QPI_MODE                          0x24000044   Data           1  w25qxx.o(.data)
    W25QXX_TYPE                              0x24000046   Data           2  w25qxx.o(.data)
    RTC_DateStruct                           0x24000048   Data           4  rtc.o(.data)
    ucPageNo                                 0x2400004c   Data           1  dwin.o(.data)
    ucZoomInNo                               0x2400004d   Data           1  dwin.o(.data)
    ucFaultRecordingNo                       0x2400004e   Data           1  dwin.o(.data)
    usAddress                                0x24000050   Data           2  dwin.o(.data)
    usFaultFlashOffset                       0x24000052   Data           2  dwin.o(.data)
    auchCRCHi                                0x24000054   Data         256  dwin.o(.data)
    auchCRCLo                                0x24000154   Data         256  dwin.o(.data)
    RS232_RX_CNT                             0x24000254   Data           1  rs232.o(.data)
    ucDwin_RX_Cnt                            0x24000255   Data           1  rs232.o(.data)
    RS232_BinarySemaphore                    0x24000258   Data           4  rs232.o(.data)
    RS485_RX_CNT                             0x2400025c   Data           1  rs485.o(.data)
    ucDAQ_RX_Cnt                             0x2400025d   Data           1  rs485.o(.data)
    RS485_BinarySemaphore                    0x24000260   Data           4  rs485.o(.data)
    mallco_dev                               0x24000264   Data          28  malloc.o(.data)
    file                                     0x24000280   Data           4  exfuns.o(.data)
    ftemp                                    0x24000284   Data           4  exfuns.o(.data)
    fatbuf                                   0x24000288   Data           4  exfuns.o(.data)
    USBH_msc                                 0x24000290   Data          32  usbh_msc.o(.data)
    FreeRTOSRunTimeTicks                     0x240002b0   Data           8  timer.o(.data)
    pxCurrentTCB                             0x240002b8   Data           4  tasks.o(.data)
    SinBuf                                   0x2400032c   Data          60  main.o(.bss)
    USART_RX_BUF                             0x24000368   Data        6064  usart.o(.bss)
    ucDebug_RX_BUF                           0x24001b18   Data        6064  usart.o(.bss)
    USART_DEBUGHandler                       0x240032c8   Data         128  usart.o(.bss)
    DEBUGTxDMA_Handler                       0x24003348   Data         120  usart.o(.bss)
    DEBUGRxDMA_Handler                       0x240033c0   Data         120  usart.o(.bss)
    SDRAM_Handler                            0x24003438   Data          52  sdram.o(.bss)
    W25QXX_BUFFER                            0x2400346c   Data        4096  w25qxx.o(.bss)
    QSPI_Handler                             0x2400446c   Data          76  qspi.o(.bss)
    hUSBHost                                 0x240044b8   Data         712  notepad.o(.bss)
    RTC_Handler                              0x24004780   Data          36  rtc.o(.bss)
    RTC_TimeStruct                           0x240047a4   Data          20  rtc.o(.bss)
    ucData                                   0x240047b8   Data          28  dwin.o(.bss)
    ucDwin_Cmd                               0x240047d4   Data         100  dwin.o(.bss)
    Dwin_FaultData                           0x24004838   Data          32  dwin.o(.bss)
    s_CurseData                              0x24004858   Data          80  dwin.o(.bss)
    USART_RS232Handler                       0x240048a8   Data         128  rs232.o(.bss)
    RS232TxDMA_Handler                       0x24004928   Data         120  rs232.o(.bss)
    RS232RxDMA_Handler                       0x240049a0   Data         120  rs232.o(.bss)
    RS232_RX_BUF                             0x24004a18   Data          24  rs232.o(.bss)
    ucRS232_Buf                              0x24004a30   Data          12  rs232.o(.bss)
    RNG_Handler                              0x24004a3c   Data          16  rng.o(.bss)
    USART_RS485Handler                       0x24004a4c   Data         128  rs485.o(.bss)
    RS485TxDMA_Handler                       0x24004acc   Data         120  rs485.o(.bss)
    RS485RxDMA_Handler                       0x24004b44   Data         120  rs485.o(.bss)
    RS485_RX_BUF                             0x24004bbc   Data          64  rs485.o(.bss)
    ucRS485_Buf                              0x24004bfc   Data         200  rs485.o(.bss)
    mem1base                                 0x24004d00   Data       163840  malloc.o(.bss)
    mem1mapbase                              0x2402cd00   Data       10240  malloc.o(.bss)
    fs                                       0x2402f500   Data          16  exfuns.o(.bss)
    ftinfo                                   0x2402f520   Data          41  fontupd.o(.bss)
    TIM3_Handler                             0x2402f54c   Data          64  timer.o(.bss)
    hhcd                                     0x2402f58c   Data         664  usbh_conf.o(.bss)
    xQueueRegistry                           0x2402f824   Data          64  queue.o(.bss)
    __libspace_start                         0x2403b370   Data          96  libspace.o(.bss)
    __temporary_stack_top$libspace           0x2403b3d0   Data           0  libspace.o(.bss)



==============================================================================

Memory Map of the image

  Image Entry point : 0x08000299

  Load Region LR_IROM1 (Base: 0x08000000, Size: 0x0000f750, Max: 0x00200000, ABSOLUTE, COMPRESSED[0x0000f590])

    Execution Region ER_IROM1 (Exec base: 0x08000000, Load base: 0x08000000, Size: 0x0000f424, Max: 0x00200000, ABSOLUTE)

    Exec Addr    Load Addr    Size         Type   Attr      Idx    E Section Name        Object

    0x08000000   0x08000000   0x00000298   Data   RO          526    RESET               startup_stm32h743xx.o
    0x08000298   0x08000298   0x00000008   Code   RO         9668  * !!!main             c_w.l(__main.o)
    0x080002a0   0x080002a0   0x00000034   Code   RO         9910    !!!scatter          c_w.l(__scatter.o)
    0x080002d4   0x080002d4   0x0000005a   Code   RO         9908    !!dczerorl2         c_w.l(__dczerorl2.o)
    0x0800032e   0x0800032e   0x00000002   PAD
    0x08000330   0x08000330   0x0000001c   Code   RO         9912    !!handler_zi        c_w.l(__scatter_zi.o)
    0x0800034c   0x0800034c   0x00000000   Code   RO         9647    .ARM.Collect$$_printf_percent$$00000000  c_w.l(_printf_percent.o)
    0x0800034c   0x0800034c   0x00000006   Code   RO         9645    .ARM.Collect$$_printf_percent$$00000009  c_w.l(_printf_d.o)
    0x08000352   0x08000352   0x00000006   Code   RO         9644    .ARM.Collect$$_printf_percent$$00000014  c_w.l(_printf_s.o)
    0x08000358   0x08000358   0x00000004   Code   RO         9699    .ARM.Collect$$_printf_percent$$00000017  c_w.l(_printf_percent_end.o)
    0x0800035c   0x0800035c   0x00000002   Code   RO         9783    .ARM.Collect$$libinit$$00000000  c_w.l(libinit.o)
    0x0800035e   0x0800035e   0x00000004   Code   RO         9792    .ARM.Collect$$libinit$$00000001  c_w.l(libinit2.o)
    0x08000362   0x08000362   0x00000000   Code   RO         9795    .ARM.Collect$$libinit$$00000004  c_w.l(libinit2.o)
    0x08000362   0x08000362   0x00000000   Code   RO         9798    .ARM.Collect$$libinit$$0000000A  c_w.l(libinit2.o)
    0x08000362   0x08000362   0x00000000   Code   RO         9800    .ARM.Collect$$libinit$$0000000C  c_w.l(libinit2.o)
    0x08000362   0x08000362   0x00000000   Code   RO         9802    .ARM.Collect$$libinit$$0000000E  c_w.l(libinit2.o)
    0x08000362   0x08000362   0x00000000   Code   RO         9805    .ARM.Collect$$libinit$$00000011  c_w.l(libinit2.o)
    0x08000362   0x08000362   0x00000000   Code   RO         9807    .ARM.Collect$$libinit$$00000013  c_w.l(libinit2.o)
    0x08000362   0x08000362   0x00000000   Code   RO         9809    .ARM.Collect$$libinit$$00000015  c_w.l(libinit2.o)
    0x08000362   0x08000362   0x00000000   Code   RO         9811    .ARM.Collect$$libinit$$00000017  c_w.l(libinit2.o)
    0x08000362   0x08000362   0x00000000   Code   RO         9813    .ARM.Collect$$libinit$$00000019  c_w.l(libinit2.o)
    0x08000362   0x08000362   0x00000000   Code   RO         9815    .ARM.Collect$$libinit$$0000001B  c_w.l(libinit2.o)
    0x08000362   0x08000362   0x00000000   Code   RO         9817    .ARM.Collect$$libinit$$0000001D  c_w.l(libinit2.o)
    0x08000362   0x08000362   0x00000000   Code   RO         9819    .ARM.Collect$$libinit$$0000001F  c_w.l(libinit2.o)
    0x08000362   0x08000362   0x00000000   Code   RO         9821    .ARM.Collect$$libinit$$00000021  c_w.l(libinit2.o)
    0x08000362   0x08000362   0x00000000   Code   RO         9823    .ARM.Collect$$libinit$$00000023  c_w.l(libinit2.o)
    0x08000362   0x08000362   0x00000000   Code   RO         9825    .ARM.Collect$$libinit$$00000025  c_w.l(libinit2.o)
    0x08000362   0x08000362   0x00000000   Code   RO         9829    .ARM.Collect$$libinit$$0000002C  c_w.l(libinit2.o)
    0x08000362   0x08000362   0x00000000   Code   RO         9831    .ARM.Collect$$libinit$$0000002E  c_w.l(libinit2.o)
    0x08000362   0x08000362   0x00000000   Code   RO         9833    .ARM.Collect$$libinit$$00000030  c_w.l(libinit2.o)
    0x08000362   0x08000362   0x00000000   Code   RO         9835    .ARM.Collect$$libinit$$00000032  c_w.l(libinit2.o)
    0x08000362   0x08000362   0x00000002   Code   RO         9836    .ARM.Collect$$libinit$$00000033  c_w.l(libinit2.o)
    0x08000364   0x08000364   0x00000002   Code   RO         9862    .ARM.Collect$$libshutdown$$00000000  c_w.l(libshutdown.o)
    0x08000366   0x08000366   0x00000000   Code   RO         9891    .ARM.Collect$$libshutdown$$00000002  c_w.l(libshutdown2.o)
    0x08000366   0x08000366   0x00000000   Code   RO         9893    .ARM.Collect$$libshutdown$$00000004  c_w.l(libshutdown2.o)
    0x08000366   0x08000366   0x00000000   Code   RO         9896    .ARM.Collect$$libshutdown$$00000007  c_w.l(libshutdown2.o)
    0x08000366   0x08000366   0x00000000   Code   RO         9899    .ARM.Collect$$libshutdown$$0000000A  c_w.l(libshutdown2.o)
    0x08000366   0x08000366   0x00000000   Code   RO         9901    .ARM.Collect$$libshutdown$$0000000C  c_w.l(libshutdown2.o)
    0x08000366   0x08000366   0x00000000   Code   RO         9904    .ARM.Collect$$libshutdown$$0000000F  c_w.l(libshutdown2.o)
    0x08000366   0x08000366   0x00000002   Code   RO         9905    .ARM.Collect$$libshutdown$$00000010  c_w.l(libshutdown2.o)
    0x08000368   0x08000368   0x00000000   Code   RO         9682    .ARM.Collect$$rtentry$$00000000  c_w.l(__rtentry.o)
    0x08000368   0x08000368   0x00000000   Code   RO         9730    .ARM.Collect$$rtentry$$00000002  c_w.l(__rtentry2.o)
    0x08000368   0x08000368   0x00000006   Code   RO         9742    .ARM.Collect$$rtentry$$00000004  c_w.l(__rtentry4.o)
    0x0800036e   0x0800036e   0x00000000   Code   RO         9732    .ARM.Collect$$rtentry$$00000009  c_w.l(__rtentry2.o)
    0x0800036e   0x0800036e   0x00000004   Code   RO         9733    .ARM.Collect$$rtentry$$0000000A  c_w.l(__rtentry2.o)
    0x08000372   0x08000372   0x00000000   Code   RO         9735    .ARM.Collect$$rtentry$$0000000C  c_w.l(__rtentry2.o)
    0x08000372   0x08000372   0x00000008   Code   RO         9736    .ARM.Collect$$rtentry$$0000000D  c_w.l(__rtentry2.o)
    0x0800037a   0x0800037a   0x00000002   Code   RO         9784    .ARM.Collect$$rtexit$$00000000  c_w.l(rtexit.o)
    0x0800037c   0x0800037c   0x00000000   Code   RO         9838    .ARM.Collect$$rtexit$$00000002  c_w.l(rtexit2.o)
    0x0800037c   0x0800037c   0x00000004   Code   RO         9839    .ARM.Collect$$rtexit$$00000003  c_w.l(rtexit2.o)
    0x08000380   0x08000380   0x00000006   Code   RO         9840    .ARM.Collect$$rtexit$$00000004  c_w.l(rtexit2.o)
    0x08000386   0x08000386   0x00000002   PAD
    0x08000388   0x08000388   0x000000ba   Code   RO         9456    .emb_text           port.o
    0x08000442   0x08000442   0x00000002   PAD
    0x08000444   0x08000444   0x00000040   Code   RO          527    .text               startup_stm32h743xx.o
    0x08000484   0x08000484   0x000000ee   Code   RO         9605    .text               c_w.l(lludivv7m.o)
    0x08000572   0x08000572   0x00000002   PAD
    0x08000574   0x08000574   0x00000018   Code   RO         9611    .text               c_w.l(noretval__2printf.o)
    0x0800058c   0x0800058c   0x00000028   Code   RO         9613    .text               c_w.l(noretval__2sprintf.o)
    0x080005b4   0x080005b4   0x0000004e   Code   RO         9617    .text               c_w.l(_printf_pad.o)
    0x08000602   0x08000602   0x00000052   Code   RO         9619    .text               c_w.l(_printf_str.o)
    0x08000654   0x08000654   0x00000078   Code   RO         9621    .text               c_w.l(_printf_dec.o)
    0x080006cc   0x080006cc   0x00000138   Code   RO         9635    .text               c_w.l(__printf_flags_wp.o)
    0x08000804   0x08000804   0x0000008a   Code   RO         9654    .text               c_w.l(rt_memcpy_v6.o)
    0x0800088e   0x0800088e   0x00000064   Code   RO         9656    .text               c_w.l(rt_memcpy_w.o)
    0x080008f2   0x080008f2   0x00000010   Code   RO         9658    .text               c_w.l(aeabi_memset.o)
    0x08000902   0x08000902   0x00000044   Code   RO         9660    .text               c_w.l(rt_memclr.o)
    0x08000946   0x08000946   0x0000004e   Code   RO         9662    .text               c_w.l(rt_memclr_w.o)
    0x08000994   0x08000994   0x00000006   Code   RO         9666    .text               c_w.l(heapauxi.o)
    0x0800099a   0x0800099a   0x00000016   Code   RO         9687    .text               c_w.l(_rserrno.o)
    0x080009b0   0x080009b0   0x000000b2   Code   RO         9689    .text               c_w.l(_printf_intcommon.o)
    0x08000a62   0x08000a62   0x00000002   PAD
    0x08000a64   0x08000a64   0x00000030   Code   RO         9691    .text               c_w.l(_printf_char_common.o)
    0x08000a94   0x08000a94   0x0000000a   Code   RO         9693    .text               c_w.l(_sputc.o)
    0x08000a9e   0x08000a9e   0x0000002c   Code   RO         9695    .text               c_w.l(_printf_char.o)
    0x08000aca   0x08000aca   0x00000002   PAD
    0x08000acc   0x08000acc   0x00000024   Code   RO         9697    .text               c_w.l(_printf_char_file.o)
    0x08000af0   0x08000af0   0x00000008   Code   RO         9749    .text               c_w.l(rt_errno_addr_intlibspace.o)
    0x08000af8   0x08000af8   0x00000008   Code   RO         9753    .text               c_w.l(ferror.o)
    0x08000b00   0x08000b00   0x00000008   Code   RO         9767    .text               c_w.l(libspace.o)
    0x08000b08   0x08000b08   0x0000004a   Code   RO         9770    .text               c_w.l(sys_stackheap_outer.o)
    0x08000b52   0x08000b52   0x00000012   Code   RO         9772    .text               c_w.l(exit.o)
    0x08000b64   0x08000b64   0x00000042   Code   RO         6897    i.AT24CXX_ReadOneByte  24cxx.o
    0x08000ba6   0x08000ba6   0x0000003e   Code   RO         6900    i.AT24CXX_WriteOneByte  24cxx.o
    0x08000be4   0x08000be4   0x00000002   Code   RO          396    i.BusFault_Handler  stm32h7xx_it.o
    0x08000be6   0x08000be6   0x00000002   PAD
    0x08000be8   0x08000be8   0x00000088   Code   RO          585    i.Cache_Enable      sys.o
    0x08000c70   0x08000c70   0x00000044   Code   RO         6601    i.ClearCurse        dwin.o
    0x08000cb4   0x08000cb4   0x00000014   Code   RO         8275    i.ConfigureTimeForRunTimeStats  timer.o
    0x08000cc8   0x08000cc8   0x000002c8   Code   RO            4    i.CreateSineVal     main.o
    0x08000f90   0x08000f90   0x0000000c   Code   RO         6832    i.DMA1_Stream4_IRQHandler  rs485.o
    0x08000f9c   0x08000f9c   0x0000000c   Code   RO         6833    i.DMA1_Stream5_IRQHandler  rs485.o
    0x08000fa8   0x08000fa8   0x0000000c   Code   RO          636    i.DMA2_Stream4_IRQHandler  usart.o
    0x08000fb4   0x08000fb4   0x0000000c   Code   RO          637    i.DMA2_Stream5_IRQHandler  usart.o
    0x08000fc0   0x08000fc0   0x0000000c   Code   RO         6720    i.DMA2_Stream6_IRQHandler  rs232.o
    0x08000fcc   0x08000fcc   0x0000000c   Code   RO         6721    i.DMA2_Stream7_IRQHandler  rs232.o
    0x08000fd8   0x08000fd8   0x00000028   Code   RO         1162    i.DMA_CalcBaseAndBitshift  stm32h7xx_hal_dma.o
    0x08001000   0x08001000   0x0000005c   Code   RO         1163    i.DMA_CalcDMAMUXChannelBaseAndMask  stm32h7xx_hal_dma.o
    0x0800105c   0x0800105c   0x00000040   Code   RO         1164    i.DMA_CalcDMAMUXRequestGenBaseAndMask  stm32h7xx_hal_dma.o
    0x0800109c   0x0800109c   0x00000054   Code   RO         1165    i.DMA_CheckFifoParam  stm32h7xx_hal_dma.o
    0x080010f0   0x080010f0   0x00000078   Code   RO         1166    i.DMA_SetConfig     stm32h7xx_hal_dma.o
    0x08001168   0x08001168   0x00000046   Code   RO         7956    i.DeInitStateMachine  usbh_core.o
    0x080011ae   0x080011ae   0x00000002   Code   RO          397    i.DebugMon_Handler  stm32h7xx_it.o
    0x080011b0   0x080011b0   0x00000034   Code   RO         6602    i.DwinGet_CRC16     dwin.o
    0x080011e4   0x080011e4   0x00000060   Code   RO         6604    i.Dwin_CmdCreate    dwin.o
    0x08001244   0x08001244   0x00000288   Code   RO         6605    i.Dwin_Curse        dwin.o
    0x080014cc   0x080014cc   0x0000012c   Code   RO         6607    i.Dwin_DataManager  dwin.o
    0x080015f8   0x080015f8   0x000000b8   Code   RO         6608    i.Dwin_DrawCurse    dwin.o
    0x080016b0   0x080016b0   0x00000174   Code   RO         6610    i.Dwin_FaultEventDisplay  dwin.o
    0x08001824   0x08001824   0x0000009c   Code   RO         6613    i.Dwin_FlashDataSave  dwin.o
    0x080018c0   0x080018c0   0x000001d8   Code   RO         6615    i.Dwin_RxDeal       dwin.o
    0x08001a98   0x08001a98   0x0000005e   Code   RO         3388    i.FMC_SDRAM_Init    stm32h7xx_ll_fmc.o
    0x08001af6   0x08001af6   0x0000000c   Code   RO         3389    i.FMC_SDRAM_ProgramRefreshRate  stm32h7xx_ll_fmc.o
    0x08001b02   0x08001b02   0x00000020   Code   RO         3390    i.FMC_SDRAM_SendCommand  stm32h7xx_ll_fmc.o
    0x08001b22   0x08001b22   0x00000002   PAD
    0x08001b24   0x08001b24   0x0000008c   Code   RO         3392    i.FMC_SDRAM_Timing_Init  stm32h7xx_ll_fmc.o
    0x08001bb0   0x08001bb0   0x000000e4   Code   RO         1167    i.HAL_DMA_Abort     stm32h7xx_hal_dma.o
    0x08001c94   0x08001c94   0x00000094   Code   RO         1168    i.HAL_DMA_Abort_IT  stm32h7xx_hal_dma.o
    0x08001d28   0x08001d28   0x000000c8   Code   RO         1169    i.HAL_DMA_DeInit    stm32h7xx_hal_dma.o
    0x08001df0   0x08001df0   0x00000004   Code   RO         1170    i.HAL_DMA_GetError  stm32h7xx_hal_dma.o
    0x08001df4   0x08001df4   0x000002c4   Code   RO         1172    i.HAL_DMA_IRQHandler  stm32h7xx_hal_dma.o
    0x080020b8   0x080020b8   0x000001a4   Code   RO         1173    i.HAL_DMA_Init      stm32h7xx_hal_dma.o
    0x0800225c   0x0800225c   0x000000d0   Code   RO         1177    i.HAL_DMA_Start_IT  stm32h7xx_hal_dma.o
    0x0800232c   0x0800232c   0x00000024   Code   RO          726    i.HAL_Delay         stm32h7xx_hal.o
    0x08002350   0x08002350   0x00000010   Code   RO          735    i.HAL_EnableCompensationCell  stm32h7xx_hal.o
    0x08002360   0x08002360   0x000001f4   Code   RO         1352    i.HAL_GPIO_Init     stm32h7xx_hal_gpio.o
    0x08002554   0x08002554   0x0000000a   Code   RO         1354    i.HAL_GPIO_ReadPin  stm32h7xx_hal_gpio.o
    0x0800255e   0x0800255e   0x00000008   Code   RO         1355    i.HAL_GPIO_TogglePin  stm32h7xx_hal_gpio.o
    0x08002566   0x08002566   0x0000000a   Code   RO         1356    i.HAL_GPIO_WritePin  stm32h7xx_hal_gpio.o
    0x08002570   0x08002570   0x0000000c   Code   RO          742    i.HAL_GetTick       stm32h7xx_hal.o
    0x0800257c   0x0800257c   0x00000008   Code   RO         8335    i.HAL_HCD_Connect_Callback  usbh_conf.o
    0x08002584   0x08002584   0x00000008   Code   RO         8336    i.HAL_HCD_Disconnect_Callback  usbh_conf.o
    0x0800258c   0x0800258c   0x00000006   Code   RO         5471    i.HAL_HCD_GetCurrentFrame  stm32h7xx_hal_hcd.o
    0x08002592   0x08002592   0x00000006   Code   RO         5472    i.HAL_HCD_GetCurrentSpeed  stm32h7xx_hal_hcd.o
    0x08002598   0x08002598   0x0000000e   Code   RO         5475    i.HAL_HCD_HC_GetURBState  stm32h7xx_hal_hcd.o
    0x080025a6   0x080025a6   0x0000000c   Code   RO         5476    i.HAL_HCD_HC_GetXferCount  stm32h7xx_hal_hcd.o
    0x080025b2   0x080025b2   0x00000024   Code   RO         5477    i.HAL_HCD_HC_Halt   stm32h7xx_hal_hcd.o
    0x080025d6   0x080025d6   0x0000005e   Code   RO         5478    i.HAL_HCD_HC_Init   stm32h7xx_hal_hcd.o
    0x08002634   0x08002634   0x00000002   Code   RO         8337    i.HAL_HCD_HC_NotifyURBChange_Callback  usbh_conf.o
    0x08002636   0x08002636   0x00000002   PAD
    0x08002638   0x08002638   0x000000be   Code   RO         5480    i.HAL_HCD_HC_SubmitRequest  stm32h7xx_hal_hcd.o
    0x080026f6   0x080026f6   0x00000002   PAD
    0x080026f8   0x080026f8   0x0000012e   Code   RO         5481    i.HAL_HCD_IRQHandler  stm32h7xx_hal_hcd.o
    0x08002826   0x08002826   0x0000005a   Code   RO         5482    i.HAL_HCD_Init      stm32h7xx_hal_hcd.o
    0x08002880   0x08002880   0x0000008c   Code   RO         8338    i.HAL_HCD_MspInit   usbh_conf.o
    0x0800290c   0x0800290c   0x00000006   Code   RO         5485    i.HAL_HCD_ResetPort  stm32h7xx_hal_hcd.o
    0x08002912   0x08002912   0x00000008   Code   RO         8339    i.HAL_HCD_SOF_Callback  usbh_conf.o
    0x0800291a   0x0800291a   0x0000002c   Code   RO         5487    i.HAL_HCD_Start     stm32h7xx_hal_hcd.o
    0x08002946   0x08002946   0x00000024   Code   RO         5488    i.HAL_HCD_Stop      stm32h7xx_hal_hcd.o
    0x0800296a   0x0800296a   0x00000002   PAD
    0x0800296c   0x0800296c   0x00000010   Code   RO          745    i.HAL_IncTick       stm32h7xx_hal.o
    0x0800297c   0x0800297c   0x0000001c   Code   RO          746    i.HAL_Init          stm32h7xx_hal.o
    0x08002998   0x08002998   0x00000040   Code   RO          747    i.HAL_InitTick      stm32h7xx_hal.o
    0x080029d8   0x080029d8   0x0000005c   Code   RO         1034    i.HAL_MPU_ConfigRegion  stm32h7xx_hal_cortex.o
    0x08002a34   0x08002a34   0x0000001c   Code   RO         6290    i.HAL_MPU_Disable   mpu.o
    0x08002a50   0x08002a50   0x0000001c   Code   RO         6291    i.HAL_MPU_Enable    mpu.o
    0x08002a6c   0x08002a6c   0x00000002   Code   RO          498    i.HAL_MspInit       stm32h7xx_hal_msp.o
    0x08002a6e   0x08002a6e   0x0000001a   Code   RO         1037    i.HAL_NVIC_EnableIRQ  stm32h7xx_hal_cortex.o
    0x08002a88   0x08002a88   0x00000040   Code   RO         1043    i.HAL_NVIC_SetPriority  stm32h7xx_hal_cortex.o
    0x08002ac8   0x08002ac8   0x00000024   Code   RO         1044    i.HAL_NVIC_SetPriorityGrouping  stm32h7xx_hal_cortex.o
    0x08002aec   0x08002aec   0x00000010   Code   RO         1556    i.HAL_PWREx_EnableUSBVoltageDetector  stm32h7xx_hal_pwr_ex.o
    0x08002afc   0x08002afc   0x00000010   Code   RO         1422    i.HAL_PWR_EnableBkUpAccess  stm32h7xx_hal_pwr.o
    0x08002b0c   0x08002b0c   0x00000086   Code   RO         4943    i.HAL_QSPI_Command  stm32h7xx_hal_qspi.o
    0x08002b92   0x08002b92   0x00000002   PAD
    0x08002b94   0x08002b94   0x000000f0   Code   RO         4952    i.HAL_QSPI_Init     stm32h7xx_hal_qspi.o
    0x08002c84   0x08002c84   0x00000094   Code   RO         6456    i.HAL_QSPI_MspInit  qspi.o
    0x08002d18   0x08002d18   0x000000bc   Code   RO         4956    i.HAL_QSPI_Receive  stm32h7xx_hal_qspi.o
    0x08002dd4   0x08002dd4   0x000000b4   Code   RO         4965    i.HAL_QSPI_Transmit  stm32h7xx_hal_qspi.o
    0x08002e88   0x08002e88   0x00000034   Code   RO         1895    i.HAL_RCCEx_GetD1SysClockFreq  stm32h7xx_hal_rcc_ex.o
    0x08002ebc   0x08002ebc   0x0000002c   Code   RO         1896    i.HAL_RCCEx_GetD3PCLK1Freq  stm32h7xx_hal_rcc_ex.o
    0x08002ee8   0x08002ee8   0x00000120   Code   RO         1898    i.HAL_RCCEx_GetPLL2ClockFreq  stm32h7xx_hal_rcc_ex.o
    0x08003008   0x08003008   0x00000120   Code   RO         1899    i.HAL_RCCEx_GetPLL3ClockFreq  stm32h7xx_hal_rcc_ex.o
    0x08003128   0x08003128   0x00000994   Code   RO         1903    i.HAL_RCCEx_PeriphCLKConfig  stm32h7xx_hal_rcc_ex.o
    0x08003abc   0x08003abc   0x000001dc   Code   RO         1788    i.HAL_RCC_ClockConfig  stm32h7xx_hal_rcc.o
    0x08003c98   0x08003c98   0x00000034   Code   RO         1792    i.HAL_RCC_GetHCLKFreq  stm32h7xx_hal_rcc.o
    0x08003ccc   0x08003ccc   0x0000002c   Code   RO         1794    i.HAL_RCC_GetPCLK1Freq  stm32h7xx_hal_rcc.o
    0x08003cf8   0x08003cf8   0x0000002c   Code   RO         1795    i.HAL_RCC_GetPCLK2Freq  stm32h7xx_hal_rcc.o
    0x08003d24   0x08003d24   0x00000130   Code   RO         1796    i.HAL_RCC_GetSysClockFreq  stm32h7xx_hal_rcc.o
    0x08003e54   0x08003e54   0x000004b8   Code   RO         1799    i.HAL_RCC_OscConfig  stm32h7xx_hal_rcc.o
    0x0800430c   0x0800430c   0x0000002c   Code   RO         6009    i.HAL_RNG_DeInit    stm32h7xx_hal_rng.o
    0x08004338   0x08004338   0x0000006a   Code   RO         6011    i.HAL_RNG_GenerateRandomNumber  stm32h7xx_hal_rng.o
    0x080043a2   0x080043a2   0x0000003e   Code   RO         6015    i.HAL_RNG_Init      stm32h7xx_hal_rng.o
    0x080043e0   0x080043e0   0x00000002   Code   RO         6016    i.HAL_RNG_MspDeInit  stm32h7xx_hal_rng.o
    0x080043e2   0x080043e2   0x00000002   PAD
    0x080043e4   0x080043e4   0x00000030   Code   RO         6787    i.HAL_RNG_MspInit   rng.o
    0x08004414   0x08004414   0x0000000a   Code   RO         5770    i.HAL_RTCEx_BKUPRead  stm32h7xx_hal_rtc_ex.o
    0x0800441e   0x0800441e   0x0000000a   Code   RO         5771    i.HAL_RTCEx_BKUPWrite  stm32h7xx_hal_rtc_ex.o
    0x08004428   0x08004428   0x00000048   Code   RO         5637    i.HAL_RTC_GetDate   stm32h7xx_hal_rtc.o
    0x08004470   0x08004470   0x0000005c   Code   RO         5639    i.HAL_RTC_GetTime   stm32h7xx_hal_rtc.o
    0x080044cc   0x080044cc   0x000000b0   Code   RO         5640    i.HAL_RTC_Init      stm32h7xx_hal_rtc.o
    0x0800457c   0x0800457c   0x00000050   Code   RO         6552    i.HAL_RTC_MspInit   rtc.o
    0x080045cc   0x080045cc   0x000000dc   Code   RO         5646    i.HAL_RTC_SetDate   stm32h7xx_hal_rtc.o
    0x080046a8   0x080046a8   0x000000fc   Code   RO         5647    i.HAL_RTC_SetTime   stm32h7xx_hal_rtc.o
    0x080047a4   0x080047a4   0x00000036   Code   RO         5648    i.HAL_RTC_WaitForSynchro  stm32h7xx_hal_rtc.o
    0x080047da   0x080047da   0x00000002   PAD
    0x080047dc   0x080047dc   0x00000050   Code   RO         3791    i.HAL_SDRAM_Init    stm32h7xx_hal_sdram.o
    0x0800482c   0x0800482c   0x000000fc   Code   RO         6119    i.HAL_SDRAM_MspInit  sdram.o
    0x08004928   0x08004928   0x00000022   Code   RO         3794    i.HAL_SDRAM_ProgramRefreshRate  stm32h7xx_hal_sdram.o
    0x0800494a   0x0800494a   0x00000002   PAD
    0x0800494c   0x0800494c   0x00000030   Code   RO         3800    i.HAL_SDRAM_SendCommand  stm32h7xx_hal_sdram.o
    0x0800497c   0x0800497c   0x00000010   Code   RO          751    i.HAL_SYSCFG_AnalogSwitchConfig  stm32h7xx_hal.o
    0x0800498c   0x0800498c   0x00000018   Code   RO         1046    i.HAL_SYSTICK_CLKSourceConfig  stm32h7xx_hal_cortex.o
    0x080049a4   0x080049a4   0x00000026   Code   RO         1048    i.HAL_SYSTICK_Config  stm32h7xx_hal_cortex.o
    0x080049ca   0x080049ca   0x00000002   Code   RO         3116    i.HAL_TIMEx_BreakCallback  stm32h7xx_hal_tim_ex.o
    0x080049cc   0x080049cc   0x00000002   Code   RO         3117    i.HAL_TIMEx_CommutationCallback  stm32h7xx_hal_tim_ex.o
    0x080049ce   0x080049ce   0x00000036   Code   RO         2474    i.HAL_TIM_Base_Init  stm32h7xx_hal_tim.o
    0x08004a04   0x08004a04   0x0000003c   Code   RO         8276    i.HAL_TIM_Base_MspInit  timer.o
    0x08004a40   0x08004a40   0x00000018   Code   RO         2479    i.HAL_TIM_Base_Start_IT  stm32h7xx_hal_tim.o
    0x08004a58   0x08004a58   0x00000002   Code   RO         2503    i.HAL_TIM_IC_CaptureCallback  stm32h7xx_hal_tim.o
    0x08004a5a   0x08004a5a   0x0000017e   Code   RO         2516    i.HAL_TIM_IRQHandler  stm32h7xx_hal_tim.o
    0x08004bd8   0x08004bd8   0x00000002   Code   RO         2519    i.HAL_TIM_OC_DelayElapsedCallback  stm32h7xx_hal_tim.o
    0x08004bda   0x08004bda   0x00000002   Code   RO         2546    i.HAL_TIM_PWM_PulseFinishedCallback  stm32h7xx_hal_tim.o
    0x08004bdc   0x08004bdc   0x00000020   Code   RO         8277    i.HAL_TIM_PeriodElapsedCallback  timer.o
    0x08004bfc   0x08004bfc   0x00000002   Code   RO         2557    i.HAL_TIM_TriggerCallback  stm32h7xx_hal_tim.o
    0x08004bfe   0x08004bfe   0x00000002   Code   RO         2405    i.HAL_UARTEx_WakeupCallback  stm32h7xx_hal_uart_ex.o
    0x08004c00   0x08004c00   0x00000054   Code   RO         2069    i.HAL_UART_DMAStop  stm32h7xx_hal_uart.o
    0x08004c54   0x08004c54   0x00000002   Code   RO         2071    i.HAL_UART_ErrorCallback  stm32h7xx_hal_uart.o
    0x08004c56   0x08004c56   0x00000002   PAD
    0x08004c58   0x08004c58   0x00000180   Code   RO         2074    i.HAL_UART_IRQHandler  stm32h7xx_hal_uart.o
    0x08004dd8   0x08004dd8   0x0000006a   Code   RO         2075    i.HAL_UART_Init     stm32h7xx_hal_uart.o
    0x08004e42   0x08004e42   0x00000002   Code   RO         2077    i.HAL_UART_MspInit  stm32h7xx_hal_uart.o
    0x08004e44   0x08004e44   0x00000090   Code   RO         2079    i.HAL_UART_Receive_DMA  stm32h7xx_hal_uart.o
    0x08004ed4   0x08004ed4   0x00000002   Code   RO         2081    i.HAL_UART_RxCpltCallback  stm32h7xx_hal_uart.o
    0x08004ed6   0x08004ed6   0x00000002   Code   RO         2082    i.HAL_UART_RxHalfCpltCallback  stm32h7xx_hal_uart.o
    0x08004ed8   0x08004ed8   0x0000008c   Code   RO         2084    i.HAL_UART_Transmit_DMA  stm32h7xx_hal_uart.o
    0x08004f64   0x08004f64   0x00000002   Code   RO         2086    i.HAL_UART_TxCpltCallback  stm32h7xx_hal_uart.o
    0x08004f66   0x08004f66   0x00000002   Code   RO         2087    i.HAL_UART_TxHalfCpltCallback  stm32h7xx_hal_uart.o
    0x08004f68   0x08004f68   0x00000230   Code   RO         5489    i.HCD_HC_IN_IRQHandler  stm32h7xx_hal_hcd.o
    0x08005198   0x08005198   0x00000224   Code   RO         5490    i.HCD_HC_OUT_IRQHandler  stm32h7xx_hal_hcd.o
    0x080053bc   0x080053bc   0x000000b0   Code   RO         5491    i.HCD_Port_IRQHandler  stm32h7xx_hal_hcd.o
    0x0800546c   0x0800546c   0x00000074   Code   RO         5492    i.HCD_RXQLVL_IRQHandler  stm32h7xx_hal_hcd.o
    0x080054e0   0x080054e0   0x00000002   Code   RO          398    i.HardFault_Handler  stm32h7xx_it.o
    0x080054e2   0x080054e2   0x00000002   PAD
    0x080054e4   0x080054e4   0x00000050   Code   RO         6177    i.IIC_Ack           myiic.o
    0x08005534   0x08005534   0x00000050   Code   RO         6178    i.IIC_Init          myiic.o
    0x08005584   0x08005584   0x00000050   Code   RO         6179    i.IIC_NAck          myiic.o
    0x080055d4   0x080055d4   0x00000068   Code   RO         6180    i.IIC_Read_Byte     myiic.o
    0x0800563c   0x0800563c   0x0000006c   Code   RO         6181    i.IIC_Send_Byte     myiic.o
    0x080056a8   0x080056a8   0x00000050   Code   RO         6182    i.IIC_Start         myiic.o
    0x080056f8   0x080056f8   0x00000050   Code   RO         6183    i.IIC_Stop          myiic.o
    0x08005748   0x08005748   0x00000064   Code   RO         6184    i.IIC_Wait_Ack      myiic.o
    0x080057ac   0x080057ac   0x0000004c   Code   RO         6093    i.LED_Init          led.o
    0x080057f8   0x080057f8   0x00000036   Code   RO         6292    i.MPU_Memory_Protection  mpu.o
    0x0800582e   0x0800582e   0x00000052   Code   RO         6293    i.MPU_Set_Protection  mpu.o
    0x08005880   0x08005880   0x00000052   Code   RO         6294    i.MPU_Set_SRAMProtection  mpu.o
    0x080058d2   0x080058d2   0x00000002   PAD
    0x080058d4   0x080058d4   0x000000c0   Code   RO         6722    i.MYDMA_Config      rs232.o
    0x08005994   0x08005994   0x00000002   Code   RO          399    i.MemManage_Handler  stm32h7xx_it.o
    0x08005996   0x08005996   0x00000002   Code   RO          400    i.NMI_Handler       stm32h7xx_it.o
    0x08005998   0x08005998   0x0000000c   Code   RO         8340    i.OTG_FS_IRQHandler  usbh_conf.o
    0x080059a4   0x080059a4   0x00000058   Code   RO         6243    i.PCF8574_Init      pcf8574.o
    0x080059fc   0x080059fc   0x00000020   Code   RO         6245    i.PCF8574_ReadOneByte  pcf8574.o
    0x08005a1c   0x08005a1c   0x00000022   Code   RO         6246    i.PCF8574_WriteBit  pcf8574.o
    0x08005a3e   0x08005a3e   0x0000002a   Code   RO         6247    i.PCF8574_WriteOneByte  pcf8574.o
    0x08005a68   0x08005a68   0x00000234   Code   RO         4970    i.QSPI_Config       stm32h7xx_hal_qspi.o
    0x08005c9c   0x08005c9c   0x00000048   Code   RO         6457    i.QSPI_Init         qspi.o
    0x08005ce4   0x08005ce4   0x00000024   Code   RO         6458    i.QSPI_Receive      qspi.o
    0x08005d08   0x08005d08   0x00000038   Code   RO         6459    i.QSPI_Send_CMD     qspi.o
    0x08005d40   0x08005d40   0x00000024   Code   RO         6460    i.QSPI_Transmit     qspi.o
    0x08005d64   0x08005d64   0x00000048   Code   RO         4975    i.QSPI_WaitFlagStateUntilTimeout  stm32h7xx_hal_qspi.o
    0x08005dac   0x08005dac   0x000000d4   Code   RO         1906    i.RCCEx_PLL2_Config  stm32h7xx_hal_rcc_ex.o
    0x08005e80   0x08005e80   0x000000d4   Code   RO         1907    i.RCCEx_PLL3_Config  stm32h7xx_hal_rcc_ex.o
    0x08005f54   0x08005f54   0x00000024   Code   RO         6789    i.RNG_Get_RandomRange  rng.o
    0x08005f78   0x08005f78   0x00000048   Code   RO         6790    i.RNG_Init          rng.o
    0x08005fc0   0x08005fc0   0x000000ac   Code   RO         6723    i.RS232_Init        rs232.o
    0x0800606c   0x0800606c   0x0000003c   Code   RO         6725    i.RS232_Send_Data   rs232.o
    0x080060a8   0x080060a8   0x00000158   Code   RO         6834    i.RS485_Init        rs485.o
    0x08006200   0x08006200   0x00000008   Code   RO         6836    i.RS485_TX_Set      rs485.o
    0x08006208   0x08006208   0x00000012   Code   RO         5649    i.RTC_Bcd2ToByte    stm32h7xx_hal_rtc.o
    0x0800621a   0x0800621a   0x00000016   Code   RO         5650    i.RTC_ByteToBcd2    stm32h7xx_hal_rtc.o
    0x08006230   0x08006230   0x0000003a   Code   RO         5651    i.RTC_EnterInitMode  stm32h7xx_hal_rtc.o
    0x0800626a   0x0800626a   0x00000002   PAD
    0x0800626c   0x0800626c   0x00000064   Code   RO         6553    i.RTC_Init          rtc.o
    0x080062d0   0x080062d0   0x00000024   Code   RO         6554    i.RTC_Set_Date      rtc.o
    0x080062f4   0x080062f4   0x0000002c   Code   RO         6555    i.RTC_Set_Time      rtc.o
    0x08006320   0x08006320   0x00000058   Code   RO         6120    i.SDRAM_Init        sdram.o
    0x08006378   0x08006378   0x00000050   Code   RO         6121    i.SDRAM_Initialization_Sequence  sdram.o
    0x080063c8   0x080063c8   0x00000038   Code   RO         6122    i.SDRAM_Send_Cmd    sdram.o
    0x08006400   0x08006400   0x000000b4   Code   RO          588    i.Stm32_Clock_Init  sys.o
    0x080064b4   0x080064b4   0x00000016   Code   RO          534    i.SysTick_Handler   delay.o
    0x080064ca   0x080064ca   0x00000002   PAD
    0x080064cc   0x080064cc   0x00000088   Code   RO          460    i.SystemInit        system_stm32h7xx.o
    0x08006554   0x08006554   0x0000000c   Code   RO         8278    i.TIM3_IRQHandler   timer.o
    0x08006560   0x08006560   0x0000002c   Code   RO         8279    i.TIM3_Init         timer.o
    0x0800658c   0x0800658c   0x000000c4   Code   RO         2558    i.TIM_Base_SetConfig  stm32h7xx_hal_tim.o
    0x08006650   0x08006650   0x000000c8   Code   RO         2088    i.UART_AdvFeatureConfig  stm32h7xx_hal_uart.o
    0x08006718   0x08006718   0x0000005c   Code   RO         2089    i.UART_CheckIdleState  stm32h7xx_hal_uart.o
    0x08006774   0x08006774   0x00000014   Code   RO         2090    i.UART_DMAAbortOnError  stm32h7xx_hal_uart.o
    0x08006788   0x08006788   0x00000052   Code   RO         2091    i.UART_DMAError     stm32h7xx_hal_uart.o
    0x080067da   0x080067da   0x0000003c   Code   RO         2092    i.UART_DMAReceiveCplt  stm32h7xx_hal_uart.o
    0x08006816   0x08006816   0x0000000a   Code   RO         2094    i.UART_DMARxHalfCplt  stm32h7xx_hal_uart.o
    0x08006820   0x08006820   0x0000002e   Code   RO         2096    i.UART_DMATransmitCplt  stm32h7xx_hal_uart.o
    0x0800684e   0x0800684e   0x0000000a   Code   RO         2098    i.UART_DMATxHalfCplt  stm32h7xx_hal_uart.o
    0x08006858   0x08006858   0x0000001c   Code   RO         2100    i.UART_EndRxTransfer  stm32h7xx_hal_uart.o
    0x08006874   0x08006874   0x00000012   Code   RO         2101    i.UART_EndTxTransfer  stm32h7xx_hal_uart.o
    0x08006886   0x08006886   0x00000076   Code   RO         2102    i.UART_Receive_IT   stm32h7xx_hal_uart.o
    0x080068fc   0x080068fc   0x000004e8   Code   RO         2103    i.UART_SetConfig    stm32h7xx_hal_uart.o
    0x08006de4   0x08006de4   0x00000076   Code   RO         2104    i.UART_Transmit_IT  stm32h7xx_hal_uart.o
    0x08006e5a   0x08006e5a   0x00000064   Code   RO         2105    i.UART_WaitOnFlagUntilTimeout  stm32h7xx_hal_uart.o
    0x08006ebe   0x08006ebe   0x00000002   PAD
    0x08006ec0   0x08006ec0   0x00000130   Code   RO          638    i.USART1_IRQHandler  usart.o
    0x08006ff0   0x08006ff0   0x0000013c   Code   RO         6837    i.USART2_IRQHandler  rs485.o
    0x0800712c   0x0800712c   0x00000134   Code   RO         6726    i.USART3_IRQHandler  rs232.o
    0x08007260   0x08007260   0x00000034   Code   RO         8233    i.USBH_AllocPipe    usbh_pipes.o
    0x08007294   0x08007294   0x00000020   Code   RO         8161    i.USBH_BulkReceiveData  usbh_ioreq.o
    0x080072b4   0x080072b4   0x00000028   Code   RO         8162    i.USBH_BulkSendData  usbh_ioreq.o
    0x080072dc   0x080072dc   0x0000000a   Code   RO         8234    i.USBH_ClosePipe    usbh_pipes.o
    0x080072e6   0x080072e6   0x00000022   Code   RO         8073    i.USBH_ClrFeature   usbh_ctlreq.o
    0x08007308   0x08007308   0x0000001e   Code   RO         8163    i.USBH_CtlReceiveData  usbh_ioreq.o
    0x08007326   0x08007326   0x00000036   Code   RO         8074    i.USBH_CtlReq       usbh_ctlreq.o
    0x0800735c   0x0800735c   0x00000028   Code   RO         8164    i.USBH_CtlSendData  usbh_ioreq.o
    0x08007384   0x08007384   0x0000001e   Code   RO         8165    i.USBH_CtlSendSetup  usbh_ioreq.o
    0x080073a2   0x080073a2   0x00000004   Code   RO         8341    i.USBH_Delay        usbh_conf.o
    0x080073a6   0x080073a6   0x00000044   Code   RO         7958    i.USBH_FindInterface  usbh_core.o
    0x080073ea   0x080073ea   0x00000018   Code   RO         8235    i.USBH_FreePipe     usbh_pipes.o
    0x08007402   0x08007402   0x00000034   Code   RO         8075    i.USBH_GetDescriptor  usbh_ctlreq.o
    0x08007436   0x08007436   0x0000000e   Code   RO         8076    i.USBH_GetNextDesc  usbh_ctlreq.o
    0x08007444   0x08007444   0x0000002c   Code   RO         8077    i.USBH_Get_CfgDesc  usbh_ctlreq.o
    0x08007470   0x08007470   0x00000092   Code   RO         8078    i.USBH_Get_DevDesc  usbh_ctlreq.o
    0x08007502   0x08007502   0x00000048   Code   RO         8079    i.USBH_Get_StringDesc  usbh_ctlreq.o
    0x0800754a   0x0800754a   0x00000172   Code   RO         8080    i.USBH_HandleControl  usbh_ctlreq.o
    0x080076bc   0x080076bc   0x000000f2   Code   RO         7961    i.USBH_HandleEnum   usbh_core.o
    0x080077ae   0x080077ae   0x00000030   Code   RO         7962    i.USBH_Init         usbh_core.o
    0x080077de   0x080077de   0x0000000e   Code   RO         8342    i.USBH_LL_ClosePipe  usbh_conf.o
    0x080077ec   0x080077ec   0x00000028   Code   RO         7963    i.USBH_LL_Connect   usbh_core.o
    0x08007814   0x08007814   0x00000038   Code   RO         7964    i.USBH_LL_Disconnect  usbh_core.o
    0x0800784c   0x0800784c   0x0000000e   Code   RO         8344    i.USBH_LL_DriverVBUS  usbh_conf.o
    0x0800785a   0x0800785a   0x00000008   Code   RO         8345    i.USBH_LL_GetLastXferSize  usbh_conf.o
    0x08007862   0x08007862   0x00000022   Code   RO         8346    i.USBH_LL_GetSpeed  usbh_conf.o
    0x08007884   0x08007884   0x00000020   Code   RO         8347    i.USBH_LL_GetToggle  usbh_conf.o
    0x080078a4   0x080078a4   0x00000008   Code   RO         8348    i.USBH_LL_GetURBState  usbh_conf.o
    0x080078ac   0x080078ac   0x0000001e   Code   RO         7965    i.USBH_LL_IncTimer  usbh_core.o
    0x080078ca   0x080078ca   0x00000002   PAD
    0x080078cc   0x080078cc   0x00000048   Code   RO         8349    i.USBH_LL_Init      usbh_conf.o
    0x08007914   0x08007914   0x00000018   Code   RO         8350    i.USBH_LL_OpenPipe  usbh_conf.o
    0x0800792c   0x0800792c   0x0000000e   Code   RO         8351    i.USBH_LL_ResetPort  usbh_conf.o
    0x0800793a   0x0800793a   0x00000006   Code   RO         7966    i.USBH_LL_SetTimer  usbh_core.o
    0x08007940   0x08007940   0x00000024   Code   RO         8352    i.USBH_LL_SetToggle  usbh_conf.o
    0x08007964   0x08007964   0x0000000e   Code   RO         8353    i.USBH_LL_Start     usbh_conf.o
    0x08007972   0x08007972   0x0000000e   Code   RO         8354    i.USBH_LL_Stop      usbh_conf.o
    0x08007980   0x08007980   0x00000020   Code   RO         8355    i.USBH_LL_SubmitURB  usbh_conf.o
    0x080079a0   0x080079a0   0x00000020   Code   RO         7855    i.USBH_MSC_BOT_Abort  usbh_msc_bot.o
    0x080079c0   0x080079c0   0x00000024   Code   RO         7856    i.USBH_MSC_BOT_Init  usbh_msc_bot.o
    0x080079e4   0x080079e4   0x000001dc   Code   RO         7857    i.USBH_MSC_BOT_Process  usbh_msc_bot.o
    0x08007bc0   0x08007bc0   0x0000001c   Code   RO         7858    i.USBH_MSC_BOT_REQ_GetMaxLUN  usbh_msc_bot.o
    0x08007bdc   0x08007bdc   0x00000016   Code   RO         7859    i.USBH_MSC_BOT_REQ_Reset  usbh_msc_bot.o
    0x08007bf2   0x08007bf2   0x0000006c   Code   RO         7764    i.USBH_MSC_ClassRequest  usbh_msc.o
    0x08007c5e   0x08007c5e   0x0000002e   Code   RO         7765    i.USBH_MSC_GetLUNInfo  usbh_msc.o
    0x08007c8c   0x08007c8c   0x0000004c   Code   RO         7767    i.USBH_MSC_InterfaceDeInit  usbh_msc.o
    0x08007cd8   0x08007cd8   0x0000014e   Code   RO         7768    i.USBH_MSC_InterfaceInit  usbh_msc.o
    0x08007e26   0x08007e26   0x00000288   Code   RO         7770    i.USBH_MSC_Process  usbh_msc.o
    0x080080ae   0x080080ae   0x00000090   Code   RO         7771    i.USBH_MSC_RdWrProcess  usbh_msc.o
    0x0800813e   0x0800813e   0x0000008a   Code   RO         7772    i.USBH_MSC_Read     usbh_msc.o
    0x080081c8   0x080081c8   0x000000c6   Code   RO         7902    i.USBH_MSC_SCSI_Inquiry  usbh_msc_scsi.o
    0x0800828e   0x0800828e   0x00000084   Code   RO         7903    i.USBH_MSC_SCSI_Read  usbh_msc_scsi.o
    0x08008312   0x08008312   0x0000007a   Code   RO         7904    i.USBH_MSC_SCSI_ReadCapacity  usbh_msc_scsi.o
    0x0800838c   0x0800838c   0x00000096   Code   RO         7905    i.USBH_MSC_SCSI_RequestSense  usbh_msc_scsi.o
    0x08008422   0x08008422   0x0000004e   Code   RO         7906    i.USBH_MSC_SCSI_TestUnitReady  usbh_msc_scsi.o
    0x08008470   0x08008470   0x00000084   Code   RO         7907    i.USBH_MSC_SCSI_Write  usbh_msc_scsi.o
    0x080084f4   0x080084f4   0x00000004   Code   RO         7773    i.USBH_MSC_SOFProcess  usbh_msc.o
    0x080084f8   0x080084f8   0x0000008a   Code   RO         7775    i.USBH_MSC_Write    usbh_msc.o
    0x08008582   0x08008582   0x00000014   Code   RO         8236    i.USBH_OpenPipe     usbh_pipes.o
    0x08008596   0x08008596   0x000000ea   Code   RO         8081    i.USBH_ParseCfgDesc  usbh_ctlreq.o
    0x08008680   0x08008680   0x00000168   Code   RO         7967    i.USBH_Process      usbh_core.o
    0x080087e8   0x080087e8   0x0000001e   Code   RO         7969    i.USBH_RegisterClass  usbh_core.o
    0x08008806   0x08008806   0x00000016   Code   RO         7970    i.USBH_SelectInterface  usbh_core.o
    0x0800881c   0x0800881c   0x0000001c   Code   RO         8082    i.USBH_SetAddress   usbh_ctlreq.o
    0x08008838   0x08008838   0x0000001c   Code   RO         8083    i.USBH_SetCfg       usbh_ctlreq.o
    0x08008854   0x08008854   0x00000014   Code   RO         7971    i.USBH_Start        usbh_core.o
    0x08008868   0x08008868   0x00000048   Code   RO         6510    i.USBH_UserProcess  notepad.o
    0x080088b0   0x080088b0   0x00000004   Code   RO         8485    i.USBH_initialize   usbh_diskio.o
    0x080088b4   0x080088b4   0x0000007c   Code   RO         8486    i.USBH_ioctl        usbh_diskio.o
    0x08008930   0x08008930   0x00000050   Code   RO         8487    i.USBH_read         usbh_diskio.o
    0x08008980   0x08008980   0x00000058   Code   RO         8489    i.USBH_write        usbh_diskio.o
    0x080089d8   0x080089d8   0x00000070   Code   RO         5187    i.USB_CoreInit      stm32h7xx_ll_usb.o
    0x08008a48   0x08008a48   0x00000038   Code   RO         5188    i.USB_CoreReset     stm32h7xx_ll_usb.o
    0x08008a80   0x08008a80   0x0000000c   Code   RO         5194    i.USB_DisableGlobalInt  stm32h7xx_ll_usb.o
    0x08008a8c   0x08008a8c   0x00000040   Code   RO         5195    i.USB_DoPing        stm32h7xx_ll_usb.o
    0x08008acc   0x08008acc   0x0000002c   Code   RO         5196    i.USB_DriveVbus     stm32h7xx_ll_usb.o
    0x08008af8   0x08008af8   0x0000000c   Code   RO         5202    i.USB_EnableGlobalInt  stm32h7xx_ll_usb.o
    0x08008b04   0x08008b04   0x00000020   Code   RO         5203    i.USB_FlushRxFifo   stm32h7xx_ll_usb.o
    0x08008b24   0x08008b24   0x00000024   Code   RO         5204    i.USB_FlushTxFifo   stm32h7xx_ll_usb.o
    0x08008b48   0x08008b48   0x00000008   Code   RO         5205    i.USB_GetCurrentFrame  stm32h7xx_ll_usb.o
    0x08008b50   0x08008b50   0x0000000e   Code   RO         5207    i.USB_GetHostSpeed  stm32h7xx_ll_usb.o
    0x08008b5e   0x08008b5e   0x00000008   Code   RO         5208    i.USB_GetMode       stm32h7xx_ll_usb.o
    0x08008b66   0x08008b66   0x00000178   Code   RO         5209    i.USB_HC_Halt       stm32h7xx_ll_usb.o
    0x08008cde   0x08008cde   0x00000002   PAD
    0x08008ce0   0x08008ce0   0x000000ec   Code   RO         5210    i.USB_HC_Init       stm32h7xx_ll_usb.o
    0x08008dcc   0x08008dcc   0x0000000c   Code   RO         5211    i.USB_HC_ReadInterrupt  stm32h7xx_ll_usb.o
    0x08008dd8   0x08008dd8   0x0000018c   Code   RO         5212    i.USB_HC_StartXfer  stm32h7xx_ll_usb.o
    0x08008f64   0x08008f64   0x000000c8   Code   RO         5213    i.USB_HostInit      stm32h7xx_ll_usb.o
    0x0800902c   0x0800902c   0x00000038   Code   RO         5214    i.USB_InitFSLSPClkSel  stm32h7xx_ll_usb.o
    0x08009064   0x08009064   0x00000008   Code   RO         5219    i.USB_ReadInterrupts  stm32h7xx_ll_usb.o
    0x0800906c   0x0800906c   0x0000001e   Code   RO         5220    i.USB_ReadPacket    stm32h7xx_ll_usb.o
    0x0800908a   0x0800908a   0x0000002c   Code   RO         5221    i.USB_ResetPort     stm32h7xx_ll_usb.o
    0x080090b6   0x080090b6   0x0000002c   Code   RO         5222    i.USB_SetCurrentMode  stm32h7xx_ll_usb.o
    0x080090e2   0x080090e2   0x000000b2   Code   RO         5226    i.USB_StopHost      stm32h7xx_ll_usb.o
    0x08009194   0x08009194   0x00000030   Code   RO         6511    i.USB_USER_Init     notepad.o
    0x080091c4   0x080091c4   0x0000002c   Code   RO         5227    i.USB_WritePacket   stm32h7xx_ll_usb.o
    0x080091f0   0x080091f0   0x00000002   Code   RO          401    i.UsageFault_Handler  stm32h7xx_it.o
    0x080091f2   0x080091f2   0x0000002a   Code   RO         6340    i.W25QXX_Erase_Sector  w25qxx.o
    0x0800921c   0x0800921c   0x00000074   Code   RO         6341    i.W25QXX_Init       w25qxx.o
    0x08009290   0x08009290   0x00000040   Code   RO         6343    i.W25QXX_Qspi_Enable  w25qxx.o
    0x080092d0   0x080092d0   0x0000002a   Code   RO         6344    i.W25QXX_Read       w25qxx.o
    0x080092fa   0x080092fa   0x00000002   PAD
    0x080092fc   0x080092fc   0x00000048   Code   RO         6345    i.W25QXX_ReadID     w25qxx.o
    0x08009344   0x08009344   0x00000058   Code   RO         6346    i.W25QXX_ReadSR     w25qxx.o
    0x0800939c   0x0800939c   0x0000000e   Code   RO         6347    i.W25QXX_Wait_Busy  w25qxx.o
    0x080093aa   0x080093aa   0x00000002   PAD
    0x080093ac   0x080093ac   0x000000a4   Code   RO         6348    i.W25QXX_Write      w25qxx.o
    0x08009450   0x08009450   0x0000002c   Code   RO         6350    i.W25QXX_Write_Enable  w25qxx.o
    0x0800947c   0x0800947c   0x00000040   Code   RO         6351    i.W25QXX_Write_NoCheck  w25qxx.o
    0x080094bc   0x080094bc   0x00000034   Code   RO         6352    i.W25QXX_Write_Page  w25qxx.o
    0x080094f0   0x080094f0   0x00000050   Code   RO         6353    i.W25QXX_Write_SR   w25qxx.o
    0x08009540   0x08009540   0x00000030   Code   RO         9763    i.__ARM_fpclassify  m_wv.l(fpclassify.o)
    0x08009570   0x08009570   0x00000022   Code   RO         1050    i.__NVIC_SetPriority  stm32h7xx_hal_cortex.o
    0x08009592   0x08009592   0x00000006   PAD
    0x08009598   0x08009598   0x000000b0   Code   RO         9670    i.__hardfp_sin      m_wv.l(sin.o)
    0x08009648   0x08009648   0x00000310   Code   RO         9718    i.__ieee754_rem_pio2  m_wv.l(rred.o)
    0x08009958   0x08009958   0x000000e0   Code   RO         9701    i.__kernel_cos      m_wv.l(cos_i.o)
    0x08009a38   0x08009a38   0x00000070   Code   RO         9765    i.__kernel_poly     m_wv.l(poly.o)
    0x08009aa8   0x08009aa8   0x000000a8   Code   RO         9723    i.__kernel_sin      m_wv.l(sin_i.o)
    0x08009b50   0x08009b50   0x00000018   Code   RO         9707    i.__mathlib_dbl_invalid  m_wv.l(dunder.o)
    0x08009b68   0x08009b68   0x00000018   Code   RO         9710    i.__mathlib_dbl_underflow  m_wv.l(dunder.o)
    0x08009b80   0x08009b80   0x0000000e   Code   RO         9633    i._is_digit         c_w.l(__printf_wp.o)
    0x08009b8e   0x08009b8e   0x00000002   Code   RO          639    i._sys_exit         usart.o
    0x08009b90   0x08009b90   0x00000082   Code   RO         7180    i.change_bitmap     ff.o
    0x08009c12   0x08009c12   0x00000002   PAD
    0x08009c14   0x08009c14   0x000000f0   Code   RO            5    i.changepage_task   main.o
    0x08009d04   0x08009d04   0x0000008c   Code   RO         7181    i.check_fs          ff.o
    0x08009d90   0x08009d90   0x00000010   Code   RO         7182    i.chk_chr           ff.o
    0x08009da0   0x08009da0   0x00000032   Code   RO         7183    i.clmt_clust        ff.o
    0x08009dd2   0x08009dd2   0x00000018   Code   RO         7184    i.clst2sect         ff.o
    0x08009dea   0x08009dea   0x00000002   PAD
    0x08009dec   0x08009dec   0x00000080   Code   RO         7185    i.cmp_lfn           ff.o
    0x08009e6c   0x08009e6c   0x0000016c   Code   RO         7186    i.create_chain      ff.o
    0x08009fd8   0x08009fd8   0x00000228   Code   RO         7187    i.create_name       ff.o
    0x0800a200   0x0800a200   0x00000082   Code   RO         7188    i.create_xdir       ff.o
    0x0800a282   0x0800a282   0x00000010   Code   RO         7189    i.dbc_1st           ff.o
    0x0800a292   0x0800a292   0x00000002   PAD
    0x0800a294   0x0800a294   0x00000014   Code   RO            6    i.debugProcess_task  main.o
    0x0800a2a8   0x0800a2a8   0x00000034   Code   RO          535    i.delay_init        delay.o
    0x0800a2dc   0x0800a2dc   0x00000038   Code   RO          536    i.delay_ms          delay.o
    0x0800a314   0x0800a314   0x00000034   Code   RO          537    i.delay_us          delay.o
    0x0800a348   0x0800a348   0x00000058   Code   RO         7190    i.dir_alloc         ff.o
    0x0800a3a0   0x0800a3a0   0x000000ae   Code   RO         7191    i.dir_clear         ff.o
    0x0800a44e   0x0800a44e   0x00000146   Code   RO         7192    i.dir_find          ff.o
    0x0800a594   0x0800a594   0x000000c2   Code   RO         7193    i.dir_next          ff.o
    0x0800a656   0x0800a656   0x000000e4   Code   RO         7194    i.dir_read          ff.o
    0x0800a73a   0x0800a73a   0x00000002   PAD
    0x0800a73c   0x0800a73c   0x00000248   Code   RO         7195    i.dir_register      ff.o
    0x0800a984   0x0800a984   0x00000096   Code   RO         7197    i.dir_sdi           ff.o
    0x0800aa1a   0x0800aa1a   0x00000020   Code   RO         7132    i.disk_initialize   diskio.o
    0x0800aa3a   0x0800aa3a   0x00000044   Code   RO         7133    i.disk_ioctl        diskio.o
    0x0800aa7e   0x0800aa7e   0x0000004c   Code   RO         7134    i.disk_read         diskio.o
    0x0800aaca   0x0800aaca   0x00000004   Code   RO         7135    i.disk_status       diskio.o
    0x0800aace   0x0800aace   0x0000004c   Code   RO         7136    i.disk_write        diskio.o
    0x0800ab1a   0x0800ab1a   0x00000030   Code   RO         7045    i.exf_getfree       exfuns.o
    0x0800ab4a   0x0800ab4a   0x00000002   PAD
    0x0800ab4c   0x0800ab4c   0x00000064   Code   RO         7046    i.exfuns_init       exfuns.o
    0x0800abb0   0x0800abb0   0x0000001e   Code   RO         7198    i.f_close           ff.o
    0x0800abce   0x0800abce   0x00000112   Code   RO         7200    i.f_getfree         ff.o
    0x0800ace0   0x0800ace0   0x0000031a   Code   RO         7203    i.f_lseek           ff.o
    0x0800affa   0x0800affa   0x0000018a   Code   RO         7204    i.f_mkdir           ff.o
    0x0800b184   0x0800b184   0x00000048   Code   RO         7206    i.f_mount           ff.o
    0x0800b1cc   0x0800b1cc   0x000002a6   Code   RO         7207    i.f_open            ff.o
    0x0800b472   0x0800b472   0x00000168   Code   RO         7217    i.f_sync            ff.o
    0x0800b5da   0x0800b5da   0x000001da   Code   RO         7220    i.f_write           ff.o
    0x0800b7b4   0x0800b7b4   0x00000018   Code   RO         9759    i.fabs              m_wv.l(fabs.o)
    0x0800b7cc   0x0800b7cc   0x00000008   Code   RO         7634    i.ff_memalloc       ffsystem.o
    0x0800b7d4   0x0800b7d4   0x00000008   Code   RO         7635    i.ff_memfree        ffsystem.o
    0x0800b7dc   0x0800b7dc   0x00000070   Code   RO         7670    i.ff_oem2uni        myffunicode.o
    0x0800b84c   0x0800b84c   0x00000070   Code   RO         7671    i.ff_uni2oem        myffunicode.o
    0x0800b8bc   0x0800b8bc   0x00000088   Code   RO         7672    i.ff_wtoupper       myffunicode.o
    0x0800b944   0x0800b944   0x0000002e   Code   RO         7221    i.fill_first_frag   ff.o
    0x0800b972   0x0800b972   0x00000032   Code   RO         7222    i.fill_last_frag    ff.o
    0x0800b9a4   0x0800b9a4   0x0000008c   Code   RO         7223    i.find_bitmap       ff.o
    0x0800ba30   0x0800ba30   0x0000036c   Code   RO         7224    i.find_volume       ff.o
    0x0800bd9c   0x0800bd9c   0x0000009c   Code   RO         7225    i.follow_path       ff.o
    0x0800be38   0x0800be38   0x00000014   Code   RO          640    i.fputc             usart.o
    0x0800be4c   0x0800be4c   0x00000090   Code   RO         7226    i.gen_numname       ff.o
    0x0800bedc   0x0800bedc   0x0000013c   Code   RO         7227    i.get_fat           ff.o
    0x0800c018   0x0800c018   0x00000004   Code   RO         7636    i.get_fattime       ffsystem.o
    0x0800c01c   0x0800c01c   0x00000038   Code   RO         7229    i.get_ldnumber      ff.o
    0x0800c054   0x0800c054   0x0000002e   Code   RO         7231    i.init_alloc_info   ff.o
    0x0800c082   0x0800c082   0x00000026   Code   RO         7232    i.ld_clust          ff.o
    0x0800c0a8   0x0800c0a8   0x00000016   Code   RO         7233    i.ld_dword          ff.o
    0x0800c0be   0x0800c0be   0x00000058   Code   RO         7234    i.ld_qword          ff.o
    0x0800c116   0x0800c116   0x0000000a   Code   RO         7235    i.ld_word           ff.o
    0x0800c120   0x0800c120   0x0000003a   Code   RO         7236    i.load_obj_xdir     ff.o
    0x0800c15a   0x0800c15a   0x000000d0   Code   RO         7237    i.load_xdir         ff.o
    0x0800c22a   0x0800c22a   0x00000002   PAD
    0x0800c22c   0x0800c22c   0x000000ac   Code   RO            7    i.main              main.o
    0x0800c2d8   0x0800c2d8   0x0000001c   Code   RO         7238    i.mem_cmp           ff.o
    0x0800c2f4   0x0800c2f4   0x00000012   Code   RO         7239    i.mem_cpy           ff.o
    0x0800c306   0x0800c306   0x00000002   PAD
    0x0800c308   0x0800c308   0x0000000e   Code   RO         7240    i.mem_set           ff.o
    0x0800c316   0x0800c316   0x00000032   Code   RO         7241    i.move_window       ff.o
    0x0800c348   0x0800c348   0x00000058   Code   RO         6959    i.my_mem_free       malloc.o
    0x0800c3a0   0x0800c3a0   0x0000002c   Code   RO         6960    i.my_mem_init       malloc.o
    0x0800c3cc   0x0800c3cc   0x00000088   Code   RO         6961    i.my_mem_malloc     malloc.o
    0x0800c454   0x0800c454   0x0000003c   Code   RO         6962    i.my_mem_perused    malloc.o
    0x0800c490   0x0800c490   0x00000018   Code   RO         6963    i.myfree            malloc.o
    0x0800c4a8   0x0800c4a8   0x00000020   Code   RO         6964    i.mymalloc          malloc.o
    0x0800c4c8   0x0800c4c8   0x00000012   Code   RO         6965    i.mymemcpy          malloc.o
    0x0800c4da   0x0800c4da   0x00000002   PAD
    0x0800c4dc   0x0800c4dc   0x0000000e   Code   RO         6966    i.mymemset          malloc.o
    0x0800c4ea   0x0800c4ea   0x00000002   PAD
    0x0800c4ec   0x0800c4ec   0x00000134   Code   RO         6512    i.noteWrite         notepad.o
    0x0800c620   0x0800c620   0x000001f4   Code   RO            8    i.pagedataProcess_task  main.o
    0x0800c814   0x0800c814   0x00000074   Code   RO         7242    i.pick_lfn          ff.o
    0x0800c888   0x0800c888   0x00000070   Code   RO         8967    i.prvAddCurrentTaskToDelayedList  tasks.o
    0x0800c8f8   0x0800c8f8   0x000000d0   Code   RO         8968    i.prvAddNewTaskToReadyList  tasks.o
    0x0800c9c8   0x0800c9c8   0x00000050   Code   RO         9324    i.prvCheckForValidListAndQueue  timers.o
    0x0800ca18   0x0800ca18   0x00000050   Code   RO         8969    i.prvCheckTasksWaitingTermination  tasks.o
    0x0800ca68   0x0800ca68   0x00000026   Code   RO         8737    i.prvCopyDataFromQueue  queue.o
    0x0800ca8e   0x0800ca8e   0x0000006c   Code   RO         8738    i.prvCopyDataToQueue  queue.o
    0x0800cafa   0x0800cafa   0x00000014   Code   RO         8970    i.prvDeleteTCB      tasks.o
    0x0800cb0e   0x0800cb0e   0x00000002   PAD
    0x0800cb10   0x0800cb10   0x00000050   Code   RO         9545    i.prvHeapInit       heap_4.o
    0x0800cb60   0x0800cb60   0x00000028   Code   RO         8971    i.prvIdleTask       tasks.o
    0x0800cb88   0x0800cb88   0x000000c0   Code   RO         8972    i.prvInitialiseNewTask  tasks.o
    0x0800cc48   0x0800cc48   0x0000004c   Code   RO         9546    i.prvInsertBlockIntoFreeList  heap_4.o
    0x0800cc94   0x0800cc94   0x0000003c   Code   RO         9325    i.prvInsertTimerInActiveList  timers.o
    0x0800ccd0   0x0800ccd0   0x0000001c   Code   RO         8739    i.prvIsQueueEmpty   queue.o
    0x0800ccec   0x0800ccec   0x00000090   Code   RO         8740    i.prvNotifyQueueSetContainer  queue.o
    0x0800cd7c   0x0800cd7c   0x00000060   Code   RO         9326    i.prvProcessExpiredTimer  timers.o
    0x0800cddc   0x0800cddc   0x000000f0   Code   RO         9327    i.prvProcessReceivedCommands  timers.o
    0x0800cecc   0x0800cecc   0x0000006c   Code   RO         9328    i.prvProcessTimerOrBlockTask  timers.o
    0x0800cf38   0x0800cf38   0x00000020   Code   RO         8974    i.prvResetNextTaskUnblockTime  tasks.o
    0x0800cf58   0x0800cf58   0x00000028   Code   RO         9329    i.prvSampleTimeNow  timers.o
    0x0800cf80   0x0800cf80   0x0000006c   Code   RO         9330    i.prvSwitchTimerLists  timers.o
    0x0800cfec   0x0800cfec   0x0000006c   Code   RO         9457    i.prvTaskExitError  port.o
    0x0800d058   0x0800d058   0x00000024   Code   RO         9331    i.prvTimerTask      timers.o
    0x0800d07c   0x0800d07c   0x00000078   Code   RO         8741    i.prvUnlockQueue    queue.o
    0x0800d0f4   0x0800d0f4   0x00000100   Code   RO         7243    i.put_fat           ff.o
    0x0800d1f4   0x0800d1f4   0x00000114   Code   RO         9547    i.pvPortMalloc      heap_4.o
    0x0800d308   0x0800d308   0x00000018   Code   RO         8976    i.pvTaskIncrementMutexHeldCount  tasks.o
    0x0800d320   0x0800d320   0x00000030   Code   RO         9458    i.pxPortInitialiseStack  port.o
    0x0800d350   0x0800d350   0x00000106   Code   RO         7248    i.remove_chain      ff.o
    0x0800d456   0x0800d456   0x00000028   Code   RO         7249    i.st_clust          ff.o
    0x0800d47e   0x0800d47e   0x00000010   Code   RO         7250    i.st_dword          ff.o
    0x0800d48e   0x0800d48e   0x0000004a   Code   RO         7251    i.st_qword          ff.o
    0x0800d4d8   0x0800d4d8   0x00000008   Code   RO         7252    i.st_word           ff.o
    0x0800d4e0   0x0800d4e0   0x0000011c   Code   RO            9    i.start_task        main.o
    0x0800d5fc   0x0800d5fc   0x0000006a   Code   RO         7253    i.store_xdir        ff.o
    0x0800d666   0x0800d666   0x0000001c   Code   RO         7254    i.sum_sfn           ff.o
    0x0800d682   0x0800d682   0x00000002   PAD
    0x0800d684   0x0800d684   0x00000088   Code   RO         7255    i.sync_fs           ff.o
    0x0800d70c   0x0800d70c   0x00000046   Code   RO         7256    i.sync_window       ff.o
    0x0800d752   0x0800d752   0x0000004e   Code   RO         7257    i.tchar2uni         ff.o
    0x0800d7a0   0x0800d7a0   0x00000154   Code   RO          641    i.uart_init         usart.o
    0x0800d8f4   0x0800d8f4   0x00000018   Code   RO           10    i.usart1Process_task  main.o
    0x0800d90c   0x0800d90c   0x00000024   Code   RO         8688    i.uxListRemove      list.o
    0x0800d930   0x0800d930   0x00000016   Code   RO         8689    i.vListInitialise   list.o
    0x0800d946   0x0800d946   0x00000006   Code   RO         8690    i.vListInitialiseItem  list.o
    0x0800d94c   0x0800d94c   0x00000030   Code   RO         8691    i.vListInsert       list.o
    0x0800d97c   0x0800d97c   0x00000018   Code   RO         8692    i.vListInsertEnd    list.o
    0x0800d994   0x0800d994   0x00000080   Code   RO         9460    i.vPortEnterCritical  port.o
    0x0800da14   0x0800da14   0x00000068   Code   RO         9461    i.vPortExitCritical  port.o
    0x0800da7c   0x0800da7c   0x0000009c   Code   RO         9548    i.vPortFree         heap_4.o
    0x0800db18   0x0800db18   0x00000020   Code   RO         9462    i.vPortSetupTimerInterrupt  port.o
    0x0800db38   0x0800db38   0x00000090   Code   RO         9463    i.vPortValidateInterruptPriority  port.o
    0x0800dbc8   0x0800dbc8   0x00000028   Code   RO         8747    i.vQueueAddToRegistry  queue.o
    0x0800dbf0   0x0800dbf0   0x00000044   Code   RO         8751    i.vQueueWaitForMessageRestricted  queue.o
    0x0800dc34   0x0800dc34   0x0000006c   Code   RO         8984    i.vTaskDelay        tasks.o
    0x0800dca0   0x0800dca0   0x000000cc   Code   RO         8986    i.vTaskDelete       tasks.o
    0x0800dd6c   0x0800dd6c   0x0000000c   Code   RO         8990    i.vTaskMissedYield  tasks.o
    0x0800dd78   0x0800dd78   0x00000054   Code   RO         8992    i.vTaskPlaceOnEventList  tasks.o
    0x0800ddcc   0x0800ddcc   0x0000005c   Code   RO         8993    i.vTaskPlaceOnEventListRestricted  tasks.o
    0x0800de28   0x0800de28   0x00000088   Code   RO         8995    i.vTaskPriorityInherit  tasks.o
    0x0800deb0   0x0800deb0   0x00000048   Code   RO         8999    i.vTaskSetTimeOutState  tasks.o
    0x0800def8   0x0800def8   0x0000009c   Code   RO         9000    i.vTaskStartScheduler  tasks.o
    0x0800df94   0x0800df94   0x00000010   Code   RO         9002    i.vTaskSuspendAll   tasks.o
    0x0800dfa4   0x0800dfa4   0x0000007c   Code   RO         9003    i.vTaskSwitchContext  tasks.o
    0x0800e020   0x0800e020   0x00000034   Code   RO         7258    i.validate          ff.o
    0x0800e054   0x0800e054   0x00000064   Code   RO         8570    i.xEventGroupClearBits  event_groups.o
    0x0800e0b8   0x0800e0b8   0x0000001a   Code   RO         8572    i.xEventGroupCreate  event_groups.o
    0x0800e0d2   0x0800e0d2   0x00000002   PAD
    0x0800e0d4   0x0800e0d4   0x000000b4   Code   RO         8574    i.xEventGroupSetBits  event_groups.o
    0x0800e188   0x0800e188   0x000000e0   Code   RO         9464    i.xPortStartScheduler  port.o
    0x0800e268   0x0800e268   0x00000030   Code   RO         9465    i.xPortSysTickHandler  port.o
    0x0800e298   0x0800e298   0x00000078   Code   RO         8756    i.xQueueGenericCreate  queue.o
    0x0800e310   0x0800e310   0x00000188   Code   RO         8757    i.xQueueGenericReceive  queue.o
    0x0800e498   0x0800e498   0x000000b4   Code   RO         8758    i.xQueueGenericReset  queue.o
    0x0800e54c   0x0800e54c   0x00000180   Code   RO         8759    i.xQueueGenericSend  queue.o
    0x0800e6cc   0x0800e6cc   0x000000e8   Code   RO         8760    i.xQueueGenericSendFromISR  queue.o
    0x0800e7b4   0x0800e7b4   0x000000cc   Code   RO         8761    i.xQueueGiveFromISR  queue.o
    0x0800e880   0x0800e880   0x00000088   Code   RO         9004    i.xTaskCheckForTimeOut  tasks.o
    0x0800e908   0x0800e908   0x00000056   Code   RO         9005    i.xTaskCreate       tasks.o
    0x0800e95e   0x0800e95e   0x00000002   PAD
    0x0800e960   0x0800e960   0x0000001c   Code   RO         9009    i.xTaskGetSchedulerState  tasks.o
    0x0800e97c   0x0800e97c   0x0000000c   Code   RO         9010    i.xTaskGetTickCount  tasks.o
    0x0800e988   0x0800e988   0x000000e8   Code   RO         9012    i.xTaskIncrementTick  tasks.o
    0x0800ea70   0x0800ea70   0x000000b8   Code   RO         9015    i.xTaskPriorityDisinherit  tasks.o
    0x0800eb28   0x0800eb28   0x00000098   Code   RO         9016    i.xTaskRemoveFromEventList  tasks.o
    0x0800ebc0   0x0800ebc0   0x0000009c   Code   RO         9017    i.xTaskRemoveFromUnorderedEventList  tasks.o
    0x0800ec5c   0x0800ec5c   0x000000e8   Code   RO         9018    i.xTaskResumeAll    tasks.o
    0x0800ed44   0x0800ed44   0x00000074   Code   RO         9334    i.xTimerCreate      timers.o
    0x0800edb8   0x0800edb8   0x00000074   Code   RO         9335    i.xTimerCreateTimerTask  timers.o
    0x0800ee2c   0x0800ee2c   0x00000090   Code   RO         9336    i.xTimerGenericCommand  timers.o
    0x0800eebc   0x0800eebc   0x00000034   Code   RO         7259    i.xdir_sum          ff.o
    0x0800eef0   0x0800eef0   0x0000003e   Code   RO         7260    i.xname_sum         ff.o
    0x0800ef2e   0x0800ef2e   0x0000000a   Code   RO         9850    x$fpl$fpinit        fz_wv.l(fpinit.o)
    0x0800ef38   0x0800ef38   0x00000000   Code   RO         9700    x$fpl$usenofp       fz_wv.l(usenofp.o)
    0x0800ef38   0x0800ef38   0x00000010   Data   RO          461    .constdata          system_stm32h7xx.o
    0x0800ef48   0x0800ef48   0x00000008   Data   RO         1179    .constdata          stm32h7xx_hal_dma.o
    0x0800ef50   0x0800ef50   0x00000018   Data   RO         2106    .constdata          stm32h7xx_hal_uart.o
    0x0800ef68   0x0800ef68   0x00000014   Data   RO         6618    .constdata          dwin.o
    0x0800ef7c   0x0800ef7c   0x00000018   Data   RO         6972    .constdata          malloc.o
    0x0800ef94   0x0800ef94   0x0000003c   Data   RO         7263    .constdata          ff.o
    0x0800efd0   0x0800efd0   0x000002ae   Data   RO         7673    .constdata          myffunicode.o
    0x0800f27e   0x0800f27e   0x00000011   Data   RO         9636    .constdata          c_w.l(__printf_flags_wp.o)
    0x0800f28f   0x0800f28f   0x00000001   PAD
    0x0800f290   0x0800f290   0x00000030   Data   RO         9702    .constdata          m_wv.l(cos_i.o)
    0x0800f2c0   0x0800f2c0   0x000000c8   Data   RO         9720    .constdata          m_wv.l(rred.o)
    0x0800f388   0x0800f388   0x00000028   Data   RO         9724    .constdata          m_wv.l(sin_i.o)
    0x0800f3b0   0x0800f3b0   0x0000004d   Data   RO         6619    .conststring        dwin.o
    0x0800f3fd   0x0800f3fd   0x00000003   PAD
    0x0800f400   0x0800f400   0x00000004   Data   RO         7776    .conststring        usbh_msc.o
    0x0800f404   0x0800f404   0x00000020   Data   RO         9906    Region$$Table       anon$$obj.o


    Execution Region RW_IRAM2 (Exec base: 0x24000000, Load base: 0x0800f424, Size: 0x0003c5d0, Max: 0x00080000, ABSOLUTE, COMPRESSED[0x0000016c])

    Exec Addr    Load Addr    Size         Type   Attr      Idx    E Section Name        Object

    0x24000000   COMPRESSED   0x0000001c   Data   RW           13    .data               main.o
    0x2400001c   COMPRESSED   0x00000004   Data   RW          462    .data               system_stm32h7xx.o
    0x24000020   COMPRESSED   0x00000004   Data   RW          463    .data               system_stm32h7xx.o
    0x24000024   COMPRESSED   0x00000008   Data   RW          539    .data               delay.o
    0x2400002c   COMPRESSED   0x00000008   Data   RW          643    .data               usart.o
    0x24000034   COMPRESSED   0x00000004   Data   RW          644    .data               usart.o
    0x24000038   COMPRESSED   0x0000000c   Data   RW          768    .data               stm32h7xx_hal.o
    0x24000044   COMPRESSED   0x00000004   Data   RW         6355    .data               w25qxx.o
    0x24000048   COMPRESSED   0x00000004   Data   RW         6558    .data               rtc.o
    0x2400004c   COMPRESSED   0x00000208   Data   RW         6620    .data               dwin.o
    0x24000254   COMPRESSED   0x00000008   Data   RW         6728    .data               rs232.o
    0x2400025c   COMPRESSED   0x00000008   Data   RW         6839    .data               rs485.o
    0x24000264   COMPRESSED   0x0000001c   Data   RW         6973    .data               malloc.o
    0x24000280   COMPRESSED   0x0000000c   Data   RW         7053    .data               exfuns.o
    0x2400028c   COMPRESSED   0x00000002   Data   RW         7265    .data               ff.o
    0x2400028e   COMPRESSED   0x00000002   PAD
    0x24000290   COMPRESSED   0x00000020   Data   RW         7777    .data               usbh_msc.o
    0x240002b0   COMPRESSED   0x00000008   Data   RW         8282    .data               timer.o
    0x240002b8   COMPRESSED   0x0000003c   Data   RW         9021    .data               tasks.o
    0x240002f4   COMPRESSED   0x00000014   Data   RW         9344    .data               timers.o
    0x24000308   COMPRESSED   0x0000000c   Data   RW         9466    .data               port.o
    0x24000314   COMPRESSED   0x00000018   Data   RW         9553    .data               heap_4.o
    0x2400032c        -       0x0000003c   Zero   RW           11    .bss                main.o
    0x24000368        -       0x000030d0   Zero   RW          642    .bss                usart.o
    0x24003438        -       0x00000034   Zero   RW         6123    .bss                sdram.o
    0x2400346c        -       0x00001000   Zero   RW         6354    .bss                w25qxx.o
    0x2400446c        -       0x0000004c   Zero   RW         6461    .bss                qspi.o
    0x240044b8        -       0x000002c8   Zero   RW         6513    .bss                notepad.o
    0x24004780        -       0x00000024   Zero   RW         6556    .bss                rtc.o
    0x240047a4        -       0x00000014   Zero   RW         6557    .bss                rtc.o
    0x240047b8        -       0x000000f0   Zero   RW         6616    .bss                dwin.o
    0x240048a8        -       0x00000194   Zero   RW         6727    .bss                rs232.o
    0x24004a3c        -       0x00000010   Zero   RW         6791    .bss                rng.o
    0x24004a4c        -       0x00000278   Zero   RW         6838    .bss                rs485.o
    0x24004cc4   COMPRESSED   0x0000003c   PAD
    0x24004d00        -       0x00028000   Zero   RW         6970    .bss                malloc.o
    0x2402cd00        -       0x00002800   Zero   RW         6971    .bss                malloc.o
    0x2402f500        -       0x00000010   Zero   RW         7048    .bss                exfuns.o
    0x2402f510        -       0x00000010   Zero   RW         7262    .bss                ff.o
    0x2402f520        -       0x00000029   Zero   RW         7715    .bss                fontupd.o
    0x2402f549   COMPRESSED   0x00000003   PAD
    0x2402f54c        -       0x00000040   Zero   RW         8280    .bss                timer.o
    0x2402f58c        -       0x00000298   Zero   RW         8356    .bss                usbh_conf.o
    0x2402f824        -       0x00000040   Zero   RW         8771    .bss                queue.o
    0x2402f864        -       0x000002e4   Zero   RW         9020    .bss                tasks.o
    0x2402fb48        -       0x00000028   Zero   RW         9343    .bss                timers.o
    0x2402fb70        -       0x0000b800   Zero   RW         9552    .bss                heap_4.o
    0x2403b370        -       0x00000060   Zero   RW         9768    .bss                c_w.l(libspace.o)
    0x2403b3d0        -       0x00000200   Zero   RW          525    HEAP                startup_stm32h743xx.o
    0x2403b5d0        -       0x00001000   Zero   RW          524    STACK               startup_stm32h743xx.o



  Load Region LR$$.ARM.__AT_0x20000000 (Base: 0x20000000, Size: 0x00000000, Max: 0x0000f000, ABSOLUTE)

    Execution Region ER$$.ARM.__AT_0x20000000 (Exec base: 0x20000000, Load base: 0x20000000, Size: 0x0000f000, Max: 0x0000f000, ABSOLUTE, UNINIT)

    Exec Addr    Load Addr    Size         Type   Attr      Idx    E Section Name        Object

    0x20000000        -       0x0000f000   Zero   RW         6968    .ARM.__AT_0x20000000  malloc.o



  Load Region LR$$.ARM.__AT_0x2000F000 (Base: 0x2000f000, Size: 0x00000000, Max: 0x00000f00, ABSOLUTE)

    Execution Region ER$$.ARM.__AT_0x2000F000 (Exec base: 0x2000f000, Load base: 0x2000f000, Size: 0x00000f00, Max: 0x00000f00, ABSOLUTE, UNINIT)

    Exec Addr    Load Addr    Size         Type   Attr      Idx    E Section Name        Object

    0x2000f000        -       0x00000f00   Zero   RW         6969    .ARM.__AT_0x2000F000  malloc.o


==============================================================================

Image component sizes


      Code (inc. data)   RO Data    RW Data    ZI Data      Debug   Object Name

       128          0          0          0          0       1341   24cxx.o
       182         12          0          8          0       2569   delay.o
       256          0          0          0          0       4122   diskio.o
      2348        160         97        520        240      11973   dwin.o
       306         88          0          0          0      13140   event_groups.o
       148          8          0         12         16       2561   exfuns.o
     10090        106         60          2         16      77392   ff.o
        20          0          0          0          0       1529   ffsystem.o
         0          0          0          0         41       1463   fontupd.o
       588        138          0         24      47104       4059   heap_4.o
        76          8          0          0          0        875   led.o
       136          0          0          0          0       3210   list.o
      1952        314          0         28         60    1327694   main.o
       416         46         24         28     239360       7044   malloc.o
       274         10          0          0          0       9414   mpu.o
       360         30        686          0          0       3224   myffunicode.o
       712         40          0          0          0       5074   myiic.o
       428         94          0          0        712       2804   notepad.o
       196          8          0          0          0       2921   pcf8574.o
      1022        400          0         12          0      10873   port.o
       348         40          0          0         76       3777   qspi.o
      2058        276          0          0         64      14689   queue.o
       156         18          0          0         16       2429   rng.o
       756         72          0          8        404       5035   rs232.o
       692         56          0          8        632       4356   rs485.o
       260         24          0          4         56       3457   rtc.o
       476         44          0          0         52       3454   sdram.o
        64         26        664          0       4608        836   startup_stm32h743xx.o
       188         32          0         12          0       5255   stm32h7xx_hal.o
       314         18          0          0          0      40060   stm32h7xx_hal_cortex.o
      2316        120          8          0          0      12010   stm32h7xx_hal_dma.o
       528         50          0          0          0       3956   stm32h7xx_hal_gpio.o
      2236          6          0          0          0      13665   stm32h7xx_hal_hcd.o
         2          0          0          0          0        450   stm32h7xx_hal_msp.o
        16          4          0          0          0        551   stm32h7xx_hal_pwr.o
        16          4          0          0          0        581   stm32h7xx_hal_pwr_ex.o
      1378         10          0          0          0       7240   stm32h7xx_hal_qspi.o
      2128         82          0          0          0       6488   stm32h7xx_hal_rcc.o
      3548        114          0          0          0       8255   stm32h7xx_hal_rcc_ex.o
       214          0          0          0          0       3279   stm32h7xx_hal_rng.o
       964         26          0          0          0       7636   stm32h7xx_hal_rtc.o
        20          0          0          0          0       1739   stm32h7xx_hal_rtc_ex.o
       162          4          0          0          0       2764   stm32h7xx_hal_sdram.o
       664         34          0          0          0       6669   stm32h7xx_hal_tim.o
         4          0          0          0          0       1766   stm32h7xx_hal_tim_ex.o
      3028        150         24          0          0      40357   stm32h7xx_hal_uart.o
         2          0          0          0          0       1024   stm32h7xx_hal_uart_ex.o
        12          0          0          0          0       2717   stm32h7xx_it.o
       278          6          0          0          0       3420   stm32h7xx_ll_fmc.o
      2022         64          0          0          0      17467   stm32h7xx_ll_usb.o
       316         18          0          0          0      36493   sys.o
       136         18         16          8          0       1298   system_stm32h7xx.o
      2930        714          0         60        740      30795   tasks.o
       168         38          0          8         64       3705   timer.o
      1144        260          0         20         40      10026   timers.o
       690         62          0         12      12496      40648   usart.o
       498         38          0          0        664      12461   usbh_conf.o
       992         20          0          0          0       9464   usbh_core.o
      1076         12          0          0          0       9864   usbh_ctlreq.o
       296         14          0          0          0       3427   usbh_diskio.o
       172          0          0          0          0       4280   usbh_ioreq.o
      1636         10          4         32          0       9906   usbh_msc.o
       594         24          0          0          0       4777   usbh_msc_bot.o
       812          0          0          0          0       6311   usbh_msc_scsi.o
       106          0          0          0          0       3302   usbh_pipes.o
       842         40          0          4       4096       8704   w25qxx.o

    ----------------------------------------------------------------------
     56968       4010       1618        812     311620    1914125   Object Totals
         0          0         32          0          0          0   (incl. Generated)
        72          0          3          2         63          0   (incl. Padding)

    ----------------------------------------------------------------------

      Code (inc. data)   RO Data    RW Data    ZI Data      Debug   Library Member Name

        90          0          0          0          0          0   __dczerorl2.o
         8          0          0          0          0         68   __main.o
       312          4         17          0          0         92   __printf_flags_wp.o
        14          0          0          0          0         68   __printf_wp.o
         0          0          0          0          0          0   __rtentry.o
        12          0          0          0          0          0   __rtentry2.o
         6          0          0          0          0          0   __rtentry4.o
        52          8          0          0          0          0   __scatter.o
        28          0          0          0          0          0   __scatter_zi.o
        44          0          0          0          0        108   _printf_char.o
        48          6          0          0          0         96   _printf_char_common.o
        36          4          0          0          0         80   _printf_char_file.o
         6          0          0          0          0          0   _printf_d.o
       120         16          0          0          0         92   _printf_dec.o
       178          0          0          0          0         88   _printf_intcommon.o
        78          0          0          0          0        108   _printf_pad.o
         0          0          0          0          0          0   _printf_percent.o
         4          0          0          0          0          0   _printf_percent_end.o
         6          0          0          0          0          0   _printf_s.o
        82          0          0          0          0         80   _printf_str.o
        22          0          0          0          0        100   _rserrno.o
        10          0          0          0          0         68   _sputc.o
        16          0          0          0          0         68   aeabi_memset.o
        18          0          0          0          0         80   exit.o
         8          0          0          0          0         68   ferror.o
         6          0          0          0          0        152   heapauxi.o
         2          0          0          0          0          0   libinit.o
         6          0          0          0          0          0   libinit2.o
         2          0          0          0          0          0   libshutdown.o
         2          0          0          0          0          0   libshutdown2.o
         8          4          0          0         96         68   libspace.o
       238          0          0          0          0        100   lludivv7m.o
        24          4          0          0          0         84   noretval__2printf.o
        40          6          0          0          0         84   noretval__2sprintf.o
         8          4          0          0          0         68   rt_errno_addr_intlibspace.o
        68          0          0          0          0         68   rt_memclr.o
        78          0          0          0          0         80   rt_memclr_w.o
       138          0          0          0          0         68   rt_memcpy_v6.o
       100          0          0          0          0         80   rt_memcpy_w.o
         2          0          0          0          0          0   rtexit.o
        10          0          0          0          0          0   rtexit2.o
        74          0          0          0          0         80   sys_stackheap_outer.o
        10          0          0          0          0        116   fpinit.o
         0          0          0          0          0          0   usenofp.o
       224         42         48          0          0        184   cos_i.o
        48         28          0          0          0        232   dunder.o
        24          0          0          0          0        124   fabs.o
        48          0          0          0          0        124   fpclassify.o
       112          0          0          0          0        116   poly.o
       784        138        200          0          0        172   rred.o
       176         18          0          0          0        160   sin.o
       168         24         40          0          0        196   sin_i.o

    ----------------------------------------------------------------------
      3608        306        306          0         96       3620   Library Totals
        10          0          1          0          0          0   (incl. Padding)

    ----------------------------------------------------------------------

      Code (inc. data)   RO Data    RW Data    ZI Data      Debug   Library Name

      2004         56         17          0         96       2196   c_w.l
        10          0          0          0          0        116   fz_wv.l
      1584        250        288          0          0       1308   m_wv.l

    ----------------------------------------------------------------------
      3608        306        306          0         96       3620   Library Totals

    ----------------------------------------------------------------------

==============================================================================


      Code (inc. data)   RO Data    RW Data    ZI Data      Debug   

     60576       4316       1924        812     311716    1868901   Grand Totals
     60576       4316       1924        364     311716    1868901   ELF Image Totals (compressed)
     60576       4316       1924        364          0          0   ROM Totals

==============================================================================

    Total RO  Size (Code + RO Data)                62500 (  61.04kB)
    Total RW  Size (RW Data + ZI Data)            312528 ( 305.20kB)
    Total ROM Size (Code + RO Data + RW Data)      62864 (  61.39kB)

==============================================================================

